2026-08-07 16:15:01,777 - __main__ - INFO - 运行所有爬虫
2026-08-07 16:15:01,777 - scrapers.jandan_scraper - INFO - JandanScraper初始化完成
2026-08-07 16:15:01,777 - scrapers.base_scraper - INFO - 开始爬取 煎蛋网
2026-08-07 16:15:01,777 - scrapers.jandan_scraper - INFO - 开始爬取煎蛋热评
2026-08-07 16:15:04,491 - scrapers.jandan_scraper - INFO - 成功获取HTML内容，长度: 38343
2026-08-07 16:15:04,491 - scrapers.jandan_scraper - INFO - 调试: 手动获取评论 5877984 的吐槽数据
2026-08-07 16:15:04,491 - scrapers.jandan_scraper - INFO - 获取评论 5877984 的吐槽内容: https://jandan.net/api/tucao/list/5877984
2026-08-07 16:15:06,614 - scrapers.jandan_scraper - INFO - 评论 5877984 获取到 0 条热门吐槽, 0 条普通吐槽
2026-08-07 16:15:06,614 - scrapers.jandan_scraper - INFO - 调试: 评论 5877984 获取到 0 条热门吐槽, 0 条普通吐槽
2026-08-07 16:15:06,614 - scrapers.jandan_scraper - INFO - 开始解析页面中的评论
2026-08-07 16:15:06,614 - scrapers.jandan_scraper - INFO - 开始解析HTML内容, 长度: 38343
2026-08-07 16:15:06,624 - scrapers.jandan_scraper - INFO - 找到 0 条热门评论
2026-08-07 16:15:06,624 - scrapers.jandan_scraper - INFO - 解析完成，获取到 0 条评论
2026-08-07 16:15:06,624 - scrapers.jandan_scraper - INFO - 开始转换评论为统一格式
2026-08-07 16:15:06,624 - scrapers.jandan_scraper - INFO - 开始转换 0 条评论到统一格式
2026-08-07 16:15:06,624 - scrapers.jandan_scraper - INFO - 共转换 0 条评论为统一格式
2026-08-07 16:15:06,624 - scrapers.jandan_scraper - INFO - 爬取完成，共获取 0 条热评
2026-08-07 16:15:06,624 - scrapers.base_scraper - ERROR - 爬取 煎蛋网 失败
2026-08-07 16:15:06,624 - scrapers.reddit_scraper - INFO - RedditScraper初始化完成
2026-08-07 16:15:06,625 - scrapers.base_scraper - INFO - 开始爬取 Reddit
2026-08-07 16:15:06,625 - scrapers.reddit_scraper - INFO - 开始爬取Reddit r/confessions每周热门帖子
2026-08-07 16:15:08,679 - utils.http_utils - ERROR - 请求失败: https://www.reddit.com/r/confessions/top/.json?t=week&limit=10, 错误: 403 Client Error: Blocked for url: https://www.reddit.com/r/confessions/top/.json?t=week&limit=10
2026-08-07 16:15:08,680 - scrapers.reddit_scraper - ERROR - 获取API数据失败: 403 Client Error: Blocked for url: https://www.reddit.com/r/confessions/top/.json?t=week&limit=10
2026-08-07 16:15:08,680 - scrapers.base_scraper - ERROR - 爬取 Reddit 失败
2026-08-07 16:15:08,680 - scrapers.hackernews_scraper - INFO - HackerNewsScraper初始化完成
2026-08-07 16:15:08,680 - scrapers.base_scraper - INFO - 开始爬取 Hacker News
2026-08-07 16:15:08,680 - scrapers.hackernews_scraper - INFO - 开始爬取Hacker News Ask HN帖子
2026-08-07 16:15:08,680 - scrapers.hackernews_scraper - INFO - 获取Ask HN页面: https://news.ycombinator.com/ask
2026-08-07 16:15:11,070 - scrapers.hackernews_scraper - INFO - 找到 13 个帖子行
2026-08-07 16:15:11,071 - scrapers.hackernews_scraper - INFO - 成功解析故事: Ask HN: What is a good advice ..., 作者=vanessa1211, 点赞=4, 评论=0
2026-08-07 16:15:11,071 - scrapers.hackernews_scraper - INFO - 成功解析故事: Ask HN: Who wants to be hired?..., 作者=whoishiring, 点赞=157, 评论=0
2026-08-07 16:15:11,072 - scrapers.hackernews_scraper - INFO - 成功解析故事: Ask HN: Who is hiring? (August..., 作者=whoishiring, 点赞=228, 评论=0
2026-08-07 16:15:11,072 - scrapers.hackernews_scraper - INFO - 成功解析故事: Ask HN: Did GitHub remove the ..., 作者=reconnecting, 点赞=24, 评论=0
2026-08-07 16:15:11,073 - scrapers.hackernews_scraper - INFO - 成功解析故事: Ask HN: Show your micro-SaaS /..., 作者=genekrapivin, 点赞=11, 评论=0
2026-08-07 16:15:11,073 - scrapers.hackernews_scraper - INFO - 成功解析 5 个Ask HN故事
2026-08-07 16:15:11,073 - scrapers.hackernews_scraper - INFO - 开始转换 5 个故事到统一格式
2026-08-07 16:15:11,073 - scrapers.hackernews_scraper - INFO - 转换第 1/5 个故事: Ask HN: What is a good advice ...
2026-08-07 16:15:12,885 - scrapers.hackernews_scraper - INFO - 找到 2 条评论
2026-08-07 16:15:12,887 - scrapers.hackernews_scraper - INFO - 故事 Ask HN: What is a good advice ... 转换完成，包含 2 条评论
2026-08-07 16:15:12,887 - scrapers.hackernews_scraper - INFO - 转换第 2/5 个故事: Ask HN: Who wants to be hired?...
2026-08-07 16:15:16,095 - scrapers.hackernews_scraper - INFO - 找到 492 条评论
2026-08-07 16:15:18,325 - scrapers.hackernews_scraper - INFO - 故事 Ask HN: Who wants to be hired?... 转换完成，包含 100 条评论
2026-08-07 16:15:18,325 - scrapers.hackernews_scraper - INFO - 转换第 3/5 个故事: Ask HN: Who is hiring? (August...
2026-08-07 16:15:20,649 - scrapers.hackernews_scraper - INFO - 找到 293 条评论
2026-08-07 16:15:21,403 - scrapers.hackernews_scraper - INFO - 故事 Ask HN: Who is hiring? (August... 转换完成，包含 100 条评论
2026-08-07 16:15:21,403 - scrapers.hackernews_scraper - INFO - 转换第 4/5 个故事: Ask HN: Did GitHub remove the ...
2026-08-07 16:15:24,187 - scrapers.hackernews_scraper - INFO - 找到 2 条评论
2026-08-07 16:15:24,188 - scrapers.hackernews_scraper - INFO - 故事 Ask HN: Did GitHub remove the ... 转换完成，包含 2 条评论
2026-08-07 16:15:24,188 - scrapers.hackernews_scraper - INFO - 转换第 5/5 个故事: Ask HN: Show your micro-SaaS /...
2026-08-07 16:15:25,768 - scrapers.hackernews_scraper - INFO - 找到 9 条评论
2026-08-07 16:15:25,770 - scrapers.hackernews_scraper - INFO - 故事 Ask HN: Show your micro-SaaS /... 转换完成，包含 9 条评论
2026-08-07 16:15:25,771 - scrapers.hackernews_scraper - INFO - 共转换 5 个故事为统一格式
2026-08-07 16:15:25,771 - scrapers.hackernews_scraper - INFO - 爬取完成，共获取 5 个Ask HN故事
2026-08-07 16:15:26,323 - utils.storage_utils - INFO - 已更新源索引: hackernews
2026-08-07 16:15:26,323 - utils.storage_utils - INFO - 数据已保存到 data/hackernews/week_2026-08-03.json
2026-08-07 16:15:26,324 - scrapers.base_scraper - INFO - 数据已保存到 data/hackernews/week_2026-08-03.json
2026-08-07 16:15:26,324 - scrapers.base_scraper - INFO - 成功爬取 Hacker News 的数据
2026-08-07 16:15:26,325 - __main__ - INFO - 完成: 1/3 个爬虫成功运行
2026-08-07 16:15:26,645 - __main__ - INFO - 归档所有源的旧数据
2026-08-07 16:15:26,645 - __main__ - INFO - 源 jandan 归档 无需归档
2026-08-07 16:15:26,645 - __main__ - INFO - 源 reddit 归档 无需归档
2026-08-07 16:15:26,645 - __main__ - INFO - 源 hackernews 归档 无需归档
