2026-08-19 16:05:09,953 - __main__ - INFO - 运行所有爬虫
2026-08-19 16:05:09,953 - scrapers.jandan_scraper - INFO - JandanScraper初始化完成
2026-08-19 16:05:09,953 - scrapers.base_scraper - INFO - 开始爬取 煎蛋网
2026-08-19 16:05:09,953 - scrapers.jandan_scraper - INFO - 开始爬取煎蛋热评
2026-08-19 16:05:17,990 - scrapers.jandan_scraper - INFO - 成功获取HTML内容，长度: 37305
2026-08-19 16:05:17,990 - scrapers.jandan_scraper - INFO - 调试: 手动获取评论 5877984 的吐槽数据
2026-08-19 16:05:17,990 - scrapers.jandan_scraper - INFO - 获取评论 5877984 的吐槽内容: https://jandan.net/api/tucao/list/5877984
2026-08-19 16:05:27,798 - scrapers.jandan_scraper - INFO - 评论 5877984 获取到 0 条热门吐槽, 0 条普通吐槽
2026-08-19 16:05:27,798 - scrapers.jandan_scraper - INFO - 调试: 评论 5877984 获取到 0 条热门吐槽, 0 条普通吐槽
2026-08-19 16:05:27,798 - scrapers.jandan_scraper - INFO - 开始解析页面中的评论
2026-08-19 16:05:27,798 - scrapers.jandan_scraper - INFO - 开始解析HTML内容, 长度: 37305
2026-08-19 16:05:27,816 - scrapers.jandan_scraper - INFO - 找到 0 条热门评论
2026-08-19 16:05:27,816 - scrapers.jandan_scraper - INFO - 解析完成，获取到 0 条评论
2026-08-19 16:05:27,816 - scrapers.jandan_scraper - INFO - 开始转换评论为统一格式
2026-08-19 16:05:27,817 - scrapers.jandan_scraper - INFO - 开始转换 0 条评论到统一格式
2026-08-19 16:05:27,817 - scrapers.jandan_scraper - INFO - 共转换 0 条评论为统一格式
2026-08-19 16:05:27,817 - scrapers.jandan_scraper - INFO - 爬取完成，共获取 0 条热评
2026-08-19 16:05:27,817 - scrapers.base_scraper - ERROR - 爬取 煎蛋网 失败
2026-08-19 16:05:27,817 - scrapers.reddit_scraper - INFO - RedditScraper初始化完成
2026-08-19 16:05:27,818 - scrapers.base_scraper - INFO - 开始爬取 Reddit
2026-08-19 16:05:27,818 - scrapers.reddit_scraper - INFO - 开始爬取Reddit r/confessions每周热门帖子
2026-08-19 16:05:29,378 - utils.http_utils - ERROR - 请求失败: https://www.reddit.com/r/confessions/top/.json?t=week&limit=10, 错误: 403 Client Error: Blocked for url: https://www.reddit.com/r/confessions/top/.json?t=week&limit=10
2026-08-19 16:05:29,378 - scrapers.reddit_scraper - ERROR - 获取API数据失败: 403 Client Error: Blocked for url: https://www.reddit.com/r/confessions/top/.json?t=week&limit=10
2026-08-19 16:05:29,379 - scrapers.base_scraper - ERROR - 爬取 Reddit 失败
2026-08-19 16:05:29,379 - scrapers.hackernews_scraper - INFO - HackerNewsScraper初始化完成
2026-08-19 16:05:29,379 - scrapers.base_scraper - INFO - 开始爬取 Hacker News
2026-08-19 16:05:29,379 - scrapers.hackernews_scraper - INFO - 开始爬取Hacker News Ask HN帖子
2026-08-19 16:05:29,379 - scrapers.hackernews_scraper - INFO - 获取Ask HN页面: https://news.ycombinator.com/ask
2026-08-19 16:05:32,192 - scrapers.hackernews_scraper - INFO - 找到 28 个帖子行
2026-08-19 16:05:32,193 - scrapers.hackernews_scraper - INFO - 成功解析故事: Ask HN: GitHub employees what'..., 作者=sharts, 点赞=292, 评论=0
2026-08-19 16:05:32,194 - scrapers.hackernews_scraper - INFO - 成功解析故事: Ask HN: What's the endgame of ..., 作者=elar_verole, 点赞=4, 评论=0
2026-08-19 16:05:32,194 - scrapers.hackernews_scraper - INFO - 成功解析故事: Ask HN: I've quit six systems ..., 作者=Abh1Works, 点赞=45, 评论=0
2026-08-19 16:05:32,195 - scrapers.hackernews_scraper - INFO - 成功解析故事: Ask HN: Alternatives to GitHub..., 作者=dhruv3006, 点赞=633, 评论=0
2026-08-19 16:05:32,195 - scrapers.hackernews_scraper - INFO - 成功解析故事: Ask HN: How do you access arch..., 作者=crazybonkersai, 点赞=2, 评论=0
2026-08-19 16:05:32,196 - scrapers.hackernews_scraper - INFO - 成功解析故事: Ask HN: What are independent s..., 作者=Madmallard, 点赞=9, 评论=0
2026-08-19 16:05:32,197 - scrapers.hackernews_scraper - INFO - 成功解析故事: Ask HN: How should I price an ..., 作者=aqibkhan026, 点赞=2, 评论=0
2026-08-19 16:05:32,198 - scrapers.hackernews_scraper - INFO - 成功解析故事: Ask HN: Good IMAP Email Client..., 作者=pudgywalsh, 点赞=5, 评论=0
2026-08-19 16:05:32,198 - scrapers.hackernews_scraper - INFO - 成功解析故事: Ask HN: Good content on using ..., 作者=mguerville, 点赞=5, 评论=0
2026-08-19 16:05:32,199 - scrapers.hackernews_scraper - INFO - 成功解析故事: Ask HN: How do you manage focu..., 作者=pranav_tech26, 点赞=5, 评论=0
2026-08-19 16:05:32,199 - scrapers.hackernews_scraper - INFO - 成功解析故事: Ask HN: Countries with greates..., 作者=amichail, 点赞=4, 评论=0
2026-08-19 16:05:32,200 - scrapers.hackernews_scraper - INFO - 成功解析故事: Ask HN: Do you feel comfortabl..., 作者=var0xyz, 点赞=9, 评论=0
2026-08-19 16:05:32,200 - scrapers.hackernews_scraper - INFO - 成功解析故事: Ask HN: Another GitHub Outage?..., 作者=tom1337, 点赞=3, 评论=0
2026-08-19 16:05:32,201 - scrapers.hackernews_scraper - INFO - 成功解析故事: Ask HN: Science Fiction. Some ..., 作者=ewjloop, 点赞=3, 评论=0
2026-08-19 16:05:32,202 - scrapers.hackernews_scraper - INFO - 成功解析故事: Ask HN: How do you keep up wit..., 作者=simonebrunozzi, 点赞=92, 评论=0
2026-08-19 16:05:32,202 - scrapers.hackernews_scraper - INFO - 成功解析 15 个Ask HN故事
2026-08-19 16:05:32,202 - scrapers.hackernews_scraper - INFO - 开始转换 15 个故事到统一格式
2026-08-19 16:05:32,202 - scrapers.hackernews_scraper - INFO - 转换第 1/15 个故事: Ask HN: GitHub employees what'...
2026-08-19 16:05:35,343 - scrapers.hackernews_scraper - INFO - 找到 238 条评论
2026-08-19 16:05:36,312 - scrapers.hackernews_scraper - INFO - 故事 Ask HN: GitHub employees what'... 转换完成，包含 100 条评论
2026-08-19 16:05:36,312 - scrapers.hackernews_scraper - INFO - 转换第 2/15 个故事: Ask HN: What's the endgame of ...
2026-08-19 16:05:38,048 - scrapers.hackernews_scraper - INFO - 找到 4 条评论
2026-08-19 16:05:38,050 - scrapers.hackernews_scraper - INFO - 故事 Ask HN: What's the endgame of ... 转换完成，包含 4 条评论
2026-08-19 16:05:38,050 - scrapers.hackernews_scraper - INFO - 转换第 3/15 个故事: Ask HN: I've quit six systems ...
2026-08-19 16:05:40,071 - scrapers.hackernews_scraper - INFO - 找到 53 条评论
2026-08-19 16:05:40,142 - scrapers.hackernews_scraper - INFO - 故事 Ask HN: I've quit six systems ... 转换完成，包含 53 条评论
2026-08-19 16:05:40,142 - scrapers.hackernews_scraper - INFO - 转换第 4/15 个故事: Ask HN: Alternatives to GitHub...
2026-08-19 16:05:43,954 - scrapers.hackernews_scraper - INFO - 找到 429 条评论
2026-08-19 16:05:46,904 - scrapers.hackernews_scraper - INFO - 故事 Ask HN: Alternatives to GitHub... 转换完成，包含 100 条评论
2026-08-19 16:05:46,904 - scrapers.hackernews_scraper - INFO - 转换第 5/15 个故事: Ask HN: How do you access arch...
2026-08-19 16:05:48,644 - scrapers.hackernews_scraper - INFO - 找到 1 条评论
2026-08-19 16:05:48,645 - scrapers.hackernews_scraper - INFO - 故事 Ask HN: How do you access arch... 转换完成，包含 1 条评论
2026-08-19 16:05:48,645 - scrapers.hackernews_scraper - INFO - 转换第 6/15 个故事: Ask HN: What are independent s...
2026-08-19 16:05:51,581 - scrapers.hackernews_scraper - INFO - 找到 2 条评论
2026-08-19 16:05:51,582 - scrapers.hackernews_scraper - INFO - 故事 Ask HN: What are independent s... 转换完成，包含 2 条评论
2026-08-19 16:05:51,582 - scrapers.hackernews_scraper - INFO - 转换第 7/15 个故事: Ask HN: How should I price an ...
2026-08-19 16:05:54,009 - scrapers.hackernews_scraper - INFO - 找到 2 条评论
2026-08-19 16:05:54,011 - scrapers.hackernews_scraper - INFO - 故事 Ask HN: How should I price an ... 转换完成，包含 2 条评论
2026-08-19 16:05:54,011 - scrapers.hackernews_scraper - INFO - 转换第 8/15 个故事: Ask HN: Good IMAP Email Client...
2026-08-19 16:05:56,495 - scrapers.hackernews_scraper - INFO - 找到 6 条评论
2026-08-19 16:05:56,499 - scrapers.hackernews_scraper - INFO - 故事 Ask HN: Good IMAP Email Client... 转换完成，包含 6 条评论
2026-08-19 16:05:56,499 - scrapers.hackernews_scraper - INFO - 转换第 9/15 个故事: Ask HN: Good content on using ...
2026-08-19 16:05:58,896 - scrapers.hackernews_scraper - INFO - 找到 3 条评论
2026-08-19 16:05:58,898 - scrapers.hackernews_scraper - INFO - 故事 Ask HN: Good content on using ... 转换完成，包含 3 条评论
2026-08-19 16:05:58,898 - scrapers.hackernews_scraper - INFO - 转换第 10/15 个故事: Ask HN: How do you manage focu...
2026-08-19 16:06:01,826 - utils.http_utils - ERROR - 请求失败: https://news.ycombinator.com/item?id=49345137, 错误: 429 Client Error: Too Many Requests for url: https://news.ycombinator.com/item?id=49345137
2026-08-19 16:06:01,826 - scrapers.hackernews_scraper - ERROR - 获取故事详情失败: 49345137
2026-08-19 16:06:04,484 - utils.http_utils - ERROR - 请求失败: https://news.ycombinator.com/item?id=49345137, 错误: 429 Client Error: Too Many Requests for url: https://news.ycombinator.com/item?id=49345137
2026-08-19 16:06:04,484 - scrapers.hackernews_scraper - ERROR - 获取故事详情失败: 49345137
2026-08-19 16:06:04,484 - scrapers.hackernews_scraper - INFO - 故事 Ask HN: How do you manage focu... 转换完成，包含 0 条评论
2026-08-19 16:06:04,484 - scrapers.hackernews_scraper - INFO - 转换第 11/15 个故事: Ask HN: Countries with greates...
2026-08-19 16:06:07,302 - utils.http_utils - ERROR - 请求失败: https://news.ycombinator.com/item?id=49352245, 错误: 429 Client Error: Too Many Requests for url: https://news.ycombinator.com/item?id=49352245
2026-08-19 16:06:07,303 - scrapers.hackernews_scraper - ERROR - 获取故事详情失败: 49352245
2026-08-19 16:06:09,812 - utils.http_utils - ERROR - 请求失败: https://news.ycombinator.com/item?id=49352245, 错误: 429 Client Error: Too Many Requests for url: https://news.ycombinator.com/item?id=49352245
2026-08-19 16:06:09,812 - scrapers.hackernews_scraper - ERROR - 获取故事详情失败: 49352245
2026-08-19 16:06:09,812 - scrapers.hackernews_scraper - INFO - 故事 Ask HN: Countries with greates... 转换完成，包含 0 条评论
2026-08-19 16:06:09,812 - scrapers.hackernews_scraper - INFO - 转换第 12/15 个故事: Ask HN: Do you feel comfortabl...
2026-08-19 16:06:11,512 - scrapers.hackernews_scraper - INFO - 找到 27 条评论
2026-08-19 16:06:11,538 - scrapers.hackernews_scraper - INFO - 故事 Ask HN: Do you feel comfortabl... 转换完成，包含 27 条评论
2026-08-19 16:06:11,538 - scrapers.hackernews_scraper - INFO - 转换第 13/15 个故事: Ask HN: Another GitHub Outage?...
2026-08-19 16:06:13,320 - utils.http_utils - ERROR - 请求失败: https://news.ycombinator.com/item?id=49346871, 错误: 429 Client Error: Too Many Requests for url: https://news.ycombinator.com/item?id=49346871
2026-08-19 16:06:13,321 - scrapers.hackernews_scraper - ERROR - 获取故事详情失败: 49346871
2026-08-19 16:06:14,629 - utils.http_utils - ERROR - 请求失败: https://news.ycombinator.com/item?id=49346871, 错误: 429 Client Error: Too Many Requests for url: https://news.ycombinator.com/item?id=49346871
2026-08-19 16:06:14,629 - scrapers.hackernews_scraper - ERROR - 获取故事详情失败: 49346871
2026-08-19 16:06:14,629 - scrapers.hackernews_scraper - INFO - 故事 Ask HN: Another GitHub Outage?... 转换完成，包含 0 条评论
2026-08-19 16:06:14,629 - scrapers.hackernews_scraper - INFO - 转换第 14/15 个故事: Ask HN: Science Fiction. Some ...
2026-08-19 16:06:17,118 - utils.http_utils - ERROR - 请求失败: https://news.ycombinator.com/item?id=49346494, 错误: 429 Client Error: Too Many Requests for url: https://news.ycombinator.com/item?id=49346494
2026-08-19 16:06:17,118 - scrapers.hackernews_scraper - ERROR - 获取故事详情失败: 49346494
2026-08-19 16:06:20,068 - utils.http_utils - ERROR - 请求失败: https://news.ycombinator.com/item?id=49346494, 错误: 429 Client Error: Too Many Requests for url: https://news.ycombinator.com/item?id=49346494
2026-08-19 16:06:20,068 - scrapers.hackernews_scraper - ERROR - 获取故事详情失败: 49346494
2026-08-19 16:06:20,069 - scrapers.hackernews_scraper - INFO - 故事 Ask HN: Science Fiction. Some ... 转换完成，包含 0 条评论
2026-08-19 16:06:20,069 - scrapers.hackernews_scraper - INFO - 转换第 15/15 个故事: Ask HN: How do you keep up wit...
2026-08-19 16:06:22,739 - utils.http_utils - ERROR - 请求失败: https://news.ycombinator.com/item?id=49308059, 错误: 429 Client Error: Too Many Requests for url: https://news.ycombinator.com/item?id=49308059
2026-08-19 16:06:22,740 - scrapers.hackernews_scraper - ERROR - 获取故事详情失败: 49308059
2026-08-19 16:06:24,240 - utils.http_utils - ERROR - 请求失败: https://news.ycombinator.com/item?id=49308059, 错误: 429 Client Error: Too Many Requests for url: https://news.ycombinator.com/item?id=49308059
2026-08-19 16:06:24,240 - scrapers.hackernews_scraper - ERROR - 获取故事详情失败: 49308059
2026-08-19 16:06:24,240 - scrapers.hackernews_scraper - INFO - 故事 Ask HN: How do you keep up wit... 转换完成，包含 0 条评论
2026-08-19 16:06:24,241 - scrapers.hackernews_scraper - INFO - 共转换 15 个故事为统一格式
2026-08-19 16:06:24,241 - scrapers.hackernews_scraper - INFO - 爬取完成，共获取 15 个Ask HN故事
2026-08-19 16:06:24,450 - utils.storage_utils - INFO - 已更新源索引: hackernews
2026-08-19 16:06:24,450 - utils.storage_utils - INFO - 数据已保存到 data/hackernews/week_2026-08-17.json
2026-08-19 16:06:24,451 - scrapers.base_scraper - INFO - 数据已保存到 data/hackernews/week_2026-08-17.json
2026-08-19 16:06:24,451 - scrapers.base_scraper - INFO - 成功爬取 Hacker News 的数据
2026-08-19 16:06:24,452 - __main__ - INFO - 完成: 1/3 个爬虫成功运行
2026-08-19 16:06:24,639 - __main__ - INFO - 归档所有源的旧数据
2026-08-19 16:06:24,640 - __main__ - INFO - 源 jandan 归档 无需归档
2026-08-19 16:06:24,640 - __main__ - INFO - 源 reddit 归档 无需归档
2026-08-19 16:06:24,640 - __main__ - INFO - 源 hackernews 归档 无需归档
