2026-09-14 16:03:21,271 - __main__ - INFO - 运行所有爬虫
2026-09-14 16:03:21,271 - scrapers.jandan_scraper - INFO - JandanScraper初始化完成
2026-09-14 16:03:21,271 - scrapers.base_scraper - INFO - 开始爬取 煎蛋网
2026-09-14 16:03:21,271 - scrapers.jandan_scraper - INFO - 开始爬取煎蛋热评
2026-09-14 16:03:24,415 - scrapers.jandan_scraper - INFO - 成功获取HTML内容，长度: 37557
2026-09-14 16:03:24,416 - scrapers.jandan_scraper - INFO - 调试: 手动获取评论 5877984 的吐槽数据
2026-09-14 16:03:24,416 - scrapers.jandan_scraper - INFO - 获取评论 5877984 的吐槽内容: https://jandan.net/api/tucao/list/5877984
2026-09-14 16:03:26,175 - scrapers.jandan_scraper - INFO - 评论 5877984 获取到 0 条热门吐槽, 0 条普通吐槽
2026-09-14 16:03:26,175 - scrapers.jandan_scraper - INFO - 调试: 评论 5877984 获取到 0 条热门吐槽, 0 条普通吐槽
2026-09-14 16:03:26,175 - scrapers.jandan_scraper - INFO - 开始解析页面中的评论
2026-09-14 16:03:26,175 - scrapers.jandan_scraper - INFO - 开始解析HTML内容, 长度: 37557
2026-09-14 16:03:26,192 - scrapers.jandan_scraper - INFO - 找到 0 条热门评论
2026-09-14 16:03:26,192 - scrapers.jandan_scraper - INFO - 解析完成，获取到 0 条评论
2026-09-14 16:03:26,192 - scrapers.jandan_scraper - INFO - 开始转换评论为统一格式
2026-09-14 16:03:26,192 - scrapers.jandan_scraper - INFO - 开始转换 0 条评论到统一格式
2026-09-14 16:03:26,192 - scrapers.jandan_scraper - INFO - 共转换 0 条评论为统一格式
2026-09-14 16:03:26,192 - scrapers.jandan_scraper - INFO - 爬取完成，共获取 0 条热评
2026-09-14 16:03:26,192 - scrapers.base_scraper - ERROR - 爬取 煎蛋网 失败
2026-09-14 16:03:26,192 - scrapers.reddit_scraper - INFO - RedditScraper初始化完成
2026-09-14 16:03:26,193 - scrapers.base_scraper - INFO - 开始爬取 Reddit
2026-09-14 16:03:26,194 - scrapers.reddit_scraper - INFO - 开始爬取Reddit r/confessions每周热门帖子
2026-09-14 16:03:27,874 - utils.http_utils - ERROR - 请求失败: https://www.reddit.com/r/confessions/top/.json?t=week&limit=10, 错误: 403 Client Error: Blocked for url: https://www.reddit.com/r/confessions/top/.json?t=week&limit=10
2026-09-14 16:03:27,875 - scrapers.reddit_scraper - ERROR - 获取API数据失败: 403 Client Error: Blocked for url: https://www.reddit.com/r/confessions/top/.json?t=week&limit=10
2026-09-14 16:03:27,875 - scrapers.base_scraper - ERROR - 爬取 Reddit 失败
2026-09-14 16:03:27,876 - scrapers.hackernews_scraper - INFO - HackerNewsScraper初始化完成
2026-09-14 16:03:27,876 - scrapers.base_scraper - INFO - 开始爬取 Hacker News
2026-09-14 16:03:27,876 - scrapers.hackernews_scraper - INFO - 开始爬取Hacker News Ask HN帖子
2026-09-14 16:03:27,876 - scrapers.hackernews_scraper - INFO - 获取Ask HN页面: https://news.ycombinator.com/ask
2026-09-14 16:03:30,851 - scrapers.hackernews_scraper - INFO - 找到 30 个帖子行
2026-09-14 16:03:30,853 - scrapers.hackernews_scraper - INFO - 成功解析故事: Ask HN: What are you working o..., 作者=david927, 点赞=244, 评论=0
2026-09-14 16:03:30,854 - scrapers.hackernews_scraper - INFO - 成功解析故事: Ask HN: Are 80s high school ho..., 作者=amichail, 点赞=6, 评论=0
2026-09-14 16:03:30,855 - scrapers.hackernews_scraper - INFO - 成功解析故事: Ask HN: Would a startup for yo..., 作者=mondobe, 点赞=10, 评论=0
2026-09-14 16:03:30,855 - scrapers.hackernews_scraper - INFO - 成功解析故事: Ask HN: You have unlimited res..., 作者=smalltorch, 点赞=3, 评论=0
2026-09-14 16:03:30,856 - scrapers.hackernews_scraper - INFO - 成功解析故事: Ask HN: How much correlation s..., 作者=Securelytixdev, 点赞=2, 评论=0
2026-09-14 16:03:30,856 - scrapers.hackernews_scraper - INFO - 成功解析故事: Ask HN: Should we start airgap..., 作者=emerongi, 点赞=7, 评论=0
2026-09-14 16:03:30,857 - scrapers.hackernews_scraper - INFO - 成功解析故事: Ask HN: What are some privacy/..., 作者=ToriTech, 点赞=5, 评论=0
2026-09-14 16:03:30,857 - scrapers.hackernews_scraper - INFO - 成功解析故事: Ask HN: What default model do ..., 作者=stikit, 点赞=60, 评论=0
2026-09-14 16:03:30,858 - scrapers.hackernews_scraper - INFO - 成功解析故事: Ask HN: How is AI actively a t..., 作者=CM30, 点赞=5, 评论=0
2026-09-14 16:03:30,858 - scrapers.hackernews_scraper - INFO - 成功解析故事: Ask HN: Multi-agent workflows ..., 作者=ramstar3000, 点赞=2, 评论=0
2026-09-14 16:03:30,858 - scrapers.hackernews_scraper - INFO - 成功解析故事: Ask HN: Is there an emerging p..., 作者=mehmetoguzderin, 点赞=3, 评论=0
2026-09-14 16:03:30,859 - scrapers.hackernews_scraper - INFO - 成功解析故事: Ask HN: Do You Like Skiing?..., 作者=roschdal, 点赞=3, 评论=0
2026-09-14 16:03:30,859 - scrapers.hackernews_scraper - INFO - 成功解析故事: Ask HN: Career paths to consid..., 作者=_override, 点赞=28, 评论=0
2026-09-14 16:03:30,860 - scrapers.hackernews_scraper - INFO - 成功解析故事: Ask HN: What would it look lik..., 作者=scripper1, 点赞=4, 评论=0
2026-09-14 16:03:30,860 - scrapers.hackernews_scraper - INFO - 成功解析故事: Ask HN: Did Google kill its en..., 作者=waldrews, 点赞=26, 评论=0
2026-09-14 16:03:30,860 - scrapers.hackernews_scraper - INFO - 成功解析 15 个Ask HN故事
2026-09-14 16:03:30,860 - scrapers.hackernews_scraper - INFO - 开始转换 15 个故事到统一格式
2026-09-14 16:03:30,861 - scrapers.hackernews_scraper - INFO - 转换第 1/15 个故事: Ask HN: What are you working o...
2026-09-14 16:03:32,524 - utils.http_utils - ERROR - 请求失败: https://news.ycombinator.com/item?id=49686380, 错误: 429 Client Error: Too Many Requests for url: https://news.ycombinator.com/item?id=49686380
2026-09-14 16:03:32,524 - scrapers.hackernews_scraper - ERROR - 获取故事详情失败: 49686380
2026-09-14 16:03:35,302 - utils.http_utils - ERROR - 请求失败: https://news.ycombinator.com/item?id=49686380, 错误: 429 Client Error: Too Many Requests for url: https://news.ycombinator.com/item?id=49686380
2026-09-14 16:03:35,302 - scrapers.hackernews_scraper - ERROR - 获取故事详情失败: 49686380
2026-09-14 16:03:35,302 - scrapers.hackernews_scraper - INFO - 故事 Ask HN: What are you working o... 转换完成，包含 0 条评论
2026-09-14 16:03:35,302 - scrapers.hackernews_scraper - INFO - 转换第 2/15 个故事: Ask HN: Are 80s high school ho...
2026-09-14 16:03:38,102 - scrapers.hackernews_scraper - INFO - 找到 20 条评论
2026-09-14 16:03:38,117 - scrapers.hackernews_scraper - INFO - 故事 Ask HN: Are 80s high school ho... 转换完成，包含 20 条评论
2026-09-14 16:03:38,117 - scrapers.hackernews_scraper - INFO - 转换第 3/15 个故事: Ask HN: Would a startup for yo...
2026-09-14 16:03:39,623 - scrapers.hackernews_scraper - INFO - 找到 20 条评论
2026-09-14 16:03:39,639 - scrapers.hackernews_scraper - INFO - 故事 Ask HN: Would a startup for yo... 转换完成，包含 20 条评论
2026-09-14 16:03:39,639 - scrapers.hackernews_scraper - INFO - 转换第 4/15 个故事: Ask HN: You have unlimited res...
2026-09-14 16:03:41,566 - utils.http_utils - ERROR - 请求失败: https://news.ycombinator.com/item?id=49695638, 错误: 429 Client Error: Too Many Requests for url: https://news.ycombinator.com/item?id=49695638
2026-09-14 16:03:41,566 - scrapers.hackernews_scraper - ERROR - 获取故事详情失败: 49695638
2026-09-14 16:03:44,284 - utils.http_utils - ERROR - 请求失败: https://news.ycombinator.com/item?id=49695638, 错误: 429 Client Error: Too Many Requests for url: https://news.ycombinator.com/item?id=49695638
2026-09-14 16:03:44,284 - scrapers.hackernews_scraper - ERROR - 获取故事详情失败: 49695638
2026-09-14 16:03:44,284 - scrapers.hackernews_scraper - INFO - 故事 Ask HN: You have unlimited res... 转换完成，包含 0 条评论
2026-09-14 16:03:44,284 - scrapers.hackernews_scraper - INFO - 转换第 5/15 个故事: Ask HN: How much correlation s...
2026-09-14 16:03:46,571 - utils.http_utils - ERROR - 请求失败: https://news.ycombinator.com/item?id=49694768, 错误: 429 Client Error: Too Many Requests for url: https://news.ycombinator.com/item?id=49694768
2026-09-14 16:03:46,571 - scrapers.hackernews_scraper - ERROR - 获取故事详情失败: 49694768
2026-09-14 16:03:49,139 - utils.http_utils - ERROR - 请求失败: https://news.ycombinator.com/item?id=49694768, 错误: 429 Client Error: Too Many Requests for url: https://news.ycombinator.com/item?id=49694768
2026-09-14 16:03:49,139 - scrapers.hackernews_scraper - ERROR - 获取故事详情失败: 49694768
2026-09-14 16:03:49,139 - scrapers.hackernews_scraper - INFO - 故事 Ask HN: How much correlation s... 转换完成，包含 0 条评论
2026-09-14 16:03:49,139 - scrapers.hackernews_scraper - INFO - 转换第 6/15 个故事: Ask HN: Should we start airgap...
2026-09-14 16:03:51,293 - utils.http_utils - ERROR - 请求失败: https://news.ycombinator.com/item?id=49681380, 错误: 429 Client Error: Too Many Requests for url: https://news.ycombinator.com/item?id=49681380
2026-09-14 16:03:51,293 - scrapers.hackernews_scraper - ERROR - 获取故事详情失败: 49681380
2026-09-14 16:03:52,527 - utils.http_utils - ERROR - 请求失败: https://news.ycombinator.com/item?id=49681380, 错误: 429 Client Error: Too Many Requests for url: https://news.ycombinator.com/item?id=49681380
2026-09-14 16:03:52,527 - scrapers.hackernews_scraper - ERROR - 获取故事详情失败: 49681380
2026-09-14 16:03:52,527 - scrapers.hackernews_scraper - INFO - 故事 Ask HN: Should we start airgap... 转换完成，包含 0 条评论
2026-09-14 16:03:52,527 - scrapers.hackernews_scraper - INFO - 转换第 7/15 个故事: Ask HN: What are some privacy/...
2026-09-14 16:03:54,968 - utils.http_utils - ERROR - 请求失败: https://news.ycombinator.com/item?id=49690524, 错误: 429 Client Error: Too Many Requests for url: https://news.ycombinator.com/item?id=49690524
2026-09-14 16:03:54,968 - scrapers.hackernews_scraper - ERROR - 获取故事详情失败: 49690524
2026-09-14 16:03:56,016 - utils.http_utils - ERROR - 请求失败: https://news.ycombinator.com/item?id=49690524, 错误: 429 Client Error: Too Many Requests for url: https://news.ycombinator.com/item?id=49690524
2026-09-14 16:03:56,016 - scrapers.hackernews_scraper - ERROR - 获取故事详情失败: 49690524
2026-09-14 16:03:56,016 - scrapers.hackernews_scraper - INFO - 故事 Ask HN: What are some privacy/... 转换完成，包含 0 条评论
2026-09-14 16:03:56,016 - scrapers.hackernews_scraper - INFO - 转换第 8/15 个故事: Ask HN: What default model do ...
2026-09-14 16:03:57,168 - utils.http_utils - ERROR - 请求失败: https://news.ycombinator.com/item?id=49672966, 错误: 429 Client Error: Too Many Requests for url: https://news.ycombinator.com/item?id=49672966
2026-09-14 16:03:57,169 - scrapers.hackernews_scraper - ERROR - 获取故事详情失败: 49672966
2026-09-14 16:03:59,615 - utils.http_utils - ERROR - 请求失败: https://news.ycombinator.com/item?id=49672966, 错误: 429 Client Error: Too Many Requests for url: https://news.ycombinator.com/item?id=49672966
2026-09-14 16:03:59,615 - scrapers.hackernews_scraper - ERROR - 获取故事详情失败: 49672966
2026-09-14 16:03:59,615 - scrapers.hackernews_scraper - INFO - 故事 Ask HN: What default model do ... 转换完成，包含 0 条评论
2026-09-14 16:03:59,615 - scrapers.hackernews_scraper - INFO - 转换第 9/15 个故事: Ask HN: How is AI actively a t...
2026-09-14 16:04:02,315 - scrapers.hackernews_scraper - INFO - 找到 12 条评论
2026-09-14 16:04:02,324 - scrapers.hackernews_scraper - INFO - 故事 Ask HN: How is AI actively a t... 转换完成，包含 12 条评论
2026-09-14 16:04:02,324 - scrapers.hackernews_scraper - INFO - 转换第 10/15 个故事: Ask HN: Multi-agent workflows ...
2026-09-14 16:04:04,551 - scrapers.hackernews_scraper - INFO - 找到 5 条评论
2026-09-14 16:04:04,554 - scrapers.hackernews_scraper - INFO - 故事 Ask HN: Multi-agent workflows ... 转换完成，包含 5 条评论
2026-09-14 16:04:04,554 - scrapers.hackernews_scraper - INFO - 转换第 11/15 个故事: Ask HN: Is there an emerging p...
2026-09-14 16:04:06,773 - utils.http_utils - ERROR - 请求失败: https://news.ycombinator.com/item?id=49688861, 错误: 429 Client Error: Too Many Requests for url: https://news.ycombinator.com/item?id=49688861
2026-09-14 16:04:06,773 - scrapers.hackernews_scraper - ERROR - 获取故事详情失败: 49688861
2026-09-14 16:04:08,385 - utils.http_utils - ERROR - 请求失败: https://news.ycombinator.com/item?id=49688861, 错误: 429 Client Error: Too Many Requests for url: https://news.ycombinator.com/item?id=49688861
2026-09-14 16:04:08,385 - scrapers.hackernews_scraper - ERROR - 获取故事详情失败: 49688861
2026-09-14 16:04:08,385 - scrapers.hackernews_scraper - INFO - 故事 Ask HN: Is there an emerging p... 转换完成，包含 0 条评论
2026-09-14 16:04:08,385 - scrapers.hackernews_scraper - INFO - 转换第 12/15 个故事: Ask HN: Do You Like Skiing?...
2026-09-14 16:04:11,367 - scrapers.hackernews_scraper - INFO - 找到 4 条评论
2026-09-14 16:04:11,370 - scrapers.hackernews_scraper - INFO - 故事 Ask HN: Do You Like Skiing?... 转换完成，包含 4 条评论
2026-09-14 16:04:11,370 - scrapers.hackernews_scraper - INFO - 转换第 13/15 个故事: Ask HN: Career paths to consid...
2026-09-14 16:04:13,261 - utils.http_utils - ERROR - 请求失败: https://news.ycombinator.com/item?id=49682920, 错误: 429 Client Error: Too Many Requests for url: https://news.ycombinator.com/item?id=49682920
2026-09-14 16:04:13,261 - scrapers.hackernews_scraper - ERROR - 获取故事详情失败: 49682920
2026-09-14 16:04:16,093 - utils.http_utils - ERROR - 请求失败: https://news.ycombinator.com/item?id=49682920, 错误: 429 Client Error: Too Many Requests for url: https://news.ycombinator.com/item?id=49682920
2026-09-14 16:04:16,093 - scrapers.hackernews_scraper - ERROR - 获取故事详情失败: 49682920
2026-09-14 16:04:16,093 - scrapers.hackernews_scraper - INFO - 故事 Ask HN: Career paths to consid... 转换完成，包含 0 条评论
2026-09-14 16:04:16,093 - scrapers.hackernews_scraper - INFO - 转换第 14/15 个故事: Ask HN: What would it look lik...
2026-09-14 16:04:17,278 - utils.http_utils - ERROR - 请求失败: https://news.ycombinator.com/item?id=49686489, 错误: 429 Client Error: Too Many Requests for url: https://news.ycombinator.com/item?id=49686489
2026-09-14 16:04:17,278 - scrapers.hackernews_scraper - ERROR - 获取故事详情失败: 49686489
2026-09-14 16:04:20,089 - utils.http_utils - ERROR - 请求失败: https://news.ycombinator.com/item?id=49686489, 错误: 429 Client Error: Too Many Requests for url: https://news.ycombinator.com/item?id=49686489
2026-09-14 16:04:20,089 - scrapers.hackernews_scraper - ERROR - 获取故事详情失败: 49686489
2026-09-14 16:04:20,089 - scrapers.hackernews_scraper - INFO - 故事 Ask HN: What would it look lik... 转换完成，包含 0 条评论
2026-09-14 16:04:20,089 - scrapers.hackernews_scraper - INFO - 转换第 15/15 个故事: Ask HN: Did Google kill its en...
2026-09-14 16:04:21,300 - utils.http_utils - ERROR - 请求失败: https://news.ycombinator.com/item?id=49668196, 错误: 429 Client Error: Too Many Requests for url: https://news.ycombinator.com/item?id=49668196
2026-09-14 16:04:21,300 - scrapers.hackernews_scraper - ERROR - 获取故事详情失败: 49668196
2026-09-14 16:04:22,805 - utils.http_utils - ERROR - 请求失败: https://news.ycombinator.com/item?id=49668196, 错误: 429 Client Error: Too Many Requests for url: https://news.ycombinator.com/item?id=49668196
2026-09-14 16:04:22,805 - scrapers.hackernews_scraper - ERROR - 获取故事详情失败: 49668196
2026-09-14 16:04:22,805 - scrapers.hackernews_scraper - INFO - 故事 Ask HN: Did Google kill its en... 转换完成，包含 0 条评论
2026-09-14 16:04:22,805 - scrapers.hackernews_scraper - INFO - 共转换 15 个故事为统一格式
2026-09-14 16:04:22,805 - scrapers.hackernews_scraper - INFO - 爬取完成，共获取 15 个Ask HN故事
2026-09-14 16:04:22,973 - utils.storage_utils - INFO - 已更新源索引: hackernews
2026-09-14 16:04:22,973 - utils.storage_utils - INFO - 数据已保存到 data/hackernews/week_2026-09-14.json
2026-09-14 16:04:22,974 - scrapers.base_scraper - INFO - 数据已保存到 data/hackernews/week_2026-09-14.json
2026-09-14 16:04:22,974 - scrapers.base_scraper - INFO - 成功爬取 Hacker News 的数据
2026-09-14 16:04:22,975 - __main__ - INFO - 完成: 1/3 个爬虫成功运行
2026-09-14 16:04:23,165 - __main__ - INFO - 归档所有源的旧数据
2026-09-14 16:04:23,165 - __main__ - INFO - 源 jandan 归档 无需归档
2026-09-14 16:04:23,165 - __main__ - INFO - 源 reddit 归档 无需归档
2026-09-14 16:04:23,166 - utils.storage_utils - INFO - 已将 week_2026-06-22.json 归档
2026-09-14 16:04:23,166 - __main__ - INFO - 源 hackernews 归档 成功
