2026-09-19 16:02:38,362 - __main__ - INFO - 运行所有爬虫
2026-09-19 16:02:38,362 - scrapers.jandan_scraper - INFO - JandanScraper初始化完成
2026-09-19 16:02:38,362 - scrapers.base_scraper - INFO - 开始爬取 煎蛋网
2026-09-19 16:02:38,362 - scrapers.jandan_scraper - INFO - 开始爬取煎蛋热评
2026-09-19 16:02:42,121 - scrapers.jandan_scraper - INFO - 成功获取HTML内容，长度: 37557
2026-09-19 16:02:42,122 - scrapers.jandan_scraper - INFO - 调试: 手动获取评论 5877984 的吐槽数据
2026-09-19 16:02:42,122 - scrapers.jandan_scraper - INFO - 获取评论 5877984 的吐槽内容: https://jandan.net/api/tucao/list/5877984
2026-09-19 16:02:43,876 - scrapers.jandan_scraper - INFO - 评论 5877984 获取到 0 条热门吐槽, 0 条普通吐槽
2026-09-19 16:02:43,876 - scrapers.jandan_scraper - INFO - 调试: 评论 5877984 获取到 0 条热门吐槽, 0 条普通吐槽
2026-09-19 16:02:43,876 - scrapers.jandan_scraper - INFO - 开始解析页面中的评论
2026-09-19 16:02:43,876 - scrapers.jandan_scraper - INFO - 开始解析HTML内容, 长度: 37557
2026-09-19 16:02:43,885 - scrapers.jandan_scraper - INFO - 找到 0 条热门评论
2026-09-19 16:02:43,885 - scrapers.jandan_scraper - INFO - 解析完成，获取到 0 条评论
2026-09-19 16:02:43,885 - scrapers.jandan_scraper - INFO - 开始转换评论为统一格式
2026-09-19 16:02:43,885 - scrapers.jandan_scraper - INFO - 开始转换 0 条评论到统一格式
2026-09-19 16:02:43,885 - scrapers.jandan_scraper - INFO - 共转换 0 条评论为统一格式
2026-09-19 16:02:43,885 - scrapers.jandan_scraper - INFO - 爬取完成，共获取 0 条热评
2026-09-19 16:02:43,885 - scrapers.base_scraper - ERROR - 爬取 煎蛋网 失败
2026-09-19 16:02:43,885 - scrapers.reddit_scraper - INFO - RedditScraper初始化完成
2026-09-19 16:02:43,886 - scrapers.base_scraper - INFO - 开始爬取 Reddit
2026-09-19 16:02:43,886 - scrapers.reddit_scraper - INFO - 开始爬取Reddit r/confessions每周热门帖子
2026-09-19 16:02:46,309 - utils.http_utils - ERROR - 请求失败: https://www.reddit.com/r/confessions/top/.json?t=week&limit=10, 错误: 403 Client Error: Blocked for url: https://www.reddit.com/r/confessions/top/.json?t=week&limit=10
2026-09-19 16:02:46,309 - scrapers.reddit_scraper - ERROR - 获取API数据失败: 403 Client Error: Blocked for url: https://www.reddit.com/r/confessions/top/.json?t=week&limit=10
2026-09-19 16:02:46,309 - scrapers.base_scraper - ERROR - 爬取 Reddit 失败
2026-09-19 16:02:46,309 - scrapers.hackernews_scraper - INFO - HackerNewsScraper初始化完成
2026-09-19 16:02:46,310 - scrapers.base_scraper - INFO - 开始爬取 Hacker News
2026-09-19 16:02:46,310 - scrapers.hackernews_scraper - INFO - 开始爬取Hacker News Ask HN帖子
2026-09-19 16:02:46,310 - scrapers.hackernews_scraper - INFO - 获取Ask HN页面: https://news.ycombinator.com/ask
2026-09-19 16:02:49,200 - scrapers.hackernews_scraper - INFO - 找到 21 个帖子行
2026-09-19 16:02:49,201 - scrapers.hackernews_scraper - INFO - 成功解析故事: Ask HN: Losing motivation to w..., 作者=trowa159, 点赞=9, 评论=0
2026-09-19 16:02:49,201 - scrapers.hackernews_scraper - INFO - 成功解析故事: Ask HN: How to recover Google ..., 作者=keymasta, 点赞=113, 评论=0
2026-09-19 16:02:49,202 - scrapers.hackernews_scraper - INFO - 成功解析故事: Ask HN: Remember N8n? Anyone?..., 作者=sankalpdomore, 点赞=4, 评论=0
2026-09-19 16:02:49,202 - scrapers.hackernews_scraper - INFO - 成功解析故事: Ask HN: What happens when Clau..., 作者=HoldOnAMinute, 点赞=4, 评论=0
2026-09-19 16:02:49,202 - scrapers.hackernews_scraper - INFO - 成功解析故事: Ask HN: Have you stopped under..., 作者=amichail, 点赞=4, 评论=0
2026-09-19 16:02:49,203 - scrapers.hackernews_scraper - INFO - 成功解析故事: Ask HN: Co-Founder(s). Do I ne..., 作者=bhollan, 点赞=11, 评论=0
2026-09-19 16:02:49,203 - scrapers.hackernews_scraper - INFO - 成功解析故事: Ask HN: Help choosing between ..., 作者=pigradish, 点赞=5, 评论=0
2026-09-19 16:02:49,203 - scrapers.hackernews_scraper - INFO - 成功解析故事: Ask HN: What is the most caree..., 作者=learner_yearner, 点赞=18, 评论=0
2026-09-19 16:02:49,204 - scrapers.hackernews_scraper - INFO - 成功解析故事: Ask HN: Alternatives to Twitte..., 作者=throwaway2027, 点赞=6, 评论=0
2026-09-19 16:02:49,204 - scrapers.hackernews_scraper - INFO - 成功解析故事: Ask HN: What self-hosted apps ..., 作者=osr00, 点赞=5, 评论=0
2026-09-19 16:02:49,204 - scrapers.hackernews_scraper - INFO - 成功解析故事: Ask HN: How are you managing a..., 作者=rylando, 点赞=13, 评论=0
2026-09-19 16:02:49,204 - scrapers.hackernews_scraper - INFO - 成功解析故事: Ask HN: What Makes Tokens Expe..., 作者=mtokarski, 点赞=3, 评论=0
2026-09-19 16:02:49,204 - scrapers.hackernews_scraper - INFO - 成功解析 12 个Ask HN故事
2026-09-19 16:02:49,204 - scrapers.hackernews_scraper - INFO - 开始转换 12 个故事到统一格式
2026-09-19 16:02:49,204 - scrapers.hackernews_scraper - INFO - 转换第 1/12 个故事: Ask HN: Losing motivation to w...
2026-09-19 16:02:51,643 - scrapers.hackernews_scraper - INFO - 找到 2 条评论
2026-09-19 16:02:51,644 - scrapers.hackernews_scraper - INFO - 故事 Ask HN: Losing motivation to w... 转换完成，包含 2 条评论
2026-09-19 16:02:51,644 - scrapers.hackernews_scraper - INFO - 转换第 2/12 个故事: Ask HN: How to recover Google ...
2026-09-19 16:02:54,032 - scrapers.hackernews_scraper - INFO - 找到 125 条评论
2026-09-19 16:02:54,181 - scrapers.hackernews_scraper - INFO - 故事 Ask HN: How to recover Google ... 转换完成，包含 100 条评论
2026-09-19 16:02:54,181 - scrapers.hackernews_scraper - INFO - 转换第 3/12 个故事: Ask HN: Remember N8n? Anyone?...
2026-09-19 16:02:56,834 - utils.http_utils - ERROR - 请求失败: https://news.ycombinator.com/item?id=49763466, 错误: 429 Client Error: Too Many Requests for url: https://news.ycombinator.com/item?id=49763466
2026-09-19 16:02:56,834 - scrapers.hackernews_scraper - ERROR - 获取故事详情失败: 49763466
2026-09-19 16:02:59,255 - utils.http_utils - ERROR - 请求失败: https://news.ycombinator.com/item?id=49763466, 错误: 429 Client Error: Too Many Requests for url: https://news.ycombinator.com/item?id=49763466
2026-09-19 16:02:59,255 - scrapers.hackernews_scraper - ERROR - 获取故事详情失败: 49763466
2026-09-19 16:02:59,255 - scrapers.hackernews_scraper - INFO - 故事 Ask HN: Remember N8n? Anyone?... 转换完成，包含 0 条评论
2026-09-19 16:02:59,255 - scrapers.hackernews_scraper - INFO - 转换第 4/12 个故事: Ask HN: What happens when Clau...
2026-09-19 16:03:00,647 - utils.http_utils - ERROR - 请求失败: https://news.ycombinator.com/item?id=49755575, 错误: 429 Client Error: Too Many Requests for url: https://news.ycombinator.com/item?id=49755575
2026-09-19 16:03:00,648 - scrapers.hackernews_scraper - ERROR - 获取故事详情失败: 49755575
2026-09-19 16:03:01,751 - utils.http_utils - ERROR - 请求失败: https://news.ycombinator.com/item?id=49755575, 错误: 429 Client Error: Too Many Requests for url: https://news.ycombinator.com/item?id=49755575
2026-09-19 16:03:01,751 - scrapers.hackernews_scraper - ERROR - 获取故事详情失败: 49755575
2026-09-19 16:03:01,751 - scrapers.hackernews_scraper - INFO - 故事 Ask HN: What happens when Clau... 转换完成，包含 0 条评论
2026-09-19 16:03:01,751 - scrapers.hackernews_scraper - INFO - 转换第 5/12 个故事: Ask HN: Have you stopped under...
2026-09-19 16:03:03,377 - scrapers.hackernews_scraper - INFO - 找到 7 条评论
2026-09-19 16:03:03,379 - scrapers.hackernews_scraper - INFO - 故事 Ask HN: Have you stopped under... 转换完成，包含 7 条评论
2026-09-19 16:03:03,379 - scrapers.hackernews_scraper - INFO - 转换第 6/12 个故事: Ask HN: Co-Founder(s). Do I ne...
2026-09-19 16:03:05,438 - utils.http_utils - ERROR - 请求失败: https://news.ycombinator.com/item?id=49743493, 错误: 429 Client Error: Too Many Requests for url: https://news.ycombinator.com/item?id=49743493
2026-09-19 16:03:05,438 - scrapers.hackernews_scraper - ERROR - 获取故事详情失败: 49743493
2026-09-19 16:03:07,309 - utils.http_utils - ERROR - 请求失败: https://news.ycombinator.com/item?id=49743493, 错误: 429 Client Error: Too Many Requests for url: https://news.ycombinator.com/item?id=49743493
2026-09-19 16:03:07,309 - scrapers.hackernews_scraper - ERROR - 获取故事详情失败: 49743493
2026-09-19 16:03:07,309 - scrapers.hackernews_scraper - INFO - 故事 Ask HN: Co-Founder(s). Do I ne... 转换完成，包含 0 条评论
2026-09-19 16:03:07,309 - scrapers.hackernews_scraper - INFO - 转换第 7/12 个故事: Ask HN: Help choosing between ...
2026-09-19 16:03:09,933 - utils.http_utils - ERROR - 请求失败: https://news.ycombinator.com/item?id=49752505, 错误: 429 Client Error: Too Many Requests for url: https://news.ycombinator.com/item?id=49752505
2026-09-19 16:03:09,933 - scrapers.hackernews_scraper - ERROR - 获取故事详情失败: 49752505
2026-09-19 16:03:12,070 - utils.http_utils - ERROR - 请求失败: https://news.ycombinator.com/item?id=49752505, 错误: 429 Client Error: Too Many Requests for url: https://news.ycombinator.com/item?id=49752505
2026-09-19 16:03:12,070 - scrapers.hackernews_scraper - ERROR - 获取故事详情失败: 49752505
2026-09-19 16:03:12,070 - scrapers.hackernews_scraper - INFO - 故事 Ask HN: Help choosing between ... 转换完成，包含 0 条评论
2026-09-19 16:03:12,070 - scrapers.hackernews_scraper - INFO - 转换第 8/12 个故事: Ask HN: What is the most caree...
2026-09-19 16:03:13,852 - utils.http_utils - ERROR - 请求失败: https://news.ycombinator.com/item?id=49724691, 错误: 429 Client Error: Too Many Requests for url: https://news.ycombinator.com/item?id=49724691
2026-09-19 16:03:13,852 - scrapers.hackernews_scraper - ERROR - 获取故事详情失败: 49724691
2026-09-19 16:03:16,505 - utils.http_utils - ERROR - 请求失败: https://news.ycombinator.com/item?id=49724691, 错误: 429 Client Error: Too Many Requests for url: https://news.ycombinator.com/item?id=49724691
2026-09-19 16:03:16,505 - scrapers.hackernews_scraper - ERROR - 获取故事详情失败: 49724691
2026-09-19 16:03:16,505 - scrapers.hackernews_scraper - INFO - 故事 Ask HN: What is the most caree... 转换完成，包含 0 条评论
2026-09-19 16:03:16,505 - scrapers.hackernews_scraper - INFO - 转换第 9/12 个故事: Ask HN: Alternatives to Twitte...
2026-09-19 16:03:19,065 - utils.http_utils - ERROR - 请求失败: https://news.ycombinator.com/item?id=49752806, 错误: 429 Client Error: Too Many Requests for url: https://news.ycombinator.com/item?id=49752806
2026-09-19 16:03:19,065 - scrapers.hackernews_scraper - ERROR - 获取故事详情失败: 49752806
2026-09-19 16:03:21,265 - utils.http_utils - ERROR - 请求失败: https://news.ycombinator.com/item?id=49752806, 错误: 429 Client Error: Too Many Requests for url: https://news.ycombinator.com/item?id=49752806
2026-09-19 16:03:21,265 - scrapers.hackernews_scraper - ERROR - 获取故事详情失败: 49752806
2026-09-19 16:03:21,265 - scrapers.hackernews_scraper - INFO - 故事 Ask HN: Alternatives to Twitte... 转换完成，包含 0 条评论
2026-09-19 16:03:21,265 - scrapers.hackernews_scraper - INFO - 转换第 10/12 个故事: Ask HN: What self-hosted apps ...
2026-09-19 16:03:23,182 - utils.http_utils - ERROR - 请求失败: https://news.ycombinator.com/item?id=49746527, 错误: 429 Client Error: Too Many Requests for url: https://news.ycombinator.com/item?id=49746527
2026-09-19 16:03:23,182 - scrapers.hackernews_scraper - ERROR - 获取故事详情失败: 49746527
2026-09-19 16:03:25,203 - utils.http_utils - ERROR - 请求失败: https://news.ycombinator.com/item?id=49746527, 错误: 429 Client Error: Too Many Requests for url: https://news.ycombinator.com/item?id=49746527
2026-09-19 16:03:25,203 - scrapers.hackernews_scraper - ERROR - 获取故事详情失败: 49746527
2026-09-19 16:03:25,203 - scrapers.hackernews_scraper - INFO - 故事 Ask HN: What self-hosted apps ... 转换完成，包含 0 条评论
2026-09-19 16:03:25,203 - scrapers.hackernews_scraper - INFO - 转换第 11/12 个故事: Ask HN: How are you managing a...
2026-09-19 16:03:27,518 - utils.http_utils - ERROR - 请求失败: https://news.ycombinator.com/item?id=49698914, 错误: 429 Client Error: Too Many Requests for url: https://news.ycombinator.com/item?id=49698914
2026-09-19 16:03:27,518 - scrapers.hackernews_scraper - ERROR - 获取故事详情失败: 49698914
2026-09-19 16:03:28,931 - utils.http_utils - ERROR - 请求失败: https://news.ycombinator.com/item?id=49698914, 错误: 429 Client Error: Too Many Requests for url: https://news.ycombinator.com/item?id=49698914
2026-09-19 16:03:28,931 - scrapers.hackernews_scraper - ERROR - 获取故事详情失败: 49698914
2026-09-19 16:03:28,931 - scrapers.hackernews_scraper - INFO - 故事 Ask HN: How are you managing a... 转换完成，包含 0 条评论
2026-09-19 16:03:28,931 - scrapers.hackernews_scraper - INFO - 转换第 12/12 个故事: Ask HN: What Makes Tokens Expe...
2026-09-19 16:03:31,255 - utils.http_utils - ERROR - 请求失败: https://news.ycombinator.com/item?id=49743419, 错误: 429 Client Error: Too Many Requests for url: https://news.ycombinator.com/item?id=49743419
2026-09-19 16:03:31,255 - scrapers.hackernews_scraper - ERROR - 获取故事详情失败: 49743419
2026-09-19 16:03:33,170 - utils.http_utils - ERROR - 请求失败: https://news.ycombinator.com/item?id=49743419, 错误: 429 Client Error: Too Many Requests for url: https://news.ycombinator.com/item?id=49743419
2026-09-19 16:03:33,170 - scrapers.hackernews_scraper - ERROR - 获取故事详情失败: 49743419
2026-09-19 16:03:33,170 - scrapers.hackernews_scraper - INFO - 故事 Ask HN: What Makes Tokens Expe... 转换完成，包含 0 条评论
2026-09-19 16:03:33,170 - scrapers.hackernews_scraper - INFO - 共转换 12 个故事为统一格式
2026-09-19 16:03:33,170 - scrapers.hackernews_scraper - INFO - 爬取完成，共获取 12 个Ask HN故事
2026-09-19 16:03:33,324 - utils.storage_utils - INFO - 已更新源索引: hackernews
2026-09-19 16:03:33,325 - utils.storage_utils - INFO - 数据已保存到 data/hackernews/week_2026-09-14.json
2026-09-19 16:03:33,326 - scrapers.base_scraper - INFO - 数据已保存到 data/hackernews/week_2026-09-14.json
2026-09-19 16:03:33,326 - scrapers.base_scraper - INFO - 成功爬取 Hacker News 的数据
2026-09-19 16:03:33,326 - __main__ - INFO - 完成: 1/3 个爬虫成功运行
2026-09-19 16:03:33,440 - __main__ - INFO - 归档所有源的旧数据
2026-09-19 16:03:33,441 - __main__ - INFO - 源 jandan 归档 无需归档
2026-09-19 16:03:33,441 - __main__ - INFO - 源 reddit 归档 无需归档
2026-09-19 16:03:33,441 - __main__ - INFO - 源 hackernews 归档 无需归档
