2026-08-18 16:04:55,876 - __main__ - INFO - 运行所有爬虫
2026-08-18 16:04:55,876 - scrapers.jandan_scraper - INFO - JandanScraper初始化完成
2026-08-18 16:04:55,876 - scrapers.base_scraper - INFO - 开始爬取 煎蛋网
2026-08-18 16:04:55,876 - scrapers.jandan_scraper - INFO - 开始爬取煎蛋热评
2026-08-18 16:04:58,443 - scrapers.jandan_scraper - INFO - 成功获取HTML内容，长度: 37305
2026-08-18 16:04:58,443 - scrapers.jandan_scraper - INFO - 调试: 手动获取评论 5877984 的吐槽数据
2026-08-18 16:04:58,443 - scrapers.jandan_scraper - INFO - 获取评论 5877984 的吐槽内容: https://jandan.net/api/tucao/list/5877984
2026-08-18 16:05:00,274 - scrapers.jandan_scraper - INFO - 评论 5877984 获取到 0 条热门吐槽, 0 条普通吐槽
2026-08-18 16:05:00,274 - scrapers.jandan_scraper - INFO - 调试: 评论 5877984 获取到 0 条热门吐槽, 0 条普通吐槽
2026-08-18 16:05:00,274 - scrapers.jandan_scraper - INFO - 开始解析页面中的评论
2026-08-18 16:05:00,274 - scrapers.jandan_scraper - INFO - 开始解析HTML内容, 长度: 37305
2026-08-18 16:05:00,290 - scrapers.jandan_scraper - INFO - 找到 0 条热门评论
2026-08-18 16:05:00,291 - scrapers.jandan_scraper - INFO - 解析完成，获取到 0 条评论
2026-08-18 16:05:00,291 - scrapers.jandan_scraper - INFO - 开始转换评论为统一格式
2026-08-18 16:05:00,291 - scrapers.jandan_scraper - INFO - 开始转换 0 条评论到统一格式
2026-08-18 16:05:00,291 - scrapers.jandan_scraper - INFO - 共转换 0 条评论为统一格式
2026-08-18 16:05:00,291 - scrapers.jandan_scraper - INFO - 爬取完成，共获取 0 条热评
2026-08-18 16:05:00,291 - scrapers.base_scraper - ERROR - 爬取 煎蛋网 失败
2026-08-18 16:05:00,291 - scrapers.reddit_scraper - INFO - RedditScraper初始化完成
2026-08-18 16:05:00,292 - scrapers.base_scraper - INFO - 开始爬取 Reddit
2026-08-18 16:05:00,292 - scrapers.reddit_scraper - INFO - 开始爬取Reddit r/confessions每周热门帖子
2026-08-18 16:05:02,924 - utils.http_utils - ERROR - 请求失败: https://www.reddit.com/r/confessions/top/.json?t=week&limit=10, 错误: 403 Client Error: Blocked for url: https://www.reddit.com/r/confessions/top/.json?t=week&limit=10
2026-08-18 16:05:02,924 - scrapers.reddit_scraper - ERROR - 获取API数据失败: 403 Client Error: Blocked for url: https://www.reddit.com/r/confessions/top/.json?t=week&limit=10
2026-08-18 16:05:02,925 - scrapers.base_scraper - ERROR - 爬取 Reddit 失败
2026-08-18 16:05:02,925 - scrapers.hackernews_scraper - INFO - HackerNewsScraper初始化完成
2026-08-18 16:05:02,925 - scrapers.base_scraper - INFO - 开始爬取 Hacker News
2026-08-18 16:05:02,925 - scrapers.hackernews_scraper - INFO - 开始爬取Hacker News Ask HN帖子
2026-08-18 16:05:02,925 - scrapers.hackernews_scraper - INFO - 获取Ask HN页面: https://news.ycombinator.com/ask
2026-08-18 16:05:06,120 - scrapers.hackernews_scraper - INFO - 找到 30 个帖子行
2026-08-18 16:05:06,122 - scrapers.hackernews_scraper - INFO - 成功解析故事: Ask HN: Do you feel comfortabl..., 作者=var0xyz, 点赞=5, 评论=0
2026-08-18 16:05:06,122 - scrapers.hackernews_scraper - INFO - 成功解析故事: Ask HN: Alternatives to GitHub..., 作者=dhruv3006, 点赞=612, 评论=0
2026-08-18 16:05:06,123 - scrapers.hackernews_scraper - INFO - 成功解析故事: Ask HN: Another GitHub Outage?..., 作者=tom1337, 点赞=3, 评论=0
2026-08-18 16:05:06,124 - scrapers.hackernews_scraper - INFO - 成功解析故事: Ask HN: Science Fiction. Some ..., 作者=ewjloop, 点赞=2, 评论=0
2026-08-18 16:05:06,124 - scrapers.hackernews_scraper - INFO - 成功解析故事: Ask HN: Good content on using ..., 作者=mguerville, 点赞=5, 评论=0
2026-08-18 16:05:06,125 - scrapers.hackernews_scraper - INFO - 成功解析故事: Ask HN: Can I realistically ma..., 作者=brooke1, 点赞=4, 评论=0
2026-08-18 16:05:06,125 - scrapers.hackernews_scraper - INFO - 成功解析故事: Ask HN: What's a Dirty Secret ..., 作者=karakoram, 点赞=6, 评论=0
2026-08-18 16:05:06,126 - scrapers.hackernews_scraper - INFO - 成功解析故事: Ask HN: How do you manage focu..., 作者=pranav_tech26, 点赞=4, 评论=0
2026-08-18 16:05:06,127 - scrapers.hackernews_scraper - INFO - 成功解析故事: Ask HN: How do you keep up wit..., 作者=simonebrunozzi, 点赞=90, 评论=0
2026-08-18 16:05:06,128 - scrapers.hackernews_scraper - INFO - 成功解析故事: Ask HN: What's the Best Agent ..., 作者=cakbeslik, 点赞=5, 评论=0
2026-08-18 16:05:06,128 - scrapers.hackernews_scraper - INFO - 成功解析故事: Ask HN: How can we care more a..., 作者=robalni, 点赞=4, 评论=0
2026-08-18 16:05:06,129 - scrapers.hackernews_scraper - INFO - 成功解析故事: Ask HN: If you're burning toke..., 作者=simonw, 点赞=4, 评论=0
2026-08-18 16:05:06,129 - scrapers.hackernews_scraper - INFO - 成功解析故事: Ask HN: Is GitHub Fried Today?..., 作者=johncole, 点赞=4, 评论=0
2026-08-18 16:05:06,130 - scrapers.hackernews_scraper - INFO - 成功解析故事: Ask HN: What is your favorite ..., 作者=pranav_tech26, 点赞=22, 评论=0
2026-08-18 16:05:06,130 - scrapers.hackernews_scraper - INFO - 成功解析故事: Ask HN: Is Mockup Data a thing..., 作者=xtiansimon, 点赞=3, 评论=0
2026-08-18 16:05:06,130 - scrapers.hackernews_scraper - INFO - 成功解析 15 个Ask HN故事
2026-08-18 16:05:06,130 - scrapers.hackernews_scraper - INFO - 开始转换 15 个故事到统一格式
2026-08-18 16:05:06,130 - scrapers.hackernews_scraper - INFO - 转换第 1/15 个故事: Ask HN: Do you feel comfortabl...
2026-08-18 16:05:08,351 - scrapers.hackernews_scraper - INFO - 找到 5 条评论
2026-08-18 16:05:08,354 - scrapers.hackernews_scraper - INFO - 故事 Ask HN: Do you feel comfortabl... 转换完成，包含 5 条评论
2026-08-18 16:05:08,354 - scrapers.hackernews_scraper - INFO - 转换第 2/15 个故事: Ask HN: Alternatives to GitHub...
2026-08-18 16:05:11,202 - scrapers.hackernews_scraper - INFO - 找到 404 条评论
2026-08-18 16:05:13,723 - scrapers.hackernews_scraper - INFO - 故事 Ask HN: Alternatives to GitHub... 转换完成，包含 100 条评论
2026-08-18 16:05:13,724 - scrapers.hackernews_scraper - INFO - 转换第 3/15 个故事: Ask HN: Another GitHub Outage?...
2026-08-18 16:05:15,747 - utils.http_utils - ERROR - 请求失败: https://news.ycombinator.com/item?id=49346871, 错误: 429 Client Error: Too Many Requests for url: https://news.ycombinator.com/item?id=49346871
2026-08-18 16:05:15,747 - scrapers.hackernews_scraper - ERROR - 获取故事详情失败: 49346871
2026-08-18 16:05:17,603 - scrapers.hackernews_scraper - INFO - 找到 1 条评论
2026-08-18 16:05:17,604 - scrapers.hackernews_scraper - INFO - 故事 Ask HN: Another GitHub Outage?... 转换完成，包含 1 条评论
2026-08-18 16:05:17,604 - scrapers.hackernews_scraper - INFO - 转换第 4/15 个故事: Ask HN: Science Fiction. Some ...
2026-08-18 16:05:19,043 - scrapers.hackernews_scraper - INFO - 找到 2 条评论
2026-08-18 16:05:19,044 - scrapers.hackernews_scraper - INFO - 故事 Ask HN: Science Fiction. Some ... 转换完成，包含 2 条评论
2026-08-18 16:05:19,044 - scrapers.hackernews_scraper - INFO - 转换第 5/15 个故事: Ask HN: Good content on using ...
2026-08-18 16:05:20,703 - scrapers.hackernews_scraper - INFO - 找到 2 条评论
2026-08-18 16:05:20,705 - scrapers.hackernews_scraper - INFO - 故事 Ask HN: Good content on using ... 转换完成，包含 2 条评论
2026-08-18 16:05:20,705 - scrapers.hackernews_scraper - INFO - 转换第 6/15 个故事: Ask HN: Can I realistically ma...
2026-08-18 16:05:22,083 - scrapers.hackernews_scraper - INFO - 找到 11 条评论
2026-08-18 16:05:22,089 - scrapers.hackernews_scraper - INFO - 故事 Ask HN: Can I realistically ma... 转换完成，包含 11 条评论
2026-08-18 16:05:22,089 - scrapers.hackernews_scraper - INFO - 转换第 7/15 个故事: Ask HN: What's a Dirty Secret ...
2026-08-18 16:05:24,698 - scrapers.hackernews_scraper - INFO - 找到 7 条评论
2026-08-18 16:05:24,702 - scrapers.hackernews_scraper - INFO - 故事 Ask HN: What's a Dirty Secret ... 转换完成，包含 7 条评论
2026-08-18 16:05:24,702 - scrapers.hackernews_scraper - INFO - 转换第 8/15 个故事: Ask HN: How do you manage focu...
2026-08-18 16:05:25,796 - utils.http_utils - ERROR - 请求失败: https://news.ycombinator.com/item?id=49345137, 错误: 429 Client Error: Too Many Requests for url: https://news.ycombinator.com/item?id=49345137
2026-08-18 16:05:25,796 - scrapers.hackernews_scraper - ERROR - 获取故事详情失败: 49345137
2026-08-18 16:05:27,712 - utils.http_utils - ERROR - 请求失败: https://news.ycombinator.com/item?id=49345137, 错误: 429 Client Error: Too Many Requests for url: https://news.ycombinator.com/item?id=49345137
2026-08-18 16:05:27,712 - scrapers.hackernews_scraper - ERROR - 获取故事详情失败: 49345137
2026-08-18 16:05:27,712 - scrapers.hackernews_scraper - INFO - 故事 Ask HN: How do you manage focu... 转换完成，包含 0 条评论
2026-08-18 16:05:27,712 - scrapers.hackernews_scraper - INFO - 转换第 9/15 个故事: Ask HN: How do you keep up wit...
2026-08-18 16:05:30,550 - scrapers.hackernews_scraper - INFO - 找到 145 条评论
2026-08-18 16:05:30,917 - scrapers.hackernews_scraper - INFO - 故事 Ask HN: How do you keep up wit... 转换完成，包含 100 条评论
2026-08-18 16:05:30,917 - scrapers.hackernews_scraper - INFO - 转换第 10/15 个故事: Ask HN: What's the Best Agent ...
2026-08-18 16:05:32,349 - utils.http_utils - ERROR - 请求失败: https://news.ycombinator.com/item?id=49333747, 错误: 429 Client Error: Too Many Requests for url: https://news.ycombinator.com/item?id=49333747
2026-08-18 16:05:32,349 - scrapers.hackernews_scraper - ERROR - 获取故事详情失败: 49333747
2026-08-18 16:05:34,485 - utils.http_utils - ERROR - 请求失败: https://news.ycombinator.com/item?id=49333747, 错误: 429 Client Error: Too Many Requests for url: https://news.ycombinator.com/item?id=49333747
2026-08-18 16:05:34,485 - scrapers.hackernews_scraper - ERROR - 获取故事详情失败: 49333747
2026-08-18 16:05:34,485 - scrapers.hackernews_scraper - INFO - 故事 Ask HN: What's the Best Agent ... 转换完成，包含 0 条评论
2026-08-18 16:05:34,485 - scrapers.hackernews_scraper - INFO - 转换第 11/15 个故事: Ask HN: How can we care more a...
2026-08-18 16:05:37,109 - utils.http_utils - ERROR - 请求失败: https://news.ycombinator.com/item?id=49333404, 错误: 429 Client Error: Too Many Requests for url: https://news.ycombinator.com/item?id=49333404
2026-08-18 16:05:37,109 - scrapers.hackernews_scraper - ERROR - 获取故事详情失败: 49333404
2026-08-18 16:05:39,414 - utils.http_utils - ERROR - 请求失败: https://news.ycombinator.com/item?id=49333404, 错误: 429 Client Error: Too Many Requests for url: https://news.ycombinator.com/item?id=49333404
2026-08-18 16:05:39,415 - scrapers.hackernews_scraper - ERROR - 获取故事详情失败: 49333404
2026-08-18 16:05:39,415 - scrapers.hackernews_scraper - INFO - 故事 Ask HN: How can we care more a... 转换完成，包含 0 条评论
2026-08-18 16:05:39,415 - scrapers.hackernews_scraper - INFO - 转换第 12/15 个故事: Ask HN: If you're burning toke...
2026-08-18 16:05:42,053 - utils.http_utils - ERROR - 请求失败: https://news.ycombinator.com/item?id=49333379, 错误: 429 Client Error: Too Many Requests for url: https://news.ycombinator.com/item?id=49333379
2026-08-18 16:05:42,053 - scrapers.hackernews_scraper - ERROR - 获取故事详情失败: 49333379
2026-08-18 16:05:43,951 - utils.http_utils - ERROR - 请求失败: https://news.ycombinator.com/item?id=49333379, 错误: 429 Client Error: Too Many Requests for url: https://news.ycombinator.com/item?id=49333379
2026-08-18 16:05:43,951 - scrapers.hackernews_scraper - ERROR - 获取故事详情失败: 49333379
2026-08-18 16:05:43,951 - scrapers.hackernews_scraper - INFO - 故事 Ask HN: If you're burning toke... 转换完成，包含 0 条评论
2026-08-18 16:05:43,951 - scrapers.hackernews_scraper - INFO - 转换第 13/15 个故事: Ask HN: Is GitHub Fried Today?...
2026-08-18 16:05:45,140 - utils.http_utils - ERROR - 请求失败: https://news.ycombinator.com/item?id=49333136, 错误: 429 Client Error: Too Many Requests for url: https://news.ycombinator.com/item?id=49333136
2026-08-18 16:05:45,141 - scrapers.hackernews_scraper - ERROR - 获取故事详情失败: 49333136
2026-08-18 16:05:47,926 - utils.http_utils - ERROR - 请求失败: https://news.ycombinator.com/item?id=49333136, 错误: 429 Client Error: Too Many Requests for url: https://news.ycombinator.com/item?id=49333136
2026-08-18 16:05:47,926 - scrapers.hackernews_scraper - ERROR - 获取故事详情失败: 49333136
2026-08-18 16:05:47,926 - scrapers.hackernews_scraper - INFO - 故事 Ask HN: Is GitHub Fried Today?... 转换完成，包含 0 条评论
2026-08-18 16:05:47,926 - scrapers.hackernews_scraper - INFO - 转换第 14/15 个故事: Ask HN: What is your favorite ...
2026-08-18 16:05:50,006 - utils.http_utils - ERROR - 请求失败: https://news.ycombinator.com/item?id=49314700, 错误: 429 Client Error: Too Many Requests for url: https://news.ycombinator.com/item?id=49314700
2026-08-18 16:05:50,007 - scrapers.hackernews_scraper - ERROR - 获取故事详情失败: 49314700
2026-08-18 16:05:51,135 - utils.http_utils - ERROR - 请求失败: https://news.ycombinator.com/item?id=49314700, 错误: 429 Client Error: Too Many Requests for url: https://news.ycombinator.com/item?id=49314700
2026-08-18 16:05:51,135 - scrapers.hackernews_scraper - ERROR - 获取故事详情失败: 49314700
2026-08-18 16:05:51,135 - scrapers.hackernews_scraper - INFO - 故事 Ask HN: What is your favorite ... 转换完成，包含 0 条评论
2026-08-18 16:05:51,135 - scrapers.hackernews_scraper - INFO - 转换第 15/15 个故事: Ask HN: Is Mockup Data a thing...
2026-08-18 16:05:52,440 - utils.http_utils - ERROR - 请求失败: https://news.ycombinator.com/item?id=49331243, 错误: 429 Client Error: Too Many Requests for url: https://news.ycombinator.com/item?id=49331243
2026-08-18 16:05:52,440 - scrapers.hackernews_scraper - ERROR - 获取故事详情失败: 49331243
2026-08-18 16:05:54,443 - utils.http_utils - ERROR - 请求失败: https://news.ycombinator.com/item?id=49331243, 错误: 429 Client Error: Too Many Requests for url: https://news.ycombinator.com/item?id=49331243
2026-08-18 16:05:54,443 - scrapers.hackernews_scraper - ERROR - 获取故事详情失败: 49331243
2026-08-18 16:05:54,443 - scrapers.hackernews_scraper - INFO - 故事 Ask HN: Is Mockup Data a thing... 转换完成，包含 0 条评论
2026-08-18 16:05:54,443 - scrapers.hackernews_scraper - INFO - 共转换 15 个故事为统一格式
2026-08-18 16:05:54,443 - scrapers.hackernews_scraper - INFO - 爬取完成，共获取 15 个Ask HN故事
2026-08-18 16:05:54,630 - utils.storage_utils - INFO - 已更新源索引: hackernews
2026-08-18 16:05:54,630 - utils.storage_utils - INFO - 数据已保存到 data/hackernews/week_2026-08-17.json
2026-08-18 16:05:54,631 - scrapers.base_scraper - INFO - 数据已保存到 data/hackernews/week_2026-08-17.json
2026-08-18 16:05:54,631 - scrapers.base_scraper - INFO - 成功爬取 Hacker News 的数据
2026-08-18 16:05:54,631 - __main__ - INFO - 完成: 1/3 个爬虫成功运行
2026-08-18 16:05:54,799 - __main__ - INFO - 归档所有源的旧数据
2026-08-18 16:05:54,799 - __main__ - INFO - 源 jandan 归档 无需归档
2026-08-18 16:05:54,800 - __main__ - INFO - 源 reddit 归档 无需归档
2026-08-18 16:05:54,800 - __main__ - INFO - 源 hackernews 归档 无需归档
