2026-08-31 16:03:03,996 - __main__ - INFO - 运行所有爬虫
2026-08-31 16:03:03,996 - scrapers.jandan_scraper - INFO - JandanScraper初始化完成
2026-08-31 16:03:03,997 - scrapers.base_scraper - INFO - 开始爬取 煎蛋网
2026-08-31 16:03:03,997 - scrapers.jandan_scraper - INFO - 开始爬取煎蛋热评
2026-08-31 16:03:07,703 - scrapers.jandan_scraper - INFO - 成功获取HTML内容，长度: 37406
2026-08-31 16:03:07,703 - scrapers.jandan_scraper - INFO - 调试: 手动获取评论 5877984 的吐槽数据
2026-08-31 16:03:07,703 - scrapers.jandan_scraper - INFO - 获取评论 5877984 的吐槽内容: https://jandan.net/api/tucao/list/5877984
2026-08-31 16:03:11,079 - scrapers.jandan_scraper - INFO - 评论 5877984 获取到 0 条热门吐槽, 0 条普通吐槽
2026-08-31 16:03:11,079 - scrapers.jandan_scraper - INFO - 调试: 评论 5877984 获取到 0 条热门吐槽, 0 条普通吐槽
2026-08-31 16:03:11,079 - scrapers.jandan_scraper - INFO - 开始解析页面中的评论
2026-08-31 16:03:11,079 - scrapers.jandan_scraper - INFO - 开始解析HTML内容, 长度: 37406
2026-08-31 16:03:11,098 - scrapers.jandan_scraper - INFO - 找到 0 条热门评论
2026-08-31 16:03:11,098 - scrapers.jandan_scraper - INFO - 解析完成，获取到 0 条评论
2026-08-31 16:03:11,098 - scrapers.jandan_scraper - INFO - 开始转换评论为统一格式
2026-08-31 16:03:11,098 - scrapers.jandan_scraper - INFO - 开始转换 0 条评论到统一格式
2026-08-31 16:03:11,098 - scrapers.jandan_scraper - INFO - 共转换 0 条评论为统一格式
2026-08-31 16:03:11,098 - scrapers.jandan_scraper - INFO - 爬取完成，共获取 0 条热评
2026-08-31 16:03:11,098 - scrapers.base_scraper - ERROR - 爬取 煎蛋网 失败
2026-08-31 16:03:11,098 - scrapers.reddit_scraper - INFO - RedditScraper初始化完成
2026-08-31 16:03:11,099 - scrapers.base_scraper - INFO - 开始爬取 Reddit
2026-08-31 16:03:11,100 - scrapers.reddit_scraper - INFO - 开始爬取Reddit r/confessions每周热门帖子
2026-08-31 16:03:13,318 - utils.http_utils - ERROR - 请求失败: https://www.reddit.com/r/confessions/top/.json?t=week&limit=10, 错误: 403 Client Error: Blocked for url: https://www.reddit.com/r/confessions/top/.json?t=week&limit=10
2026-08-31 16:03:13,318 - scrapers.reddit_scraper - ERROR - 获取API数据失败: 403 Client Error: Blocked for url: https://www.reddit.com/r/confessions/top/.json?t=week&limit=10
2026-08-31 16:03:13,319 - scrapers.base_scraper - ERROR - 爬取 Reddit 失败
2026-08-31 16:03:13,319 - scrapers.hackernews_scraper - INFO - HackerNewsScraper初始化完成
2026-08-31 16:03:13,319 - scrapers.base_scraper - INFO - 开始爬取 Hacker News
2026-08-31 16:03:13,319 - scrapers.hackernews_scraper - INFO - 开始爬取Hacker News Ask HN帖子
2026-08-31 16:03:13,319 - scrapers.hackernews_scraper - INFO - 获取Ask HN页面: https://news.ycombinator.com/ask
2026-08-31 16:03:15,043 - scrapers.hackernews_scraper - INFO - 找到 21 个帖子行
2026-08-31 16:03:15,045 - scrapers.hackernews_scraper - INFO - 成功解析故事: Ask HN: What would happen if y..., 作者=jc_811, 点赞=12, 评论=0
2026-08-31 16:03:15,047 - scrapers.hackernews_scraper - INFO - 成功解析故事: Ask HN: Which self-hosted Dock..., 作者=vsilent, 点赞=3, 评论=0
2026-08-31 16:03:15,047 - scrapers.hackernews_scraper - INFO - 成功解析故事: Ask HN: Why is Founder Mode no..., 作者=jorisboris, 点赞=4, 评论=0
2026-08-31 16:03:15,048 - scrapers.hackernews_scraper - INFO - 成功解析故事: Ask HN: What do your job inter..., 作者=Hixon10, 点赞=20, 评论=0
2026-08-31 16:03:15,048 - scrapers.hackernews_scraper - INFO - 成功解析故事: Ask HN: What is the next Burni..., 作者=johnnyApplePRNG, 点赞=3, 评论=0
2026-08-31 16:03:15,049 - scrapers.hackernews_scraper - INFO - 成功解析故事: Ask HN: What to do when a vend..., 作者=cudder, 点赞=3, 评论=0
2026-08-31 16:03:15,050 - scrapers.hackernews_scraper - INFO - 成功解析故事: Ask HN: Are Prompt Injections ..., 作者=razorbeamz, 点赞=2, 评论=0
2026-08-31 16:03:15,050 - scrapers.hackernews_scraper - INFO - 成功解析故事: Ask HN: Is Rust is a real nich..., 作者=juntz, 点赞=3, 评论=0
2026-08-31 16:03:15,051 - scrapers.hackernews_scraper - INFO - 成功解析故事: Ask HN: What are your biggest ..., 作者=top_rooster, 点赞=5, 评论=0
2026-08-31 16:03:15,052 - scrapers.hackernews_scraper - INFO - 成功解析故事: Ask HN: AI for Home Lab Infra?..., 作者=voakbasda, 点赞=2, 评论=0
2026-08-31 16:03:15,052 - scrapers.hackernews_scraper - INFO - 成功解析故事: Ask HN: Do you run A/B Tests?..., 作者=hackeryogi, 点赞=5, 评论=0
2026-08-31 16:03:15,053 - scrapers.hackernews_scraper - INFO - 成功解析故事: Ask HN: What's a Good Physical..., 作者=xrd, 点赞=10, 评论=0
2026-08-31 16:03:15,053 - scrapers.hackernews_scraper - INFO - 成功解析故事: Ask HN: Hugging Face is out. W..., 作者=FireUpTheTorren, 点赞=23, 评论=0
2026-08-31 16:03:15,054 - scrapers.hackernews_scraper - INFO - 成功解析故事: Ask HN: Those making $500/mont..., 作者=kaladan, 点赞=80, 评论=0
2026-08-31 16:03:15,054 - scrapers.hackernews_scraper - INFO - 成功解析 14 个Ask HN故事
2026-08-31 16:03:15,054 - scrapers.hackernews_scraper - INFO - 开始转换 14 个故事到统一格式
2026-08-31 16:03:15,054 - scrapers.hackernews_scraper - INFO - 转换第 1/14 个故事: Ask HN: What would happen if y...
2026-08-31 16:03:17,979 - scrapers.hackernews_scraper - INFO - 找到 14 条评论
2026-08-31 16:03:17,989 - scrapers.hackernews_scraper - INFO - 故事 Ask HN: What would happen if y... 转换完成，包含 14 条评论
2026-08-31 16:03:17,989 - scrapers.hackernews_scraper - INFO - 转换第 2/14 个故事: Ask HN: Which self-hosted Dock...
2026-08-31 16:03:20,004 - scrapers.hackernews_scraper - INFO - 找到 0 条评论
2026-08-31 16:03:20,004 - scrapers.hackernews_scraper - INFO - 故事 Ask HN: Which self-hosted Dock... 转换完成，包含 0 条评论
2026-08-31 16:03:20,004 - scrapers.hackernews_scraper - INFO - 转换第 3/14 个故事: Ask HN: Why is Founder Mode no...
2026-08-31 16:03:21,298 - scrapers.hackernews_scraper - INFO - 找到 2 条评论
2026-08-31 16:03:21,299 - scrapers.hackernews_scraper - INFO - 故事 Ask HN: Why is Founder Mode no... 转换完成，包含 2 条评论
2026-08-31 16:03:21,299 - scrapers.hackernews_scraper - INFO - 转换第 4/14 个故事: Ask HN: What do your job inter...
2026-08-31 16:03:23,363 - scrapers.hackernews_scraper - INFO - 找到 6 条评论
2026-08-31 16:03:23,367 - scrapers.hackernews_scraper - INFO - 故事 Ask HN: What do your job inter... 转换完成，包含 6 条评论
2026-08-31 16:03:23,367 - scrapers.hackernews_scraper - INFO - 转换第 5/14 个故事: Ask HN: What is the next Burni...
2026-08-31 16:03:26,334 - utils.http_utils - ERROR - 请求失败: https://news.ycombinator.com/item?id=49507599, 错误: 429 Client Error: Too Many Requests for url: https://news.ycombinator.com/item?id=49507599
2026-08-31 16:03:26,334 - scrapers.hackernews_scraper - ERROR - 获取故事详情失败: 49507599
2026-08-31 16:03:29,270 - utils.http_utils - ERROR - 请求失败: https://news.ycombinator.com/item?id=49507599, 错误: 429 Client Error: Too Many Requests for url: https://news.ycombinator.com/item?id=49507599
2026-08-31 16:03:29,270 - scrapers.hackernews_scraper - ERROR - 获取故事详情失败: 49507599
2026-08-31 16:03:29,270 - scrapers.hackernews_scraper - INFO - 故事 Ask HN: What is the next Burni... 转换完成，包含 0 条评论
2026-08-31 16:03:29,271 - scrapers.hackernews_scraper - INFO - 转换第 6/14 个故事: Ask HN: What to do when a vend...
2026-08-31 16:03:31,221 - utils.http_utils - ERROR - 请求失败: https://news.ycombinator.com/item?id=49507259, 错误: 429 Client Error: Too Many Requests for url: https://news.ycombinator.com/item?id=49507259
2026-08-31 16:03:31,221 - scrapers.hackernews_scraper - ERROR - 获取故事详情失败: 49507259
2026-08-31 16:03:34,085 - utils.http_utils - ERROR - 请求失败: https://news.ycombinator.com/item?id=49507259, 错误: 429 Client Error: Too Many Requests for url: https://news.ycombinator.com/item?id=49507259
2026-08-31 16:03:34,085 - scrapers.hackernews_scraper - ERROR - 获取故事详情失败: 49507259
2026-08-31 16:03:34,085 - scrapers.hackernews_scraper - INFO - 故事 Ask HN: What to do when a vend... 转换完成，包含 0 条评论
2026-08-31 16:03:34,085 - scrapers.hackernews_scraper - INFO - 转换第 7/14 个故事: Ask HN: Are Prompt Injections ...
2026-08-31 16:03:35,650 - utils.http_utils - ERROR - 请求失败: https://news.ycombinator.com/item?id=49506998, 错误: 429 Client Error: Too Many Requests for url: https://news.ycombinator.com/item?id=49506998
2026-08-31 16:03:35,650 - scrapers.hackernews_scraper - ERROR - 获取故事详情失败: 49506998
2026-08-31 16:03:37,330 - utils.http_utils - ERROR - 请求失败: https://news.ycombinator.com/item?id=49506998, 错误: 429 Client Error: Too Many Requests for url: https://news.ycombinator.com/item?id=49506998
2026-08-31 16:03:37,331 - scrapers.hackernews_scraper - ERROR - 获取故事详情失败: 49506998
2026-08-31 16:03:37,331 - scrapers.hackernews_scraper - INFO - 故事 Ask HN: Are Prompt Injections ... 转换完成，包含 0 条评论
2026-08-31 16:03:37,331 - scrapers.hackernews_scraper - INFO - 转换第 8/14 个故事: Ask HN: Is Rust is a real nich...
2026-08-31 16:03:40,081 - utils.http_utils - ERROR - 请求失败: https://news.ycombinator.com/item?id=49506838, 错误: 429 Client Error: Too Many Requests for url: https://news.ycombinator.com/item?id=49506838
2026-08-31 16:03:40,081 - scrapers.hackernews_scraper - ERROR - 获取故事详情失败: 49506838
2026-08-31 16:03:42,305 - utils.http_utils - ERROR - 请求失败: https://news.ycombinator.com/item?id=49506838, 错误: 429 Client Error: Too Many Requests for url: https://news.ycombinator.com/item?id=49506838
2026-08-31 16:03:42,305 - scrapers.hackernews_scraper - ERROR - 获取故事详情失败: 49506838
2026-08-31 16:03:42,305 - scrapers.hackernews_scraper - INFO - 故事 Ask HN: Is Rust is a real nich... 转换完成，包含 0 条评论
2026-08-31 16:03:42,305 - scrapers.hackernews_scraper - INFO - 转换第 9/14 个故事: Ask HN: What are your biggest ...
2026-08-31 16:03:45,039 - scrapers.hackernews_scraper - INFO - 找到 2 条评论
2026-08-31 16:03:45,041 - scrapers.hackernews_scraper - INFO - 故事 Ask HN: What are your biggest ... 转换完成，包含 2 条评论
2026-08-31 16:03:45,041 - scrapers.hackernews_scraper - INFO - 转换第 10/14 个故事: Ask HN: AI for Home Lab Infra?...
2026-08-31 16:03:46,886 - utils.http_utils - ERROR - 请求失败: https://news.ycombinator.com/item?id=49501306, 错误: 429 Client Error: Too Many Requests for url: https://news.ycombinator.com/item?id=49501306
2026-08-31 16:03:46,886 - scrapers.hackernews_scraper - ERROR - 获取故事详情失败: 49501306
2026-08-31 16:03:49,508 - utils.http_utils - ERROR - 请求失败: https://news.ycombinator.com/item?id=49501306, 错误: 429 Client Error: Too Many Requests for url: https://news.ycombinator.com/item?id=49501306
2026-08-31 16:03:49,508 - scrapers.hackernews_scraper - ERROR - 获取故事详情失败: 49501306
2026-08-31 16:03:49,508 - scrapers.hackernews_scraper - INFO - 故事 Ask HN: AI for Home Lab Infra?... 转换完成，包含 0 条评论
2026-08-31 16:03:49,509 - scrapers.hackernews_scraper - INFO - 转换第 11/14 个故事: Ask HN: Do you run A/B Tests?...
2026-08-31 16:03:52,514 - utils.http_utils - ERROR - 请求失败: https://news.ycombinator.com/item?id=49498145, 错误: 429 Client Error: Too Many Requests for url: https://news.ycombinator.com/item?id=49498145
2026-08-31 16:03:52,514 - scrapers.hackernews_scraper - ERROR - 获取故事详情失败: 49498145
2026-08-31 16:03:54,486 - utils.http_utils - ERROR - 请求失败: https://news.ycombinator.com/item?id=49498145, 错误: 429 Client Error: Too Many Requests for url: https://news.ycombinator.com/item?id=49498145
2026-08-31 16:03:54,486 - scrapers.hackernews_scraper - ERROR - 获取故事详情失败: 49498145
2026-08-31 16:03:54,487 - scrapers.hackernews_scraper - INFO - 故事 Ask HN: Do you run A/B Tests?... 转换完成，包含 0 条评论
2026-08-31 16:03:54,487 - scrapers.hackernews_scraper - INFO - 转换第 12/14 个故事: Ask HN: What's a Good Physical...
2026-08-31 16:03:55,534 - utils.http_utils - ERROR - 请求失败: https://news.ycombinator.com/item?id=49476981, 错误: 429 Client Error: Too Many Requests for url: https://news.ycombinator.com/item?id=49476981
2026-08-31 16:03:55,534 - scrapers.hackernews_scraper - ERROR - 获取故事详情失败: 49476981
2026-08-31 16:03:57,391 - utils.http_utils - ERROR - 请求失败: https://news.ycombinator.com/item?id=49476981, 错误: 429 Client Error: Too Many Requests for url: https://news.ycombinator.com/item?id=49476981
2026-08-31 16:03:57,391 - scrapers.hackernews_scraper - ERROR - 获取故事详情失败: 49476981
2026-08-31 16:03:57,391 - scrapers.hackernews_scraper - INFO - 故事 Ask HN: What's a Good Physical... 转换完成，包含 0 条评论
2026-08-31 16:03:57,391 - scrapers.hackernews_scraper - INFO - 转换第 13/14 个故事: Ask HN: Hugging Face is out. W...
2026-08-31 16:03:59,123 - utils.http_utils - ERROR - 请求失败: https://news.ycombinator.com/item?id=49465640, 错误: 429 Client Error: Too Many Requests for url: https://news.ycombinator.com/item?id=49465640
2026-08-31 16:03:59,124 - scrapers.hackernews_scraper - ERROR - 获取故事详情失败: 49465640
2026-08-31 16:04:01,968 - utils.http_utils - ERROR - 请求失败: https://news.ycombinator.com/item?id=49465640, 错误: 429 Client Error: Too Many Requests for url: https://news.ycombinator.com/item?id=49465640
2026-08-31 16:04:01,968 - scrapers.hackernews_scraper - ERROR - 获取故事详情失败: 49465640
2026-08-31 16:04:01,969 - scrapers.hackernews_scraper - INFO - 故事 Ask HN: Hugging Face is out. W... 转换完成，包含 0 条评论
2026-08-31 16:04:01,969 - scrapers.hackernews_scraper - INFO - 转换第 14/14 个故事: Ask HN: Those making $500/mont...
2026-08-31 16:04:04,693 - utils.http_utils - ERROR - 请求失败: https://news.ycombinator.com/item?id=49417766, 错误: 429 Client Error: Too Many Requests for url: https://news.ycombinator.com/item?id=49417766
2026-08-31 16:04:04,693 - scrapers.hackernews_scraper - ERROR - 获取故事详情失败: 49417766
2026-08-31 16:04:06,955 - utils.http_utils - ERROR - 请求失败: https://news.ycombinator.com/item?id=49417766, 错误: 429 Client Error: Too Many Requests for url: https://news.ycombinator.com/item?id=49417766
2026-08-31 16:04:06,956 - scrapers.hackernews_scraper - ERROR - 获取故事详情失败: 49417766
2026-08-31 16:04:06,956 - scrapers.hackernews_scraper - INFO - 故事 Ask HN: Those making $500/mont... 转换完成，包含 0 条评论
2026-08-31 16:04:06,956 - scrapers.hackernews_scraper - INFO - 共转换 14 个故事为统一格式
2026-08-31 16:04:06,956 - scrapers.hackernews_scraper - INFO - 爬取完成，共获取 14 个Ask HN故事
2026-08-31 16:04:07,114 - utils.storage_utils - INFO - 已更新源索引: hackernews
2026-08-31 16:04:07,116 - utils.storage_utils - INFO - 数据已保存到 data/hackernews/week_2026-08-31.json
2026-08-31 16:04:07,116 - scrapers.base_scraper - INFO - 数据已保存到 data/hackernews/week_2026-08-31.json
2026-08-31 16:04:07,116 - scrapers.base_scraper - INFO - 成功爬取 Hacker News 的数据
2026-08-31 16:04:07,117 - __main__ - INFO - 完成: 1/3 个爬虫成功运行
2026-08-31 16:04:07,298 - __main__ - INFO - 归档所有源的旧数据
2026-08-31 16:04:07,298 - __main__ - INFO - 源 jandan 归档 无需归档
2026-08-31 16:04:07,298 - __main__ - INFO - 源 reddit 归档 无需归档
2026-08-31 16:04:07,299 - utils.storage_utils - INFO - 已将 week_2026-06-08.json 归档
2026-08-31 16:04:07,299 - __main__ - INFO - 源 hackernews 归档 成功
