2026-08-22 16:02:05,004 - __main__ - INFO - 运行所有爬虫
2026-08-22 16:02:05,005 - scrapers.jandan_scraper - INFO - JandanScraper初始化完成
2026-08-22 16:02:05,005 - scrapers.base_scraper - INFO - 开始爬取 煎蛋网
2026-08-22 16:02:05,005 - scrapers.jandan_scraper - INFO - 开始爬取煎蛋热评
2026-08-22 16:02:07,191 - scrapers.jandan_scraper - INFO - 成功获取HTML内容，长度: 37467
2026-08-22 16:02:07,191 - scrapers.jandan_scraper - INFO - 调试: 手动获取评论 5877984 的吐槽数据
2026-08-22 16:02:07,191 - scrapers.jandan_scraper - INFO - 获取评论 5877984 的吐槽内容: https://jandan.net/api/tucao/list/5877984
2026-08-22 16:02:09,757 - scrapers.jandan_scraper - INFO - 评论 5877984 获取到 0 条热门吐槽, 0 条普通吐槽
2026-08-22 16:02:09,758 - scrapers.jandan_scraper - INFO - 调试: 评论 5877984 获取到 0 条热门吐槽, 0 条普通吐槽
2026-08-22 16:02:09,758 - scrapers.jandan_scraper - INFO - 开始解析页面中的评论
2026-08-22 16:02:09,758 - scrapers.jandan_scraper - INFO - 开始解析HTML内容, 长度: 37467
2026-08-22 16:02:09,776 - scrapers.jandan_scraper - INFO - 找到 0 条热门评论
2026-08-22 16:02:09,777 - scrapers.jandan_scraper - INFO - 解析完成，获取到 0 条评论
2026-08-22 16:02:09,777 - scrapers.jandan_scraper - INFO - 开始转换评论为统一格式
2026-08-22 16:02:09,777 - scrapers.jandan_scraper - INFO - 开始转换 0 条评论到统一格式
2026-08-22 16:02:09,777 - scrapers.jandan_scraper - INFO - 共转换 0 条评论为统一格式
2026-08-22 16:02:09,777 - scrapers.jandan_scraper - INFO - 爬取完成，共获取 0 条热评
2026-08-22 16:02:09,777 - scrapers.base_scraper - ERROR - 爬取 煎蛋网 失败
2026-08-22 16:02:09,777 - scrapers.reddit_scraper - INFO - RedditScraper初始化完成
2026-08-22 16:02:09,778 - scrapers.base_scraper - INFO - 开始爬取 Reddit
2026-08-22 16:02:09,779 - scrapers.reddit_scraper - INFO - 开始爬取Reddit r/confessions每周热门帖子
2026-08-22 16:02:12,375 - utils.http_utils - ERROR - 请求失败: https://www.reddit.com/r/confessions/top/.json?t=week&limit=10, 错误: 403 Client Error: Blocked for url: https://www.reddit.com/r/confessions/top/.json?t=week&limit=10
2026-08-22 16:02:12,376 - scrapers.reddit_scraper - ERROR - 获取API数据失败: 403 Client Error: Blocked for url: https://www.reddit.com/r/confessions/top/.json?t=week&limit=10
2026-08-22 16:02:12,376 - scrapers.base_scraper - ERROR - 爬取 Reddit 失败
2026-08-22 16:02:12,377 - scrapers.hackernews_scraper - INFO - HackerNewsScraper初始化完成
2026-08-22 16:02:12,377 - scrapers.base_scraper - INFO - 开始爬取 Hacker News
2026-08-22 16:02:12,377 - scrapers.hackernews_scraper - INFO - 开始爬取Hacker News Ask HN帖子
2026-08-22 16:02:12,377 - scrapers.hackernews_scraper - INFO - 获取Ask HN页面: https://news.ycombinator.com/ask
2026-08-22 16:02:15,054 - scrapers.hackernews_scraper - INFO - 找到 19 个帖子行
2026-08-22 16:02:15,056 - scrapers.hackernews_scraper - INFO - 成功解析故事: Ask HN: GitHub employees what'..., 作者=sharts, 点赞=323, 评论=0
2026-08-22 16:02:15,057 - scrapers.hackernews_scraper - INFO - 成功解析故事: Ask HN: Alternatives to GitHub..., 作者=dhruv3006, 点赞=648, 评论=0
2026-08-22 16:02:15,057 - scrapers.hackernews_scraper - INFO - 成功解析故事: Ask HN: Why does the US govern..., 作者=roschdal, 点赞=12, 评论=0
2026-08-22 16:02:15,058 - scrapers.hackernews_scraper - INFO - 成功解析故事: Ask HN: I've quit six systems ..., 作者=Abh1Works, 点赞=52, 评论=0
2026-08-22 16:02:15,059 - scrapers.hackernews_scraper - INFO - 成功解析故事: Ask HN: What is the evidence f..., 作者=roschdal, 点赞=8, 评论=0
2026-08-22 16:02:15,059 - scrapers.hackernews_scraper - INFO - 成功解析故事: Ask HN: OpenCode no longer inc..., 作者=dv35z, 点赞=8, 评论=0
2026-08-22 16:02:15,060 - scrapers.hackernews_scraper - INFO - 成功解析故事: Ask HN: Just saw a YC25 job po..., 作者=walrus01, 点赞=73, 评论=0
2026-08-22 16:02:15,061 - scrapers.hackernews_scraper - INFO - 成功解析故事: Ask HN: Why is HN missing a "g..., 作者=KellyCriterion, 点赞=4, 评论=0
2026-08-22 16:02:15,061 - scrapers.hackernews_scraper - INFO - 成功解析故事: Ask HN: How to Relicense an Ol..., 作者=gradschool, 点赞=3, 评论=0
2026-08-22 16:02:15,062 - scrapers.hackernews_scraper - INFO - 成功解析故事: Ask HN: Is GitHub Down Again?..., 作者=delduca, 点赞=11, 评论=0
2026-08-22 16:02:15,063 - scrapers.hackernews_scraper - INFO - 成功解析故事: Ask HN: How do you keep notes ..., 作者=hackerstest, 点赞=5, 评论=0
2026-08-22 16:02:15,063 - scrapers.hackernews_scraper - INFO - 成功解析故事: Ask HN: Do teams really need t..., 作者=avinoth, 点赞=5, 评论=0
2026-08-22 16:02:15,063 - scrapers.hackernews_scraper - INFO - 成功解析 12 个Ask HN故事
2026-08-22 16:02:15,063 - scrapers.hackernews_scraper - INFO - 开始转换 12 个故事到统一格式
2026-08-22 16:02:15,063 - scrapers.hackernews_scraper - INFO - 转换第 1/12 个故事: Ask HN: GitHub employees what'...
2026-08-22 16:02:17,199 - scrapers.hackernews_scraper - INFO - 找到 261 条评论
2026-08-22 16:02:18,354 - scrapers.hackernews_scraper - INFO - 故事 Ask HN: GitHub employees what'... 转换完成，包含 100 条评论
2026-08-22 16:02:18,354 - scrapers.hackernews_scraper - INFO - 转换第 2/12 个故事: Ask HN: Alternatives to GitHub...
2026-08-22 16:02:22,605 - scrapers.hackernews_scraper - INFO - 找到 439 条评论
2026-08-22 16:02:26,377 - scrapers.hackernews_scraper - INFO - 故事 Ask HN: Alternatives to GitHub... 转换完成，包含 100 条评论
2026-08-22 16:02:26,377 - scrapers.hackernews_scraper - INFO - 转换第 3/12 个故事: Ask HN: Why does the US govern...
2026-08-22 16:02:28,188 - scrapers.hackernews_scraper - INFO - 找到 11 条评论
2026-08-22 16:02:28,196 - scrapers.hackernews_scraper - INFO - 故事 Ask HN: Why does the US govern... 转换完成，包含 11 条评论
2026-08-22 16:02:28,197 - scrapers.hackernews_scraper - INFO - 转换第 4/12 个故事: Ask HN: I've quit six systems ...
2026-08-22 16:02:30,435 - scrapers.hackernews_scraper - INFO - 找到 89 条评论
2026-08-22 16:02:30,602 - scrapers.hackernews_scraper - INFO - 故事 Ask HN: I've quit six systems ... 转换完成，包含 89 条评论
2026-08-22 16:02:30,602 - scrapers.hackernews_scraper - INFO - 转换第 5/12 个故事: Ask HN: What is the evidence f...
2026-08-22 16:02:32,271 - scrapers.hackernews_scraper - INFO - 找到 5 条评论
2026-08-22 16:02:32,274 - scrapers.hackernews_scraper - INFO - 故事 Ask HN: What is the evidence f... 转换完成，包含 5 条评论
2026-08-22 16:02:32,274 - scrapers.hackernews_scraper - INFO - 转换第 6/12 个故事: Ask HN: OpenCode no longer inc...
2026-08-22 16:02:33,346 - scrapers.hackernews_scraper - INFO - 找到 6 条评论
2026-08-22 16:02:33,350 - scrapers.hackernews_scraper - INFO - 故事 Ask HN: OpenCode no longer inc... 转换完成，包含 6 条评论
2026-08-22 16:02:33,350 - scrapers.hackernews_scraper - INFO - 转换第 7/12 个故事: Ask HN: Just saw a YC25 job po...
2026-08-22 16:02:34,801 - scrapers.hackernews_scraper - INFO - 找到 52 条评论
2026-08-22 16:02:34,868 - scrapers.hackernews_scraper - INFO - 故事 Ask HN: Just saw a YC25 job po... 转换完成，包含 52 条评论
2026-08-22 16:02:34,868 - scrapers.hackernews_scraper - INFO - 转换第 8/12 个故事: Ask HN: Why is HN missing a "g...
2026-08-22 16:02:36,765 - utils.http_utils - ERROR - 请求失败: https://news.ycombinator.com/item?id=49392170, 错误: 429 Client Error: Too Many Requests for url: https://news.ycombinator.com/item?id=49392170
2026-08-22 16:02:36,766 - scrapers.hackernews_scraper - ERROR - 获取故事详情失败: 49392170
2026-08-22 16:02:38,398 - utils.http_utils - ERROR - 请求失败: https://news.ycombinator.com/item?id=49392170, 错误: 429 Client Error: Too Many Requests for url: https://news.ycombinator.com/item?id=49392170
2026-08-22 16:02:38,399 - scrapers.hackernews_scraper - ERROR - 获取故事详情失败: 49392170
2026-08-22 16:02:38,399 - scrapers.hackernews_scraper - INFO - 故事 Ask HN: Why is HN missing a "g... 转换完成，包含 0 条评论
2026-08-22 16:02:38,399 - scrapers.hackernews_scraper - INFO - 转换第 9/12 个故事: Ask HN: How to Relicense an Ol...
2026-08-22 16:02:40,846 - utils.http_utils - ERROR - 请求失败: https://news.ycombinator.com/item?id=49391444, 错误: 429 Client Error: Too Many Requests for url: https://news.ycombinator.com/item?id=49391444
2026-08-22 16:02:40,847 - scrapers.hackernews_scraper - ERROR - 获取故事详情失败: 49391444
2026-08-22 16:02:42,903 - utils.http_utils - ERROR - 请求失败: https://news.ycombinator.com/item?id=49391444, 错误: 429 Client Error: Too Many Requests for url: https://news.ycombinator.com/item?id=49391444
2026-08-22 16:02:42,904 - scrapers.hackernews_scraper - ERROR - 获取故事详情失败: 49391444
2026-08-22 16:02:42,904 - scrapers.hackernews_scraper - INFO - 故事 Ask HN: How to Relicense an Ol... 转换完成，包含 0 条评论
2026-08-22 16:02:42,904 - scrapers.hackernews_scraper - INFO - 转换第 10/12 个故事: Ask HN: Is GitHub Down Again?...
2026-08-22 16:02:44,274 - utils.http_utils - ERROR - 请求失败: https://news.ycombinator.com/item?id=49388293, 错误: 429 Client Error: Too Many Requests for url: https://news.ycombinator.com/item?id=49388293
2026-08-22 16:02:44,274 - scrapers.hackernews_scraper - ERROR - 获取故事详情失败: 49388293
2026-08-22 16:02:46,016 - utils.http_utils - ERROR - 请求失败: https://news.ycombinator.com/item?id=49388293, 错误: 429 Client Error: Too Many Requests for url: https://news.ycombinator.com/item?id=49388293
2026-08-22 16:02:46,016 - scrapers.hackernews_scraper - ERROR - 获取故事详情失败: 49388293
2026-08-22 16:02:46,016 - scrapers.hackernews_scraper - INFO - 故事 Ask HN: Is GitHub Down Again?... 转换完成，包含 0 条评论
2026-08-22 16:02:46,016 - scrapers.hackernews_scraper - INFO - 转换第 11/12 个故事: Ask HN: How do you keep notes ...
2026-08-22 16:02:48,935 - utils.http_utils - ERROR - 请求失败: https://news.ycombinator.com/item?id=49386529, 错误: 429 Client Error: Too Many Requests for url: https://news.ycombinator.com/item?id=49386529
2026-08-22 16:02:48,935 - scrapers.hackernews_scraper - ERROR - 获取故事详情失败: 49386529
2026-08-22 16:02:50,132 - scrapers.hackernews_scraper - INFO - 找到 2 条评论
2026-08-22 16:02:50,134 - scrapers.hackernews_scraper - INFO - 故事 Ask HN: How do you keep notes ... 转换完成，包含 2 条评论
2026-08-22 16:02:50,134 - scrapers.hackernews_scraper - INFO - 转换第 12/12 个故事: Ask HN: Do teams really need t...
2026-08-22 16:02:52,376 - scrapers.hackernews_scraper - INFO - 找到 5 条评论
2026-08-22 16:02:52,380 - scrapers.hackernews_scraper - INFO - 故事 Ask HN: Do teams really need t... 转换完成，包含 5 条评论
2026-08-22 16:02:52,380 - scrapers.hackernews_scraper - INFO - 共转换 12 个故事为统一格式
2026-08-22 16:02:52,380 - scrapers.hackernews_scraper - INFO - 爬取完成，共获取 12 个Ask HN故事
2026-08-22 16:02:52,707 - utils.storage_utils - INFO - 已更新源索引: hackernews
2026-08-22 16:02:52,708 - utils.storage_utils - INFO - 数据已保存到 data/hackernews/week_2026-08-17.json
2026-08-22 16:02:52,709 - scrapers.base_scraper - INFO - 数据已保存到 data/hackernews/week_2026-08-17.json
2026-08-22 16:02:52,709 - scrapers.base_scraper - INFO - 成功爬取 Hacker News 的数据
2026-08-22 16:02:52,710 - __main__ - INFO - 完成: 1/3 个爬虫成功运行
2026-08-22 16:02:52,903 - __main__ - INFO - 归档所有源的旧数据
2026-08-22 16:02:52,903 - __main__ - INFO - 源 jandan 归档 无需归档
2026-08-22 16:02:52,903 - __main__ - INFO - 源 reddit 归档 无需归档
2026-08-22 16:02:52,903 - __main__ - INFO - 源 hackernews 归档 无需归档
