2026-09-12 16:02:55,531 - __main__ - INFO - 运行所有爬虫
2026-09-12 16:02:55,531 - scrapers.jandan_scraper - INFO - JandanScraper初始化完成
2026-09-12 16:02:55,531 - scrapers.base_scraper - INFO - 开始爬取 煎蛋网
2026-09-12 16:02:55,531 - scrapers.jandan_scraper - INFO - 开始爬取煎蛋热评
2026-09-12 16:02:59,031 - scrapers.jandan_scraper - INFO - 成功获取HTML内容，长度: 37557
2026-09-12 16:02:59,031 - scrapers.jandan_scraper - INFO - 调试: 手动获取评论 5877984 的吐槽数据
2026-09-12 16:02:59,031 - scrapers.jandan_scraper - INFO - 获取评论 5877984 的吐槽内容: https://jandan.net/api/tucao/list/5877984
2026-09-12 16:03:02,351 - scrapers.jandan_scraper - INFO - 评论 5877984 获取到 0 条热门吐槽, 0 条普通吐槽
2026-09-12 16:03:02,351 - scrapers.jandan_scraper - INFO - 调试: 评论 5877984 获取到 0 条热门吐槽, 0 条普通吐槽
2026-09-12 16:03:02,351 - scrapers.jandan_scraper - INFO - 开始解析页面中的评论
2026-09-12 16:03:02,351 - scrapers.jandan_scraper - INFO - 开始解析HTML内容, 长度: 37557
2026-09-12 16:03:02,370 - scrapers.jandan_scraper - INFO - 找到 0 条热门评论
2026-09-12 16:03:02,370 - scrapers.jandan_scraper - INFO - 解析完成，获取到 0 条评论
2026-09-12 16:03:02,371 - scrapers.jandan_scraper - INFO - 开始转换评论为统一格式
2026-09-12 16:03:02,371 - scrapers.jandan_scraper - INFO - 开始转换 0 条评论到统一格式
2026-09-12 16:03:02,371 - scrapers.jandan_scraper - INFO - 共转换 0 条评论为统一格式
2026-09-12 16:03:02,371 - scrapers.jandan_scraper - INFO - 爬取完成，共获取 0 条热评
2026-09-12 16:03:02,371 - scrapers.base_scraper - ERROR - 爬取 煎蛋网 失败
2026-09-12 16:03:02,371 - scrapers.reddit_scraper - INFO - RedditScraper初始化完成
2026-09-12 16:03:02,372 - scrapers.base_scraper - INFO - 开始爬取 Reddit
2026-09-12 16:03:02,372 - scrapers.reddit_scraper - INFO - 开始爬取Reddit r/confessions每周热门帖子
2026-09-12 16:03:04,820 - utils.http_utils - ERROR - 请求失败: https://www.reddit.com/r/confessions/top/.json?t=week&limit=10, 错误: 403 Client Error: Blocked for url: https://www.reddit.com/r/confessions/top/.json?t=week&limit=10
2026-09-12 16:03:04,821 - scrapers.reddit_scraper - ERROR - 获取API数据失败: 403 Client Error: Blocked for url: https://www.reddit.com/r/confessions/top/.json?t=week&limit=10
2026-09-12 16:03:04,821 - scrapers.base_scraper - ERROR - 爬取 Reddit 失败
2026-09-12 16:03:04,821 - scrapers.hackernews_scraper - INFO - HackerNewsScraper初始化完成
2026-09-12 16:03:04,822 - scrapers.base_scraper - INFO - 开始爬取 Hacker News
2026-09-12 16:03:04,822 - scrapers.hackernews_scraper - INFO - 开始爬取Hacker News Ask HN帖子
2026-09-12 16:03:04,822 - scrapers.hackernews_scraper - INFO - 获取Ask HN页面: https://news.ycombinator.com/ask
2026-09-12 16:03:07,512 - scrapers.hackernews_scraper - INFO - 找到 24 个帖子行
2026-09-12 16:03:07,513 - scrapers.hackernews_scraper - INFO - 成功解析故事: Ask HN: Did Google kill its en..., 作者=waldrews, 点赞=20, 评论=0
2026-09-12 16:03:07,514 - scrapers.hackernews_scraper - INFO - 成功解析故事: Ask HN: What's a good "semi-du..., 作者=funkaster, 点赞=5, 评论=0
2026-09-12 16:03:07,515 - scrapers.hackernews_scraper - INFO - 成功解析故事: Ask HN: Can we please limit th..., 作者=cromka, 点赞=807, 评论=0
2026-09-12 16:03:07,515 - scrapers.hackernews_scraper - INFO - 成功解析故事: Ask HN: How are much smarter A..., 作者=superasn, 点赞=9, 评论=0
2026-09-12 16:03:07,516 - scrapers.hackernews_scraper - INFO - 成功解析故事: Ask HN: How do you manage skil..., 作者=imadtaieber, 点赞=319, 评论=0
2026-09-12 16:03:07,517 - scrapers.hackernews_scraper - INFO - 成功解析故事: Ask HN: Where are the innovati..., 作者=cauliflower99, 点赞=5, 评论=0
2026-09-12 16:03:07,517 - scrapers.hackernews_scraper - INFO - 成功解析故事: Ask HN: What default model do ..., 作者=stikit, 点赞=24, 评论=0
2026-09-12 16:03:07,518 - scrapers.hackernews_scraper - INFO - 成功解析故事: Ask HN: Is GPT-6 Astra worth t..., 作者=minimaxir, 点赞=7, 评论=0
2026-09-12 16:03:07,519 - scrapers.hackernews_scraper - INFO - 成功解析故事: Ask HN: AI and Math..., 作者=ekm2, 点赞=2, 评论=0
2026-09-12 16:03:07,519 - scrapers.hackernews_scraper - INFO - 成功解析故事: Ask HN: What is the average nu..., 作者=MrCoffee7, 点赞=2, 评论=0
2026-09-12 16:03:07,520 - scrapers.hackernews_scraper - INFO - 成功解析故事: Ask HN: Show your micro-SaaS..., 作者=genekrapivin, 点赞=29, 评论=0
2026-09-12 16:03:07,521 - scrapers.hackernews_scraper - INFO - 成功解析故事: Ask HN: Software Licenses that..., 作者=mattm, 点赞=9, 评论=0
2026-09-12 16:03:07,521 - scrapers.hackernews_scraper - INFO - 成功解析故事: Ask HN: Any Software Engineers..., 作者=pkos98, 点赞=17, 评论=0
2026-09-12 16:03:07,521 - scrapers.hackernews_scraper - INFO - 成功解析 13 个Ask HN故事
2026-09-12 16:03:07,521 - scrapers.hackernews_scraper - INFO - 开始转换 13 个故事到统一格式
2026-09-12 16:03:07,521 - scrapers.hackernews_scraper - INFO - 转换第 1/13 个故事: Ask HN: Did Google kill its en...
2026-09-12 16:03:09,890 - scrapers.hackernews_scraper - INFO - 找到 10 条评论
2026-09-12 16:03:09,897 - scrapers.hackernews_scraper - INFO - 故事 Ask HN: Did Google kill its en... 转换完成，包含 10 条评论
2026-09-12 16:03:09,897 - scrapers.hackernews_scraper - INFO - 转换第 2/13 个故事: Ask HN: What's a good "semi-du...
2026-09-12 16:03:11,209 - scrapers.hackernews_scraper - INFO - 找到 6 条评论
2026-09-12 16:03:11,213 - scrapers.hackernews_scraper - INFO - 故事 Ask HN: What's a good "semi-du... 转换完成，包含 6 条评论
2026-09-12 16:03:11,213 - scrapers.hackernews_scraper - INFO - 转换第 3/13 个故事: Ask HN: Can we please limit th...
2026-09-12 16:03:15,358 - scrapers.hackernews_scraper - INFO - 找到 381 条评论
2026-09-12 16:03:17,719 - scrapers.hackernews_scraper - INFO - 故事 Ask HN: Can we please limit th... 转换完成，包含 100 条评论
2026-09-12 16:03:17,719 - scrapers.hackernews_scraper - INFO - 转换第 4/13 个故事: Ask HN: How are much smarter A...
2026-09-12 16:03:19,983 - scrapers.hackernews_scraper - INFO - 找到 4 条评论
2026-09-12 16:03:19,986 - scrapers.hackernews_scraper - INFO - 故事 Ask HN: How are much smarter A... 转换完成，包含 4 条评论
2026-09-12 16:03:19,986 - scrapers.hackernews_scraper - INFO - 转换第 5/13 个故事: Ask HN: How do you manage skil...
2026-09-12 16:03:22,689 - utils.http_utils - ERROR - 请求失败: https://news.ycombinator.com/item?id=49589914, 错误: 429 Client Error: Too Many Requests for url: https://news.ycombinator.com/item?id=49589914
2026-09-12 16:03:22,689 - scrapers.hackernews_scraper - ERROR - 获取故事详情失败: 49589914
2026-09-12 16:03:25,603 - utils.http_utils - ERROR - 请求失败: https://news.ycombinator.com/item?id=49589914, 错误: 429 Client Error: Too Many Requests for url: https://news.ycombinator.com/item?id=49589914
2026-09-12 16:03:25,603 - scrapers.hackernews_scraper - ERROR - 获取故事详情失败: 49589914
2026-09-12 16:03:25,603 - scrapers.hackernews_scraper - INFO - 故事 Ask HN: How do you manage skil... 转换完成，包含 0 条评论
2026-09-12 16:03:25,603 - scrapers.hackernews_scraper - INFO - 转换第 6/13 个故事: Ask HN: Where are the innovati...
2026-09-12 16:03:27,359 - utils.http_utils - ERROR - 请求失败: https://news.ycombinator.com/item?id=49663205, 错误: 429 Client Error: Too Many Requests for url: https://news.ycombinator.com/item?id=49663205
2026-09-12 16:03:27,359 - scrapers.hackernews_scraper - ERROR - 获取故事详情失败: 49663205
2026-09-12 16:03:28,816 - utils.http_utils - ERROR - 请求失败: https://news.ycombinator.com/item?id=49663205, 错误: 429 Client Error: Too Many Requests for url: https://news.ycombinator.com/item?id=49663205
2026-09-12 16:03:28,816 - scrapers.hackernews_scraper - ERROR - 获取故事详情失败: 49663205
2026-09-12 16:03:28,816 - scrapers.hackernews_scraper - INFO - 故事 Ask HN: Where are the innovati... 转换完成，包含 0 条评论
2026-09-12 16:03:28,816 - scrapers.hackernews_scraper - INFO - 转换第 7/13 个故事: Ask HN: What default model do ...
2026-09-12 16:03:30,589 - scrapers.hackernews_scraper - INFO - 找到 45 条评论
2026-09-12 16:03:30,643 - scrapers.hackernews_scraper - INFO - 故事 Ask HN: What default model do ... 转换完成，包含 45 条评论
2026-09-12 16:03:30,643 - scrapers.hackernews_scraper - INFO - 转换第 8/13 个故事: Ask HN: Is GPT-6 Astra worth t...
2026-09-12 16:03:32,849 - utils.http_utils - ERROR - 请求失败: https://news.ycombinator.com/item?id=49661691, 错误: 429 Client Error: Too Many Requests for url: https://news.ycombinator.com/item?id=49661691
2026-09-12 16:03:32,849 - scrapers.hackernews_scraper - ERROR - 获取故事详情失败: 49661691
2026-09-12 16:03:34,024 - utils.http_utils - ERROR - 请求失败: https://news.ycombinator.com/item?id=49661691, 错误: 429 Client Error: Too Many Requests for url: https://news.ycombinator.com/item?id=49661691
2026-09-12 16:03:34,024 - scrapers.hackernews_scraper - ERROR - 获取故事详情失败: 49661691
2026-09-12 16:03:34,024 - scrapers.hackernews_scraper - INFO - 故事 Ask HN: Is GPT-6 Astra worth t... 转换完成，包含 0 条评论
2026-09-12 16:03:34,024 - scrapers.hackernews_scraper - INFO - 转换第 9/13 个故事: Ask HN: AI and Math...
2026-09-12 16:03:35,101 - utils.http_utils - ERROR - 请求失败: https://news.ycombinator.com/item?id=49660811, 错误: 429 Client Error: Too Many Requests for url: https://news.ycombinator.com/item?id=49660811
2026-09-12 16:03:35,101 - scrapers.hackernews_scraper - ERROR - 获取故事详情失败: 49660811
2026-09-12 16:03:36,319 - utils.http_utils - ERROR - 请求失败: https://news.ycombinator.com/item?id=49660811, 错误: 429 Client Error: Too Many Requests for url: https://news.ycombinator.com/item?id=49660811
2026-09-12 16:03:36,319 - scrapers.hackernews_scraper - ERROR - 获取故事详情失败: 49660811
2026-09-12 16:03:36,319 - scrapers.hackernews_scraper - INFO - 故事 Ask HN: AI and Math... 转换完成，包含 0 条评论
2026-09-12 16:03:36,319 - scrapers.hackernews_scraper - INFO - 转换第 10/13 个故事: Ask HN: What is the average nu...
2026-09-12 16:03:38,553 - utils.http_utils - ERROR - 请求失败: https://news.ycombinator.com/item?id=49658131, 错误: 429 Client Error: Too Many Requests for url: https://news.ycombinator.com/item?id=49658131
2026-09-12 16:03:38,553 - scrapers.hackernews_scraper - ERROR - 获取故事详情失败: 49658131
2026-09-12 16:03:40,027 - utils.http_utils - ERROR - 请求失败: https://news.ycombinator.com/item?id=49658131, 错误: 429 Client Error: Too Many Requests for url: https://news.ycombinator.com/item?id=49658131
2026-09-12 16:03:40,027 - scrapers.hackernews_scraper - ERROR - 获取故事详情失败: 49658131
2026-09-12 16:03:40,027 - scrapers.hackernews_scraper - INFO - 故事 Ask HN: What is the average nu... 转换完成，包含 0 条评论
2026-09-12 16:03:40,027 - scrapers.hackernews_scraper - INFO - 转换第 11/13 个故事: Ask HN: Show your micro-SaaS...
2026-09-12 16:03:42,446 - utils.http_utils - ERROR - 请求失败: https://news.ycombinator.com/item?id=49590656, 错误: 429 Client Error: Too Many Requests for url: https://news.ycombinator.com/item?id=49590656
2026-09-12 16:03:42,447 - scrapers.hackernews_scraper - ERROR - 获取故事详情失败: 49590656
2026-09-12 16:03:44,053 - utils.http_utils - ERROR - 请求失败: https://news.ycombinator.com/item?id=49590656, 错误: 429 Client Error: Too Many Requests for url: https://news.ycombinator.com/item?id=49590656
2026-09-12 16:03:44,053 - scrapers.hackernews_scraper - ERROR - 获取故事详情失败: 49590656
2026-09-12 16:03:44,053 - scrapers.hackernews_scraper - INFO - 故事 Ask HN: Show your micro-SaaS... 转换完成，包含 0 条评论
2026-09-12 16:03:44,053 - scrapers.hackernews_scraper - INFO - 转换第 12/13 个故事: Ask HN: Software Licenses that...
2026-09-12 16:03:45,193 - utils.http_utils - ERROR - 请求失败: https://news.ycombinator.com/item?id=49628792, 错误: 429 Client Error: Too Many Requests for url: https://news.ycombinator.com/item?id=49628792
2026-09-12 16:03:45,194 - scrapers.hackernews_scraper - ERROR - 获取故事详情失败: 49628792
2026-09-12 16:03:46,672 - scrapers.hackernews_scraper - INFO - 找到 5 条评论
2026-09-12 16:03:46,676 - scrapers.hackernews_scraper - INFO - 故事 Ask HN: Software Licenses that... 转换完成，包含 5 条评论
2026-09-12 16:03:46,676 - scrapers.hackernews_scraper - INFO - 转换第 13/13 个故事: Ask HN: Any Software Engineers...
2026-09-12 16:03:49,566 - utils.http_utils - ERROR - 请求失败: https://news.ycombinator.com/item?id=49586386, 错误: 429 Client Error: Too Many Requests for url: https://news.ycombinator.com/item?id=49586386
2026-09-12 16:03:49,566 - scrapers.hackernews_scraper - ERROR - 获取故事详情失败: 49586386
2026-09-12 16:03:51,190 - utils.http_utils - ERROR - 请求失败: https://news.ycombinator.com/item?id=49586386, 错误: 429 Client Error: Too Many Requests for url: https://news.ycombinator.com/item?id=49586386
2026-09-12 16:03:51,190 - scrapers.hackernews_scraper - ERROR - 获取故事详情失败: 49586386
2026-09-12 16:03:51,190 - scrapers.hackernews_scraper - INFO - 故事 Ask HN: Any Software Engineers... 转换完成，包含 0 条评论
2026-09-12 16:03:51,190 - scrapers.hackernews_scraper - INFO - 共转换 13 个故事为统一格式
2026-09-12 16:03:51,190 - scrapers.hackernews_scraper - INFO - 爬取完成，共获取 13 个Ask HN故事
2026-09-12 16:03:51,515 - utils.storage_utils - INFO - 已更新源索引: hackernews
2026-09-12 16:03:51,516 - utils.storage_utils - INFO - 数据已保存到 data/hackernews/week_2026-09-07.json
2026-09-12 16:03:51,517 - scrapers.base_scraper - INFO - 数据已保存到 data/hackernews/week_2026-09-07.json
2026-09-12 16:03:51,517 - scrapers.base_scraper - INFO - 成功爬取 Hacker News 的数据
2026-09-12 16:03:51,518 - __main__ - INFO - 完成: 1/3 个爬虫成功运行
2026-09-12 16:03:51,703 - __main__ - INFO - 归档所有源的旧数据
2026-09-12 16:03:51,703 - __main__ - INFO - 源 jandan 归档 无需归档
2026-09-12 16:03:51,703 - __main__ - INFO - 源 reddit 归档 无需归档
2026-09-12 16:03:51,703 - __main__ - INFO - 源 hackernews 归档 无需归档
