2026-09-10 16:03:09,536 - __main__ - INFO - 运行所有爬虫
2026-09-10 16:03:09,536 - scrapers.jandan_scraper - INFO - JandanScraper初始化完成
2026-09-10 16:03:09,537 - scrapers.base_scraper - INFO - 开始爬取 煎蛋网
2026-09-10 16:03:09,537 - scrapers.jandan_scraper - INFO - 开始爬取煎蛋热评
2026-09-10 16:03:13,279 - scrapers.jandan_scraper - INFO - 成功获取HTML内容，长度: 37557
2026-09-10 16:03:13,279 - scrapers.jandan_scraper - INFO - 调试: 手动获取评论 5877984 的吐槽数据
2026-09-10 16:03:13,279 - scrapers.jandan_scraper - INFO - 获取评论 5877984 的吐槽内容: https://jandan.net/api/tucao/list/5877984
2026-09-10 16:03:16,234 - scrapers.jandan_scraper - INFO - 评论 5877984 获取到 0 条热门吐槽, 0 条普通吐槽
2026-09-10 16:03:16,235 - scrapers.jandan_scraper - INFO - 调试: 评论 5877984 获取到 0 条热门吐槽, 0 条普通吐槽
2026-09-10 16:03:16,235 - scrapers.jandan_scraper - INFO - 开始解析页面中的评论
2026-09-10 16:03:16,235 - scrapers.jandan_scraper - INFO - 开始解析HTML内容, 长度: 37557
2026-09-10 16:03:16,248 - scrapers.jandan_scraper - INFO - 找到 0 条热门评论
2026-09-10 16:03:16,248 - scrapers.jandan_scraper - INFO - 解析完成，获取到 0 条评论
2026-09-10 16:03:16,248 - scrapers.jandan_scraper - INFO - 开始转换评论为统一格式
2026-09-10 16:03:16,248 - scrapers.jandan_scraper - INFO - 开始转换 0 条评论到统一格式
2026-09-10 16:03:16,248 - scrapers.jandan_scraper - INFO - 共转换 0 条评论为统一格式
2026-09-10 16:03:16,248 - scrapers.jandan_scraper - INFO - 爬取完成，共获取 0 条热评
2026-09-10 16:03:16,248 - scrapers.base_scraper - ERROR - 爬取 煎蛋网 失败
2026-09-10 16:03:16,248 - scrapers.reddit_scraper - INFO - RedditScraper初始化完成
2026-09-10 16:03:16,249 - scrapers.base_scraper - INFO - 开始爬取 Reddit
2026-09-10 16:03:16,249 - scrapers.reddit_scraper - INFO - 开始爬取Reddit r/confessions每周热门帖子
2026-09-10 16:03:19,170 - utils.http_utils - ERROR - 请求失败: https://www.reddit.com/r/confessions/top/.json?t=week&limit=10, 错误: 403 Client Error: Blocked for url: https://www.reddit.com/r/confessions/top/.json?t=week&limit=10
2026-09-10 16:03:19,171 - scrapers.reddit_scraper - ERROR - 获取API数据失败: 403 Client Error: Blocked for url: https://www.reddit.com/r/confessions/top/.json?t=week&limit=10
2026-09-10 16:03:19,171 - scrapers.base_scraper - ERROR - 爬取 Reddit 失败
2026-09-10 16:03:19,172 - scrapers.hackernews_scraper - INFO - HackerNewsScraper初始化完成
2026-09-10 16:03:19,172 - scrapers.base_scraper - INFO - 开始爬取 Hacker News
2026-09-10 16:03:19,172 - scrapers.hackernews_scraper - INFO - 开始爬取Hacker News Ask HN帖子
2026-09-10 16:03:19,172 - scrapers.hackernews_scraper - INFO - 获取Ask HN页面: https://news.ycombinator.com/ask
2026-09-10 16:03:20,966 - scrapers.hackernews_scraper - INFO - 找到 30 个帖子行
2026-09-10 16:03:20,968 - scrapers.hackernews_scraper - INFO - 成功解析故事: Ask HN: Fable hacked my piano,..., 作者=jmpman, 点赞=297, 评论=0
2026-09-10 16:03:20,969 - scrapers.hackernews_scraper - INFO - 成功解析故事: Ask HN: How do you manage skil..., 作者=imadtaieber, 点赞=312, 评论=0
2026-09-10 16:03:20,969 - scrapers.hackernews_scraper - INFO - 成功解析故事: Ask HN: Why can I only downvot..., 作者=socalgal2, 点赞=7, 评论=0
2026-09-10 16:03:20,970 - scrapers.hackernews_scraper - INFO - 成功解析故事: Ask HN: Do you regret using So..., 作者=julienreszka, 点赞=8, 评论=0
2026-09-10 16:03:20,970 - scrapers.hackernews_scraper - INFO - 成功解析故事: Ask HN: Software Licenses that..., 作者=mattm, 点赞=7, 评论=0
2026-09-10 16:03:20,971 - scrapers.hackernews_scraper - INFO - 成功解析故事: Ask HN: Would you read a stati..., 作者=usernametaken29, 点赞=107, 评论=0
2026-09-10 16:03:20,971 - scrapers.hackernews_scraper - INFO - 成功解析故事: Ask HN: Next day thoughts on t..., 作者=seizethecheese, 点赞=3, 评论=0
2026-09-10 16:03:20,971 - scrapers.hackernews_scraper - INFO - 成功解析故事: Ask HN: Show your micro-SaaS..., 作者=genekrapivin, 点赞=25, 评论=0
2026-09-10 16:03:20,972 - scrapers.hackernews_scraper - INFO - 成功解析故事: Ask HN: Is there any solution ..., 作者=yathern, 点赞=6, 评论=0
2026-09-10 16:03:20,972 - scrapers.hackernews_scraper - INFO - 成功解析故事: Ask HN: How to know when Claud..., 作者=mfaisalghufran, 点赞=2, 评论=0
2026-09-10 16:03:20,973 - scrapers.hackernews_scraper - INFO - 成功解析故事: Ask HN: What non-IT/Software i..., 作者=simonsarris, 点赞=2, 评论=0
2026-09-10 16:03:20,973 - scrapers.hackernews_scraper - INFO - 成功解析故事: Ask HN: 3.5 inch diskette read..., 作者=rietta, 点赞=34, 评论=0
2026-09-10 16:03:20,974 - scrapers.hackernews_scraper - INFO - 成功解析故事: Ask HN: Any Software Engineers..., 作者=pkos98, 点赞=14, 评论=0
2026-09-10 16:03:20,974 - scrapers.hackernews_scraper - INFO - 成功解析故事: Ask HN: Are you leveraging Spe..., 作者=locusofself, 点赞=6, 评论=0
2026-09-10 16:03:20,974 - scrapers.hackernews_scraper - INFO - 成功解析故事: Ask HN: Connecting Kubernetes ..., 作者=chipfixer, 点赞=6, 评论=0
2026-09-10 16:03:20,974 - scrapers.hackernews_scraper - INFO - 成功解析 15 个Ask HN故事
2026-09-10 16:03:20,975 - scrapers.hackernews_scraper - INFO - 开始转换 15 个故事到统一格式
2026-09-10 16:03:20,975 - scrapers.hackernews_scraper - INFO - 转换第 1/15 个故事: Ask HN: Fable hacked my piano,...
2026-09-10 16:03:22,678 - scrapers.hackernews_scraper - INFO - 找到 164 条评论
2026-09-10 16:03:23,085 - scrapers.hackernews_scraper - INFO - 故事 Ask HN: Fable hacked my piano,... 转换完成，包含 100 条评论
2026-09-10 16:03:23,085 - scrapers.hackernews_scraper - INFO - 转换第 2/15 个故事: Ask HN: How do you manage skil...
2026-09-10 16:03:26,011 - scrapers.hackernews_scraper - INFO - 找到 292 条评论
2026-09-10 16:03:27,181 - scrapers.hackernews_scraper - INFO - 故事 Ask HN: How do you manage skil... 转换完成，包含 100 条评论
2026-09-10 16:03:27,181 - scrapers.hackernews_scraper - INFO - 转换第 3/15 个故事: Ask HN: Why can I only downvot...
2026-09-10 16:03:30,148 - scrapers.hackernews_scraper - INFO - 找到 9 条评论
2026-09-10 16:03:30,153 - scrapers.hackernews_scraper - INFO - 故事 Ask HN: Why can I only downvot... 转换完成，包含 9 条评论
2026-09-10 16:03:30,153 - scrapers.hackernews_scraper - INFO - 转换第 4/15 个故事: Ask HN: Do you regret using So...
2026-09-10 16:03:32,891 - scrapers.hackernews_scraper - INFO - 找到 10 条评论
2026-09-10 16:03:32,896 - scrapers.hackernews_scraper - INFO - 故事 Ask HN: Do you regret using So... 转换完成，包含 10 条评论
2026-09-10 16:03:32,896 - scrapers.hackernews_scraper - INFO - 转换第 5/15 个故事: Ask HN: Software Licenses that...
2026-09-10 16:03:34,559 - scrapers.hackernews_scraper - INFO - 找到 5 条评论
2026-09-10 16:03:34,562 - scrapers.hackernews_scraper - INFO - 故事 Ask HN: Software Licenses that... 转换完成，包含 5 条评论
2026-09-10 16:03:34,562 - scrapers.hackernews_scraper - INFO - 转换第 6/15 个故事: Ask HN: Would you read a stati...
2026-09-10 16:03:36,456 - scrapers.hackernews_scraper - INFO - 找到 67 条评论
2026-09-10 16:03:36,536 - scrapers.hackernews_scraper - INFO - 故事 Ask HN: Would you read a stati... 转换完成，包含 67 条评论
2026-09-10 16:03:36,536 - scrapers.hackernews_scraper - INFO - 转换第 7/15 个故事: Ask HN: Next day thoughts on t...
2026-09-10 16:03:37,752 - utils.http_utils - ERROR - 请求失败: https://news.ycombinator.com/item?id=49632475, 错误: 429 Client Error: Too Many Requests for url: https://news.ycombinator.com/item?id=49632475
2026-09-10 16:03:37,752 - scrapers.hackernews_scraper - ERROR - 获取故事详情失败: 49632475
2026-09-10 16:03:38,801 - utils.http_utils - ERROR - 请求失败: https://news.ycombinator.com/item?id=49632475, 错误: 429 Client Error: Too Many Requests for url: https://news.ycombinator.com/item?id=49632475
2026-09-10 16:03:38,801 - scrapers.hackernews_scraper - ERROR - 获取故事详情失败: 49632475
2026-09-10 16:03:38,801 - scrapers.hackernews_scraper - INFO - 故事 Ask HN: Next day thoughts on t... 转换完成，包含 0 条评论
2026-09-10 16:03:38,801 - scrapers.hackernews_scraper - INFO - 转换第 8/15 个故事: Ask HN: Show your micro-SaaS...
2026-09-10 16:03:41,274 - utils.http_utils - ERROR - 请求失败: https://news.ycombinator.com/item?id=49590656, 错误: 429 Client Error: Too Many Requests for url: https://news.ycombinator.com/item?id=49590656
2026-09-10 16:03:41,275 - scrapers.hackernews_scraper - ERROR - 获取故事详情失败: 49590656
2026-09-10 16:03:42,807 - utils.http_utils - ERROR - 请求失败: https://news.ycombinator.com/item?id=49590656, 错误: 429 Client Error: Too Many Requests for url: https://news.ycombinator.com/item?id=49590656
2026-09-10 16:03:42,807 - scrapers.hackernews_scraper - ERROR - 获取故事详情失败: 49590656
2026-09-10 16:03:42,807 - scrapers.hackernews_scraper - INFO - 故事 Ask HN: Show your micro-SaaS... 转换完成，包含 0 条评论
2026-09-10 16:03:42,807 - scrapers.hackernews_scraper - INFO - 转换第 9/15 个故事: Ask HN: Is there any solution ...
2026-09-10 16:03:45,018 - utils.http_utils - ERROR - 请求失败: https://news.ycombinator.com/item?id=49628247, 错误: 429 Client Error: Too Many Requests for url: https://news.ycombinator.com/item?id=49628247
2026-09-10 16:03:45,018 - scrapers.hackernews_scraper - ERROR - 获取故事详情失败: 49628247
2026-09-10 16:03:46,673 - utils.http_utils - ERROR - 请求失败: https://news.ycombinator.com/item?id=49628247, 错误: 429 Client Error: Too Many Requests for url: https://news.ycombinator.com/item?id=49628247
2026-09-10 16:03:46,673 - scrapers.hackernews_scraper - ERROR - 获取故事详情失败: 49628247
2026-09-10 16:03:46,673 - scrapers.hackernews_scraper - INFO - 故事 Ask HN: Is there any solution ... 转换完成，包含 0 条评论
2026-09-10 16:03:46,673 - scrapers.hackernews_scraper - INFO - 转换第 10/15 个故事: Ask HN: How to know when Claud...
2026-09-10 16:03:49,150 - utils.http_utils - ERROR - 请求失败: https://news.ycombinator.com/item?id=49628008, 错误: 429 Client Error: Too Many Requests for url: https://news.ycombinator.com/item?id=49628008
2026-09-10 16:03:49,150 - scrapers.hackernews_scraper - ERROR - 获取故事详情失败: 49628008
2026-09-10 16:03:51,609 - scrapers.hackernews_scraper - INFO - 找到 1 条评论
2026-09-10 16:03:51,610 - scrapers.hackernews_scraper - INFO - 故事 Ask HN: How to know when Claud... 转换完成，包含 1 条评论
2026-09-10 16:03:51,610 - scrapers.hackernews_scraper - INFO - 转换第 11/15 个故事: Ask HN: What non-IT/Software i...
2026-09-10 16:03:54,106 - scrapers.hackernews_scraper - INFO - 找到 5 条评论
2026-09-10 16:03:54,108 - scrapers.hackernews_scraper - INFO - 故事 Ask HN: What non-IT/Software i... 转换完成，包含 5 条评论
2026-09-10 16:03:54,108 - scrapers.hackernews_scraper - INFO - 转换第 12/15 个故事: Ask HN: 3.5 inch diskette read...
2026-09-10 16:03:56,715 - scrapers.hackernews_scraper - INFO - 找到 42 条评论
2026-09-10 16:03:56,752 - scrapers.hackernews_scraper - INFO - 故事 Ask HN: 3.5 inch diskette read... 转换完成，包含 42 条评论
2026-09-10 16:03:56,753 - scrapers.hackernews_scraper - INFO - 转换第 13/15 个故事: Ask HN: Any Software Engineers...
2026-09-10 16:03:58,771 - scrapers.hackernews_scraper - INFO - 找到 13 条评论
2026-09-10 16:03:58,779 - scrapers.hackernews_scraper - INFO - 故事 Ask HN: Any Software Engineers... 转换完成，包含 13 条评论
2026-09-10 16:03:58,779 - scrapers.hackernews_scraper - INFO - 转换第 14/15 个故事: Ask HN: Are you leveraging Spe...
2026-09-10 16:04:01,649 - scrapers.hackernews_scraper - INFO - 找到 3 条评论
2026-09-10 16:04:01,650 - scrapers.hackernews_scraper - INFO - 故事 Ask HN: Are you leveraging Spe... 转换完成，包含 3 条评论
2026-09-10 16:04:01,651 - scrapers.hackernews_scraper - INFO - 转换第 15/15 个故事: Ask HN: Connecting Kubernetes ...
2026-09-10 16:04:04,360 - scrapers.hackernews_scraper - INFO - 找到 3 条评论
2026-09-10 16:04:04,362 - scrapers.hackernews_scraper - INFO - 故事 Ask HN: Connecting Kubernetes ... 转换完成，包含 3 条评论
2026-09-10 16:04:04,362 - scrapers.hackernews_scraper - INFO - 共转换 15 个故事为统一格式
2026-09-10 16:04:04,362 - scrapers.hackernews_scraper - INFO - 爬取完成，共获取 15 个Ask HN故事
2026-09-10 16:04:04,715 - utils.storage_utils - INFO - 已更新源索引: hackernews
2026-09-10 16:04:04,716 - utils.storage_utils - INFO - 数据已保存到 data/hackernews/week_2026-09-07.json
2026-09-10 16:04:04,716 - scrapers.base_scraper - INFO - 数据已保存到 data/hackernews/week_2026-09-07.json
2026-09-10 16:04:04,716 - scrapers.base_scraper - INFO - 成功爬取 Hacker News 的数据
2026-09-10 16:04:04,717 - __main__ - INFO - 完成: 1/3 个爬虫成功运行
2026-09-10 16:04:04,881 - __main__ - INFO - 归档所有源的旧数据
2026-09-10 16:04:04,882 - __main__ - INFO - 源 jandan 归档 无需归档
2026-09-10 16:04:04,882 - __main__ - INFO - 源 reddit 归档 无需归档
2026-09-10 16:04:04,882 - __main__ - INFO - 源 hackernews 归档 无需归档
