2026-07-26 16:45:40,999 - __main__ - INFO - 运行所有爬虫
2026-07-26 16:45:41,000 - scrapers.jandan_scraper - INFO - JandanScraper初始化完成
2026-07-26 16:45:41,000 - scrapers.base_scraper - INFO - 开始爬取 煎蛋网
2026-07-26 16:45:41,000 - scrapers.jandan_scraper - INFO - 开始爬取煎蛋热评
2026-07-26 16:45:43,146 - scrapers.jandan_scraper - INFO - 成功获取HTML内容，长度: 36964
2026-07-26 16:45:43,146 - scrapers.jandan_scraper - INFO - 调试: 手动获取评论 5877984 的吐槽数据
2026-07-26 16:45:43,146 - scrapers.jandan_scraper - INFO - 获取评论 5877984 的吐槽内容: https://jandan.net/api/tucao/list/5877984
2026-07-26 16:45:45,618 - scrapers.jandan_scraper - INFO - 评论 5877984 获取到 0 条热门吐槽, 0 条普通吐槽
2026-07-26 16:45:45,618 - scrapers.jandan_scraper - INFO - 调试: 评论 5877984 获取到 0 条热门吐槽, 0 条普通吐槽
2026-07-26 16:45:45,619 - scrapers.jandan_scraper - INFO - 开始解析页面中的评论
2026-07-26 16:45:45,619 - scrapers.jandan_scraper - INFO - 开始解析HTML内容, 长度: 36964
2026-07-26 16:45:45,633 - scrapers.jandan_scraper - INFO - 找到 0 条热门评论
2026-07-26 16:45:45,633 - scrapers.jandan_scraper - INFO - 解析完成，获取到 0 条评论
2026-07-26 16:45:45,633 - scrapers.jandan_scraper - INFO - 开始转换评论为统一格式
2026-07-26 16:45:45,633 - scrapers.jandan_scraper - INFO - 开始转换 0 条评论到统一格式
2026-07-26 16:45:45,633 - scrapers.jandan_scraper - INFO - 共转换 0 条评论为统一格式
2026-07-26 16:45:45,633 - scrapers.jandan_scraper - INFO - 爬取完成，共获取 0 条热评
2026-07-26 16:45:45,633 - scrapers.base_scraper - ERROR - 爬取 煎蛋网 失败
2026-07-26 16:45:45,633 - scrapers.reddit_scraper - INFO - RedditScraper初始化完成
2026-07-26 16:45:45,634 - scrapers.base_scraper - INFO - 开始爬取 Reddit
2026-07-26 16:45:45,634 - scrapers.reddit_scraper - INFO - 开始爬取Reddit r/confessions每周热门帖子
2026-07-26 16:45:48,369 - utils.http_utils - ERROR - 请求失败: https://www.reddit.com/r/confessions/top/.json?t=week&limit=10, 错误: 403 Client Error: Blocked for url: https://www.reddit.com/r/confessions/top/.json?t=week&limit=10
2026-07-26 16:45:48,369 - scrapers.reddit_scraper - ERROR - 获取API数据失败: 403 Client Error: Blocked for url: https://www.reddit.com/r/confessions/top/.json?t=week&limit=10
2026-07-26 16:45:48,370 - scrapers.base_scraper - ERROR - 爬取 Reddit 失败
2026-07-26 16:45:48,370 - scrapers.hackernews_scraper - INFO - HackerNewsScraper初始化完成
2026-07-26 16:45:48,370 - scrapers.base_scraper - INFO - 开始爬取 Hacker News
2026-07-26 16:45:48,370 - scrapers.hackernews_scraper - INFO - 开始爬取Hacker News Ask HN帖子
2026-07-26 16:45:48,370 - scrapers.hackernews_scraper - INFO - 获取Ask HN页面: https://news.ycombinator.com/ask
2026-07-26 16:45:51,371 - scrapers.hackernews_scraper - INFO - 找到 30 个帖子行
2026-07-26 16:45:51,372 - scrapers.hackernews_scraper - INFO - 成功解析故事: Ask HN: What are the most prom..., 作者=zecice, 点赞=26, 评论=0
2026-07-26 16:45:51,373 - scrapers.hackernews_scraper - INFO - 成功解析故事: Ask HN: Is an in-page speed re..., 作者=jvbotelho, 点赞=2, 评论=0
2026-07-26 16:45:51,373 - scrapers.hackernews_scraper - INFO - 成功解析故事: Ask HN: I spent personal money..., 作者=pixelbyindex, 点赞=2, 评论=0
2026-07-26 16:45:51,374 - scrapers.hackernews_scraper - INFO - 成功解析故事: Ask HN: Are you using Rust on ..., 作者=mempirate, 点赞=7, 评论=0
2026-07-26 16:45:51,374 - scrapers.hackernews_scraper - INFO - 成功解析故事: Ask HN: Graal VM Relevance..., 作者=sid_op, 点赞=4, 评论=0
2026-07-26 16:45:51,375 - scrapers.hackernews_scraper - INFO - 成功解析故事: Ask HN: Something fishy is goi..., 作者=motbus3, 点赞=4, 评论=0
2026-07-26 16:45:51,375 - scrapers.hackernews_scraper - INFO - 成功解析故事: Ask HN: Why don't we solve agi..., 作者=goldlimetea, 点赞=5, 评论=0
2026-07-26 16:45:51,376 - scrapers.hackernews_scraper - INFO - 成功解析故事: Ask HN: Protecting your Sites/..., 作者=prologic, 点赞=10, 评论=0
2026-07-26 16:45:51,376 - scrapers.hackernews_scraper - INFO - 成功解析故事: Ask HN: What livestream do you..., 作者=missmoss, 点赞=47, 评论=0
2026-07-26 16:45:51,377 - scrapers.hackernews_scraper - INFO - 成功解析故事: Ask HN: Is Your Work Relaxing?..., 作者=julienreszka, 点赞=3, 评论=0
2026-07-26 16:45:51,377 - scrapers.hackernews_scraper - INFO - 成功解析故事: Ask HN: Which Jabber clients s..., 作者=Bender, 点赞=12, 评论=0
2026-07-26 16:45:51,378 - scrapers.hackernews_scraper - INFO - 成功解析故事: Ask HN: HotPin – lossless 120B..., 作者=LozzKappa, 点赞=10, 评论=0
2026-07-26 16:45:51,379 - scrapers.hackernews_scraper - INFO - 成功解析故事: Ask HN: What do you do when yo..., 作者=mavsman, 点赞=8, 评论=0
2026-07-26 16:45:51,379 - scrapers.hackernews_scraper - INFO - 成功解析故事: Ask HN: How to get your open-s..., 作者=Hussain04, 点赞=4, 评论=0
2026-07-26 16:45:51,380 - scrapers.hackernews_scraper - INFO - 成功解析故事: Ask HN: What happens when we d..., 作者=tbharath, 点赞=6, 评论=0
2026-07-26 16:45:51,380 - scrapers.hackernews_scraper - INFO - 成功解析 15 个Ask HN故事
2026-07-26 16:45:51,380 - scrapers.hackernews_scraper - INFO - 开始转换 15 个故事到统一格式
2026-07-26 16:45:51,380 - scrapers.hackernews_scraper - INFO - 转换第 1/15 个故事: Ask HN: What are the most prom...
2026-07-26 16:45:52,790 - scrapers.hackernews_scraper - INFO - 找到 10 条评论
2026-07-26 16:45:52,795 - scrapers.hackernews_scraper - INFO - 故事 Ask HN: What are the most prom... 转换完成，包含 10 条评论
2026-07-26 16:45:52,795 - scrapers.hackernews_scraper - INFO - 转换第 2/15 个故事: Ask HN: Is an in-page speed re...
2026-07-26 16:45:55,052 - scrapers.hackernews_scraper - INFO - 找到 2 条评论
2026-07-26 16:45:55,053 - scrapers.hackernews_scraper - INFO - 故事 Ask HN: Is an in-page speed re... 转换完成，包含 2 条评论
2026-07-26 16:45:55,053 - scrapers.hackernews_scraper - INFO - 转换第 3/15 个故事: Ask HN: I spent personal money...
2026-07-26 16:45:56,657 - utils.http_utils - ERROR - 请求失败: https://news.ycombinator.com/item?id=49058923, 错误: 429 Client Error: Too Many Requests for url: https://news.ycombinator.com/item?id=49058923
2026-07-26 16:45:56,657 - scrapers.hackernews_scraper - ERROR - 获取故事详情失败: 49058923
2026-07-26 16:45:58,726 - utils.http_utils - ERROR - 请求失败: https://news.ycombinator.com/item?id=49058923, 错误: 429 Client Error: Too Many Requests for url: https://news.ycombinator.com/item?id=49058923
2026-07-26 16:45:58,726 - scrapers.hackernews_scraper - ERROR - 获取故事详情失败: 49058923
2026-07-26 16:45:58,726 - scrapers.hackernews_scraper - INFO - 故事 Ask HN: I spent personal money... 转换完成，包含 0 条评论
2026-07-26 16:45:58,726 - scrapers.hackernews_scraper - INFO - 转换第 4/15 个故事: Ask HN: Are you using Rust on ...
2026-07-26 16:46:00,353 - utils.http_utils - ERROR - 请求失败: https://news.ycombinator.com/item?id=49057337, 错误: 429 Client Error: Too Many Requests for url: https://news.ycombinator.com/item?id=49057337
2026-07-26 16:46:00,353 - scrapers.hackernews_scraper - ERROR - 获取故事详情失败: 49057337
2026-07-26 16:46:02,749 - utils.http_utils - ERROR - 请求失败: https://news.ycombinator.com/item?id=49057337, 错误: 429 Client Error: Too Many Requests for url: https://news.ycombinator.com/item?id=49057337
2026-07-26 16:46:02,749 - scrapers.hackernews_scraper - ERROR - 获取故事详情失败: 49057337
2026-07-26 16:46:02,749 - scrapers.hackernews_scraper - INFO - 故事 Ask HN: Are you using Rust on ... 转换完成，包含 0 条评论
2026-07-26 16:46:02,749 - scrapers.hackernews_scraper - INFO - 转换第 5/15 个故事: Ask HN: Graal VM Relevance...
2026-07-26 16:46:05,131 - utils.http_utils - ERROR - 请求失败: https://news.ycombinator.com/item?id=49057895, 错误: 429 Client Error: Too Many Requests for url: https://news.ycombinator.com/item?id=49057895
2026-07-26 16:46:05,131 - scrapers.hackernews_scraper - ERROR - 获取故事详情失败: 49057895
2026-07-26 16:46:07,093 - utils.http_utils - ERROR - 请求失败: https://news.ycombinator.com/item?id=49057895, 错误: 429 Client Error: Too Many Requests for url: https://news.ycombinator.com/item?id=49057895
2026-07-26 16:46:07,093 - scrapers.hackernews_scraper - ERROR - 获取故事详情失败: 49057895
2026-07-26 16:46:07,093 - scrapers.hackernews_scraper - INFO - 故事 Ask HN: Graal VM Relevance... 转换完成，包含 0 条评论
2026-07-26 16:46:07,093 - scrapers.hackernews_scraper - INFO - 转换第 6/15 个故事: Ask HN: Something fishy is goi...
2026-07-26 16:46:09,361 - utils.http_utils - ERROR - 请求失败: https://news.ycombinator.com/item?id=49057483, 错误: 429 Client Error: Too Many Requests for url: https://news.ycombinator.com/item?id=49057483
2026-07-26 16:46:09,361 - scrapers.hackernews_scraper - ERROR - 获取故事详情失败: 49057483
2026-07-26 16:46:11,937 - utils.http_utils - ERROR - 请求失败: https://news.ycombinator.com/item?id=49057483, 错误: 429 Client Error: Too Many Requests for url: https://news.ycombinator.com/item?id=49057483
2026-07-26 16:46:11,937 - scrapers.hackernews_scraper - ERROR - 获取故事详情失败: 49057483
2026-07-26 16:46:11,937 - scrapers.hackernews_scraper - INFO - 故事 Ask HN: Something fishy is goi... 转换完成，包含 0 条评论
2026-07-26 16:46:11,937 - scrapers.hackernews_scraper - INFO - 转换第 7/15 个故事: Ask HN: Why don't we solve agi...
2026-07-26 16:46:14,808 - scrapers.hackernews_scraper - INFO - 找到 24 条评论
2026-07-26 16:46:14,824 - scrapers.hackernews_scraper - INFO - 故事 Ask HN: Why don't we solve agi... 转换完成，包含 24 条评论
2026-07-26 16:46:14,824 - scrapers.hackernews_scraper - INFO - 转换第 8/15 个故事: Ask HN: Protecting your Sites/...
2026-07-26 16:46:17,188 - scrapers.hackernews_scraper - INFO - 找到 6 条评论
2026-07-26 16:46:17,191 - scrapers.hackernews_scraper - INFO - 故事 Ask HN: Protecting your Sites/... 转换完成，包含 6 条评论
2026-07-26 16:46:17,191 - scrapers.hackernews_scraper - INFO - 转换第 9/15 个故事: Ask HN: What livestream do you...
2026-07-26 16:46:19,111 - utils.http_utils - ERROR - 请求失败: https://news.ycombinator.com/item?id=49049281, 错误: 429 Client Error: Too Many Requests for url: https://news.ycombinator.com/item?id=49049281
2026-07-26 16:46:19,111 - scrapers.hackernews_scraper - ERROR - 获取故事详情失败: 49049281
2026-07-26 16:46:20,165 - utils.http_utils - ERROR - 请求失败: https://news.ycombinator.com/item?id=49049281, 错误: 429 Client Error: Too Many Requests for url: https://news.ycombinator.com/item?id=49049281
2026-07-26 16:46:20,165 - scrapers.hackernews_scraper - ERROR - 获取故事详情失败: 49049281
2026-07-26 16:46:20,165 - scrapers.hackernews_scraper - INFO - 故事 Ask HN: What livestream do you... 转换完成，包含 0 条评论
2026-07-26 16:46:20,165 - scrapers.hackernews_scraper - INFO - 转换第 10/15 个故事: Ask HN: Is Your Work Relaxing?...
2026-07-26 16:46:21,530 - utils.http_utils - ERROR - 请求失败: https://news.ycombinator.com/item?id=49055463, 错误: 429 Client Error: Too Many Requests for url: https://news.ycombinator.com/item?id=49055463
2026-07-26 16:46:21,530 - scrapers.hackernews_scraper - ERROR - 获取故事详情失败: 49055463
2026-07-26 16:46:23,983 - utils.http_utils - ERROR - 请求失败: https://news.ycombinator.com/item?id=49055463, 错误: 429 Client Error: Too Many Requests for url: https://news.ycombinator.com/item?id=49055463
2026-07-26 16:46:23,983 - scrapers.hackernews_scraper - ERROR - 获取故事详情失败: 49055463
2026-07-26 16:46:23,983 - scrapers.hackernews_scraper - INFO - 故事 Ask HN: Is Your Work Relaxing?... 转换完成，包含 0 条评论
2026-07-26 16:46:23,983 - scrapers.hackernews_scraper - INFO - 转换第 11/15 个故事: Ask HN: Which Jabber clients s...
2026-07-26 16:46:25,309 - utils.http_utils - ERROR - 请求失败: https://news.ycombinator.com/item?id=49049796, 错误: 429 Client Error: Too Many Requests for url: https://news.ycombinator.com/item?id=49049796
2026-07-26 16:46:25,309 - scrapers.hackernews_scraper - ERROR - 获取故事详情失败: 49049796
2026-07-26 16:46:28,192 - scrapers.hackernews_scraper - INFO - 找到 0 条评论
2026-07-26 16:46:28,192 - scrapers.hackernews_scraper - INFO - 故事 Ask HN: Which Jabber clients s... 转换完成，包含 0 条评论
2026-07-26 16:46:28,192 - scrapers.hackernews_scraper - INFO - 转换第 12/15 个故事: Ask HN: HotPin – lossless 120B...
2026-07-26 16:46:30,613 - scrapers.hackernews_scraper - INFO - 找到 0 条评论
2026-07-26 16:46:30,613 - scrapers.hackernews_scraper - INFO - 故事 Ask HN: HotPin – lossless 120B... 转换完成，包含 0 条评论
2026-07-26 16:46:30,613 - scrapers.hackernews_scraper - INFO - 转换第 13/15 个故事: Ask HN: What do you do when yo...
2026-07-26 16:46:32,712 - scrapers.hackernews_scraper - INFO - 找到 5 条评论
2026-07-26 16:46:32,714 - scrapers.hackernews_scraper - INFO - 故事 Ask HN: What do you do when yo... 转换完成，包含 5 条评论
2026-07-26 16:46:32,714 - scrapers.hackernews_scraper - INFO - 转换第 14/15 个故事: Ask HN: How to get your open-s...
2026-07-26 16:46:35,610 - utils.http_utils - ERROR - 请求失败: https://news.ycombinator.com/item?id=49049662, 错误: 429 Client Error: Too Many Requests for url: https://news.ycombinator.com/item?id=49049662
2026-07-26 16:46:35,610 - scrapers.hackernews_scraper - ERROR - 获取故事详情失败: 49049662
2026-07-26 16:46:37,560 - utils.http_utils - ERROR - 请求失败: https://news.ycombinator.com/item?id=49049662, 错误: 429 Client Error: Too Many Requests for url: https://news.ycombinator.com/item?id=49049662
2026-07-26 16:46:37,560 - scrapers.hackernews_scraper - ERROR - 获取故事详情失败: 49049662
2026-07-26 16:46:37,560 - scrapers.hackernews_scraper - INFO - 故事 Ask HN: How to get your open-s... 转换完成，包含 0 条评论
2026-07-26 16:46:37,560 - scrapers.hackernews_scraper - INFO - 转换第 15/15 个故事: Ask HN: What happens when we d...
2026-07-26 16:46:40,285 - utils.http_utils - ERROR - 请求失败: https://news.ycombinator.com/item?id=49048571, 错误: 429 Client Error: Too Many Requests for url: https://news.ycombinator.com/item?id=49048571
2026-07-26 16:46:40,285 - scrapers.hackernews_scraper - ERROR - 获取故事详情失败: 49048571
2026-07-26 16:46:42,150 - utils.http_utils - ERROR - 请求失败: https://news.ycombinator.com/item?id=49048571, 错误: 429 Client Error: Too Many Requests for url: https://news.ycombinator.com/item?id=49048571
2026-07-26 16:46:42,150 - scrapers.hackernews_scraper - ERROR - 获取故事详情失败: 49048571
2026-07-26 16:46:42,151 - scrapers.hackernews_scraper - INFO - 故事 Ask HN: What happens when we d... 转换完成，包含 0 条评论
2026-07-26 16:46:42,151 - scrapers.hackernews_scraper - INFO - 共转换 15 个故事为统一格式
2026-07-26 16:46:42,151 - scrapers.hackernews_scraper - INFO - 爬取完成，共获取 15 个Ask HN故事
2026-07-26 16:46:42,446 - utils.storage_utils - INFO - 已更新源索引: hackernews
2026-07-26 16:46:42,447 - utils.storage_utils - INFO - 数据已保存到 data/hackernews/week_2026-07-20.json
2026-07-26 16:46:42,447 - scrapers.base_scraper - INFO - 数据已保存到 data/hackernews/week_2026-07-20.json
2026-07-26 16:46:42,447 - scrapers.base_scraper - INFO - 成功爬取 Hacker News 的数据
2026-07-26 16:46:42,448 - __main__ - INFO - 完成: 1/3 个爬虫成功运行
2026-07-26 16:46:42,616 - __main__ - INFO - 归档所有源的旧数据
2026-07-26 16:46:42,617 - __main__ - INFO - 源 jandan 归档 无需归档
2026-07-26 16:46:42,617 - __main__ - INFO - 源 reddit 归档 无需归档
2026-07-26 16:46:42,617 - __main__ - INFO - 源 hackernews 归档 无需归档
