2026-08-15 16:02:28,911 - __main__ - INFO - 运行所有爬虫
2026-08-15 16:02:28,911 - scrapers.jandan_scraper - INFO - JandanScraper初始化完成
2026-08-15 16:02:28,911 - scrapers.base_scraper - INFO - 开始爬取 煎蛋网
2026-08-15 16:02:28,912 - scrapers.jandan_scraper - INFO - 开始爬取煎蛋热评
2026-08-15 16:02:32,075 - scrapers.jandan_scraper - INFO - 成功获取HTML内容，长度: 37305
2026-08-15 16:02:32,075 - scrapers.jandan_scraper - INFO - 调试: 手动获取评论 5877984 的吐槽数据
2026-08-15 16:02:32,075 - scrapers.jandan_scraper - INFO - 获取评论 5877984 的吐槽内容: https://jandan.net/api/tucao/list/5877984
2026-08-15 16:02:34,236 - scrapers.jandan_scraper - INFO - 评论 5877984 获取到 0 条热门吐槽, 0 条普通吐槽
2026-08-15 16:02:34,236 - scrapers.jandan_scraper - INFO - 调试: 评论 5877984 获取到 0 条热门吐槽, 0 条普通吐槽
2026-08-15 16:02:34,236 - scrapers.jandan_scraper - INFO - 开始解析页面中的评论
2026-08-15 16:02:34,236 - scrapers.jandan_scraper - INFO - 开始解析HTML内容, 长度: 37305
2026-08-15 16:02:34,255 - scrapers.jandan_scraper - INFO - 找到 0 条热门评论
2026-08-15 16:02:34,255 - scrapers.jandan_scraper - INFO - 解析完成，获取到 0 条评论
2026-08-15 16:02:34,255 - scrapers.jandan_scraper - INFO - 开始转换评论为统一格式
2026-08-15 16:02:34,255 - scrapers.jandan_scraper - INFO - 开始转换 0 条评论到统一格式
2026-08-15 16:02:34,255 - scrapers.jandan_scraper - INFO - 共转换 0 条评论为统一格式
2026-08-15 16:02:34,255 - scrapers.jandan_scraper - INFO - 爬取完成，共获取 0 条热评
2026-08-15 16:02:34,255 - scrapers.base_scraper - ERROR - 爬取 煎蛋网 失败
2026-08-15 16:02:34,256 - scrapers.reddit_scraper - INFO - RedditScraper初始化完成
2026-08-15 16:02:34,257 - scrapers.base_scraper - INFO - 开始爬取 Reddit
2026-08-15 16:02:34,257 - scrapers.reddit_scraper - INFO - 开始爬取Reddit r/confessions每周热门帖子
2026-08-15 16:02:37,324 - utils.http_utils - ERROR - 请求失败: https://www.reddit.com/r/confessions/top/.json?t=week&limit=10, 错误: 403 Client Error: Blocked for url: https://www.reddit.com/r/confessions/top/.json?t=week&limit=10
2026-08-15 16:02:37,325 - scrapers.reddit_scraper - ERROR - 获取API数据失败: 403 Client Error: Blocked for url: https://www.reddit.com/r/confessions/top/.json?t=week&limit=10
2026-08-15 16:02:37,325 - scrapers.base_scraper - ERROR - 爬取 Reddit 失败
2026-08-15 16:02:37,325 - scrapers.hackernews_scraper - INFO - HackerNewsScraper初始化完成
2026-08-15 16:02:37,326 - scrapers.base_scraper - INFO - 开始爬取 Hacker News
2026-08-15 16:02:37,326 - scrapers.hackernews_scraper - INFO - 开始爬取Hacker News Ask HN帖子
2026-08-15 16:02:37,326 - scrapers.hackernews_scraper - INFO - 获取Ask HN页面: https://news.ycombinator.com/ask
2026-08-15 16:02:39,770 - scrapers.hackernews_scraper - INFO - 找到 24 个帖子行
2026-08-15 16:02:39,771 - scrapers.hackernews_scraper - INFO - 成功解析故事: Ask HN: How do you keep up wit..., 作者=simonebrunozzi, 点赞=60, 评论=0
2026-08-15 16:02:39,772 - scrapers.hackernews_scraper - INFO - 成功解析故事: Ask HN: When you sell your com..., 作者=supergilbert, 点赞=4, 评论=0
2026-08-15 16:02:39,773 - scrapers.hackernews_scraper - INFO - 成功解析故事: Ask HN: In your experience, wh..., 作者=BoxOfRain, 点赞=214, 评论=0
2026-08-15 16:02:39,774 - scrapers.hackernews_scraper - INFO - 成功解析故事: Ask HN: What physical publicat..., 作者=sergiotapia, 点赞=7, 评论=0
2026-08-15 16:02:39,774 - scrapers.hackernews_scraper - INFO - 成功解析故事: Ask HN: Should hard-tech found..., 作者=misterballer, 点赞=11, 评论=0
2026-08-15 16:02:39,775 - scrapers.hackernews_scraper - INFO - 成功解析故事: Ask HN: Does a human still rev..., 作者=stikit, 点赞=9, 评论=0
2026-08-15 16:02:39,776 - scrapers.hackernews_scraper - INFO - 成功解析故事: Ask HN: What are you working o..., 作者=david927, 点赞=320, 评论=0
2026-08-15 16:02:39,777 - scrapers.hackernews_scraper - INFO - 成功解析故事: Ask HN: Do you know how much h..., 作者=mojomark, 点赞=5, 评论=0
2026-08-15 16:02:39,778 - scrapers.hackernews_scraper - INFO - 成功解析故事: Ask HN: What are you building ..., 作者=maxchisto, 点赞=2, 评论=0
2026-08-15 16:02:39,779 - scrapers.hackernews_scraper - INFO - 成功解析故事: Ask HN: What should I know bef..., 作者=logicallee, 点赞=3, 评论=0
2026-08-15 16:02:39,779 - scrapers.hackernews_scraper - INFO - 成功解析故事: Ask HN: What are your unfinish..., 作者=adam_gyroscope, 点赞=3, 评论=0
2026-08-15 16:02:39,780 - scrapers.hackernews_scraper - INFO - 成功解析故事: Ask HN: Why not expand accessi..., 作者=amichail, 点赞=2, 评论=0
2026-08-15 16:02:39,781 - scrapers.hackernews_scraper - INFO - 成功解析故事: Ask HN: What's the AI Revoluti..., 作者=ComputerPerson, 点赞=3, 评论=0
2026-08-15 16:02:39,781 - scrapers.hackernews_scraper - INFO - 成功解析故事: Ask HN: How much money do you ..., 作者=marko-djuric, 点赞=13, 评论=0
2026-08-15 16:02:39,782 - scrapers.hackernews_scraper - INFO - 成功解析故事: Ask HN: Does AI watermarking p..., 作者=nathanfig, 点赞=4, 评论=0
2026-08-15 16:02:39,782 - scrapers.hackernews_scraper - INFO - 成功解析 15 个Ask HN故事
2026-08-15 16:02:39,782 - scrapers.hackernews_scraper - INFO - 开始转换 15 个故事到统一格式
2026-08-15 16:02:39,782 - scrapers.hackernews_scraper - INFO - 转换第 1/15 个故事: Ask HN: How do you keep up wit...
2026-08-15 16:02:41,435 - scrapers.hackernews_scraper - INFO - 找到 107 条评论
2026-08-15 16:02:41,662 - scrapers.hackernews_scraper - INFO - 故事 Ask HN: How do you keep up wit... 转换完成，包含 100 条评论
2026-08-15 16:02:41,662 - scrapers.hackernews_scraper - INFO - 转换第 2/15 个故事: Ask HN: When you sell your com...
2026-08-15 16:02:43,602 - utils.http_utils - ERROR - 请求失败: https://news.ycombinator.com/item?id=49310571, 错误: 429 Client Error: Too Many Requests for url: https://news.ycombinator.com/item?id=49310571
2026-08-15 16:02:43,602 - scrapers.hackernews_scraper - ERROR - 获取故事详情失败: 49310571
2026-08-15 16:02:44,805 - utils.http_utils - ERROR - 请求失败: https://news.ycombinator.com/item?id=49310571, 错误: 429 Client Error: Too Many Requests for url: https://news.ycombinator.com/item?id=49310571
2026-08-15 16:02:44,805 - scrapers.hackernews_scraper - ERROR - 获取故事详情失败: 49310571
2026-08-15 16:02:44,805 - scrapers.hackernews_scraper - INFO - 故事 Ask HN: When you sell your com... 转换完成，包含 0 条评论
2026-08-15 16:02:44,805 - scrapers.hackernews_scraper - INFO - 转换第 3/15 个故事: Ask HN: In your experience, wh...
2026-08-15 16:02:47,724 - utils.http_utils - ERROR - 请求失败: https://news.ycombinator.com/item?id=49213660, 错误: 429 Client Error: Too Many Requests for url: https://news.ycombinator.com/item?id=49213660
2026-08-15 16:02:47,724 - scrapers.hackernews_scraper - ERROR - 获取故事详情失败: 49213660
2026-08-15 16:02:50,423 - utils.http_utils - ERROR - 请求失败: https://news.ycombinator.com/item?id=49213660, 错误: 429 Client Error: Too Many Requests for url: https://news.ycombinator.com/item?id=49213660
2026-08-15 16:02:50,423 - scrapers.hackernews_scraper - ERROR - 获取故事详情失败: 49213660
2026-08-15 16:02:50,423 - scrapers.hackernews_scraper - INFO - 故事 Ask HN: In your experience, wh... 转换完成，包含 0 条评论
2026-08-15 16:02:50,423 - scrapers.hackernews_scraper - INFO - 转换第 4/15 个故事: Ask HN: What physical publicat...
2026-08-15 16:02:51,895 - scrapers.hackernews_scraper - INFO - 找到 12 条评论
2026-08-15 16:02:51,903 - scrapers.hackernews_scraper - INFO - 故事 Ask HN: What physical publicat... 转换完成，包含 12 条评论
2026-08-15 16:02:51,903 - scrapers.hackernews_scraper - INFO - 转换第 5/15 个故事: Ask HN: Should hard-tech found...
2026-08-15 16:02:53,064 - scrapers.hackernews_scraper - INFO - 找到 12 条评论
2026-08-15 16:02:53,072 - scrapers.hackernews_scraper - INFO - 故事 Ask HN: Should hard-tech found... 转换完成，包含 12 条评论
2026-08-15 16:02:53,073 - scrapers.hackernews_scraper - INFO - 转换第 6/15 个故事: Ask HN: Does a human still rev...
2026-08-15 16:02:55,043 - utils.http_utils - ERROR - 请求失败: https://news.ycombinator.com/item?id=49298901, 错误: 429 Client Error: Too Many Requests for url: https://news.ycombinator.com/item?id=49298901
2026-08-15 16:02:55,043 - scrapers.hackernews_scraper - ERROR - 获取故事详情失败: 49298901
2026-08-15 16:02:56,920 - utils.http_utils - ERROR - 请求失败: https://news.ycombinator.com/item?id=49298901, 错误: 429 Client Error: Too Many Requests for url: https://news.ycombinator.com/item?id=49298901
2026-08-15 16:02:56,920 - scrapers.hackernews_scraper - ERROR - 获取故事详情失败: 49298901
2026-08-15 16:02:56,920 - scrapers.hackernews_scraper - INFO - 故事 Ask HN: Does a human still rev... 转换完成，包含 0 条评论
2026-08-15 16:02:56,920 - scrapers.hackernews_scraper - INFO - 转换第 7/15 个故事: Ask HN: What are you working o...
2026-08-15 16:02:58,472 - utils.http_utils - ERROR - 请求失败: https://news.ycombinator.com/item?id=49233423, 错误: 429 Client Error: Too Many Requests for url: https://news.ycombinator.com/item?id=49233423
2026-08-15 16:02:58,472 - scrapers.hackernews_scraper - ERROR - 获取故事详情失败: 49233423
2026-08-15 16:03:01,852 - scrapers.hackernews_scraper - INFO - 找到 1184 条评论
2026-08-15 16:03:30,599 - scrapers.hackernews_scraper - INFO - 故事 Ask HN: What are you working o... 转换完成，包含 100 条评论
2026-08-15 16:03:30,599 - scrapers.hackernews_scraper - INFO - 转换第 8/15 个故事: Ask HN: Do you know how much h...
2026-08-15 16:03:32,358 - scrapers.hackernews_scraper - INFO - 找到 12 条评论
2026-08-15 16:03:32,366 - scrapers.hackernews_scraper - INFO - 故事 Ask HN: Do you know how much h... 转换完成，包含 12 条评论
2026-08-15 16:03:32,367 - scrapers.hackernews_scraper - INFO - 转换第 9/15 个故事: Ask HN: What are you building ...
2026-08-15 16:03:34,725 - scrapers.hackernews_scraper - INFO - 找到 0 条评论
2026-08-15 16:03:34,725 - scrapers.hackernews_scraper - INFO - 故事 Ask HN: What are you building ... 转换完成，包含 0 条评论
2026-08-15 16:03:34,725 - scrapers.hackernews_scraper - INFO - 转换第 10/15 个故事: Ask HN: What should I know bef...
2026-08-15 16:03:36,143 - scrapers.hackernews_scraper - INFO - 找到 0 条评论
2026-08-15 16:03:36,144 - scrapers.hackernews_scraper - INFO - 故事 Ask HN: What should I know bef... 转换完成，包含 0 条评论
2026-08-15 16:03:36,144 - scrapers.hackernews_scraper - INFO - 转换第 11/15 个故事: Ask HN: What are your unfinish...
2026-08-15 16:03:37,325 - utils.http_utils - ERROR - 请求失败: https://news.ycombinator.com/item?id=49300450, 错误: 429 Client Error: Too Many Requests for url: https://news.ycombinator.com/item?id=49300450
2026-08-15 16:03:37,325 - scrapers.hackernews_scraper - ERROR - 获取故事详情失败: 49300450
2026-08-15 16:03:39,365 - utils.http_utils - ERROR - 请求失败: https://news.ycombinator.com/item?id=49300450, 错误: 429 Client Error: Too Many Requests for url: https://news.ycombinator.com/item?id=49300450
2026-08-15 16:03:39,365 - scrapers.hackernews_scraper - ERROR - 获取故事详情失败: 49300450
2026-08-15 16:03:39,365 - scrapers.hackernews_scraper - INFO - 故事 Ask HN: What are your unfinish... 转换完成，包含 0 条评论
2026-08-15 16:03:39,365 - scrapers.hackernews_scraper - INFO - 转换第 12/15 个故事: Ask HN: Why not expand accessi...
2026-08-15 16:03:40,930 - utils.http_utils - ERROR - 请求失败: https://news.ycombinator.com/item?id=49299227, 错误: 429 Client Error: Too Many Requests for url: https://news.ycombinator.com/item?id=49299227
2026-08-15 16:03:40,930 - scrapers.hackernews_scraper - ERROR - 获取故事详情失败: 49299227
2026-08-15 16:03:42,128 - utils.http_utils - ERROR - 请求失败: https://news.ycombinator.com/item?id=49299227, 错误: 429 Client Error: Too Many Requests for url: https://news.ycombinator.com/item?id=49299227
2026-08-15 16:03:42,128 - scrapers.hackernews_scraper - ERROR - 获取故事详情失败: 49299227
2026-08-15 16:03:42,129 - scrapers.hackernews_scraper - INFO - 故事 Ask HN: Why not expand accessi... 转换完成，包含 0 条评论
2026-08-15 16:03:42,129 - scrapers.hackernews_scraper - INFO - 转换第 13/15 个故事: Ask HN: What's the AI Revoluti...
2026-08-15 16:03:44,298 - utils.http_utils - ERROR - 请求失败: https://news.ycombinator.com/item?id=49299134, 错误: 429 Client Error: Too Many Requests for url: https://news.ycombinator.com/item?id=49299134
2026-08-15 16:03:44,298 - scrapers.hackernews_scraper - ERROR - 获取故事详情失败: 49299134
2026-08-15 16:03:46,874 - utils.http_utils - ERROR - 请求失败: https://news.ycombinator.com/item?id=49299134, 错误: 429 Client Error: Too Many Requests for url: https://news.ycombinator.com/item?id=49299134
2026-08-15 16:03:46,874 - scrapers.hackernews_scraper - ERROR - 获取故事详情失败: 49299134
2026-08-15 16:03:46,874 - scrapers.hackernews_scraper - INFO - 故事 Ask HN: What's the AI Revoluti... 转换完成，包含 0 条评论
2026-08-15 16:03:46,874 - scrapers.hackernews_scraper - INFO - 转换第 14/15 个故事: Ask HN: How much money do you ...
2026-08-15 16:03:49,222 - utils.http_utils - ERROR - 请求失败: https://news.ycombinator.com/item?id=49290713, 错误: 429 Client Error: Too Many Requests for url: https://news.ycombinator.com/item?id=49290713
2026-08-15 16:03:49,222 - scrapers.hackernews_scraper - ERROR - 获取故事详情失败: 49290713
2026-08-15 16:03:50,916 - utils.http_utils - ERROR - 请求失败: https://news.ycombinator.com/item?id=49290713, 错误: 429 Client Error: Too Many Requests for url: https://news.ycombinator.com/item?id=49290713
2026-08-15 16:03:50,916 - scrapers.hackernews_scraper - ERROR - 获取故事详情失败: 49290713
2026-08-15 16:03:50,917 - scrapers.hackernews_scraper - INFO - 故事 Ask HN: How much money do you ... 转换完成，包含 0 条评论
2026-08-15 16:03:50,917 - scrapers.hackernews_scraper - INFO - 转换第 15/15 个故事: Ask HN: Does AI watermarking p...
2026-08-15 16:03:52,130 - utils.http_utils - ERROR - 请求失败: https://news.ycombinator.com/item?id=49297267, 错误: 429 Client Error: Too Many Requests for url: https://news.ycombinator.com/item?id=49297267
2026-08-15 16:03:52,130 - scrapers.hackernews_scraper - ERROR - 获取故事详情失败: 49297267
2026-08-15 16:03:54,885 - utils.http_utils - ERROR - 请求失败: https://news.ycombinator.com/item?id=49297267, 错误: 429 Client Error: Too Many Requests for url: https://news.ycombinator.com/item?id=49297267
2026-08-15 16:03:54,885 - scrapers.hackernews_scraper - ERROR - 获取故事详情失败: 49297267
2026-08-15 16:03:54,885 - scrapers.hackernews_scraper - INFO - 故事 Ask HN: Does AI watermarking p... 转换完成，包含 0 条评论
2026-08-15 16:03:54,885 - scrapers.hackernews_scraper - INFO - 共转换 15 个故事为统一格式
2026-08-15 16:03:54,885 - scrapers.hackernews_scraper - INFO - 爬取完成，共获取 15 个Ask HN故事
2026-08-15 16:03:55,228 - utils.storage_utils - INFO - 已更新源索引: hackernews
2026-08-15 16:03:55,229 - utils.storage_utils - INFO - 数据已保存到 data/hackernews/week_2026-08-10.json
2026-08-15 16:03:55,230 - scrapers.base_scraper - INFO - 数据已保存到 data/hackernews/week_2026-08-10.json
2026-08-15 16:03:55,230 - scrapers.base_scraper - INFO - 成功爬取 Hacker News 的数据
2026-08-15 16:03:55,231 - __main__ - INFO - 完成: 1/3 个爬虫成功运行
2026-08-15 16:03:55,432 - __main__ - INFO - 归档所有源的旧数据
2026-08-15 16:03:55,433 - __main__ - INFO - 源 jandan 归档 无需归档
2026-08-15 16:03:55,433 - __main__ - INFO - 源 reddit 归档 无需归档
2026-08-15 16:03:55,433 - __main__ - INFO - 源 hackernews 归档 无需归档
