2026-08-12 16:16:03,841 - __main__ - INFO - 运行所有爬虫
2026-08-12 16:16:03,841 - scrapers.jandan_scraper - INFO - JandanScraper初始化完成
2026-08-12 16:16:03,841 - scrapers.base_scraper - INFO - 开始爬取 煎蛋网
2026-08-12 16:16:03,842 - scrapers.jandan_scraper - INFO - 开始爬取煎蛋热评
2026-08-12 16:16:07,157 - scrapers.jandan_scraper - INFO - 成功获取HTML内容，长度: 37228
2026-08-12 16:16:07,157 - scrapers.jandan_scraper - INFO - 调试: 手动获取评论 5877984 的吐槽数据
2026-08-12 16:16:07,158 - scrapers.jandan_scraper - INFO - 获取评论 5877984 的吐槽内容: https://jandan.net/api/tucao/list/5877984
2026-08-12 16:16:10,238 - scrapers.jandan_scraper - INFO - 评论 5877984 获取到 0 条热门吐槽, 0 条普通吐槽
2026-08-12 16:16:10,238 - scrapers.jandan_scraper - INFO - 调试: 评论 5877984 获取到 0 条热门吐槽, 0 条普通吐槽
2026-08-12 16:16:10,238 - scrapers.jandan_scraper - INFO - 开始解析页面中的评论
2026-08-12 16:16:10,238 - scrapers.jandan_scraper - INFO - 开始解析HTML内容, 长度: 37228
2026-08-12 16:16:10,256 - scrapers.jandan_scraper - INFO - 找到 0 条热门评论
2026-08-12 16:16:10,256 - scrapers.jandan_scraper - INFO - 解析完成，获取到 0 条评论
2026-08-12 16:16:10,257 - scrapers.jandan_scraper - INFO - 开始转换评论为统一格式
2026-08-12 16:16:10,257 - scrapers.jandan_scraper - INFO - 开始转换 0 条评论到统一格式
2026-08-12 16:16:10,257 - scrapers.jandan_scraper - INFO - 共转换 0 条评论为统一格式
2026-08-12 16:16:10,257 - scrapers.jandan_scraper - INFO - 爬取完成，共获取 0 条热评
2026-08-12 16:16:10,257 - scrapers.base_scraper - ERROR - 爬取 煎蛋网 失败
2026-08-12 16:16:10,257 - scrapers.reddit_scraper - INFO - RedditScraper初始化完成
2026-08-12 16:16:10,258 - scrapers.base_scraper - INFO - 开始爬取 Reddit
2026-08-12 16:16:10,259 - scrapers.reddit_scraper - INFO - 开始爬取Reddit r/confessions每周热门帖子
2026-08-12 16:16:13,360 - utils.http_utils - ERROR - 请求失败: https://www.reddit.com/r/confessions/top/.json?t=week&limit=10, 错误: 403 Client Error: Blocked for url: https://www.reddit.com/r/confessions/top/.json?t=week&limit=10
2026-08-12 16:16:13,361 - scrapers.reddit_scraper - ERROR - 获取API数据失败: 403 Client Error: Blocked for url: https://www.reddit.com/r/confessions/top/.json?t=week&limit=10
2026-08-12 16:16:13,361 - scrapers.base_scraper - ERROR - 爬取 Reddit 失败
2026-08-12 16:16:13,361 - scrapers.hackernews_scraper - INFO - HackerNewsScraper初始化完成
2026-08-12 16:16:13,362 - scrapers.base_scraper - INFO - 开始爬取 Hacker News
2026-08-12 16:16:13,362 - scrapers.hackernews_scraper - INFO - 开始爬取Hacker News Ask HN帖子
2026-08-12 16:16:13,362 - scrapers.hackernews_scraper - INFO - 获取Ask HN页面: https://news.ycombinator.com/ask
2026-08-12 16:16:15,679 - scrapers.hackernews_scraper - INFO - 找到 13 个帖子行
2026-08-12 16:16:15,681 - scrapers.hackernews_scraper - INFO - 成功解析故事: Ask HN: In your experience, wh..., 作者=BoxOfRain, 点赞=210, 评论=0
2026-08-12 16:16:15,681 - scrapers.hackernews_scraper - INFO - 成功解析故事: Ask HN: GitHub project that sh..., 作者=4d66ba06, 点赞=3, 评论=0
2026-08-12 16:16:15,682 - scrapers.hackernews_scraper - INFO - 成功解析故事: Ask HN: What are GitHub's push..., 作者=ghspamwatch, 点赞=3, 评论=0
2026-08-12 16:16:15,683 - scrapers.hackernews_scraper - INFO - 成功解析故事: Ask HN: What are you working o..., 作者=david927, 点赞=315, 评论=0
2026-08-12 16:16:15,684 - scrapers.hackernews_scraper - INFO - 成功解析故事: Ask HN: Could DNA be represent..., 作者=greenmoonx, 点赞=3, 评论=0
2026-08-12 16:16:15,684 - scrapers.hackernews_scraper - INFO - 成功解析故事: Ask HN: How did you teach anal..., 作者=felooboolooomba, 点赞=7, 评论=0
2026-08-12 16:16:15,685 - scrapers.hackernews_scraper - INFO - 成功解析故事: Ask HN: Anyone have solution t..., 作者=firemelt, 点赞=5, 评论=0
2026-08-12 16:16:15,685 - scrapers.hackernews_scraper - INFO - 成功解析故事: Ask HN: How do you learn with ..., 作者=py4, 点赞=7, 评论=0
2026-08-12 16:16:15,686 - scrapers.hackernews_scraper - INFO - 成功解析 8 个Ask HN故事
2026-08-12 16:16:15,686 - scrapers.hackernews_scraper - INFO - 开始转换 8 个故事到统一格式
2026-08-12 16:16:15,686 - scrapers.hackernews_scraper - INFO - 转换第 1/8 个故事: Ask HN: In your experience, wh...
2026-08-12 16:16:17,545 - scrapers.hackernews_scraper - INFO - 找到 72 条评论
2026-08-12 16:16:17,672 - scrapers.hackernews_scraper - INFO - 故事 Ask HN: In your experience, wh... 转换完成，包含 72 条评论
2026-08-12 16:16:17,672 - scrapers.hackernews_scraper - INFO - 转换第 2/8 个故事: Ask HN: GitHub project that sh...
2026-08-12 16:16:19,424 - utils.http_utils - ERROR - 请求失败: https://news.ycombinator.com/item?id=49270921, 错误: 429 Client Error: Too Many Requests for url: https://news.ycombinator.com/item?id=49270921
2026-08-12 16:16:19,424 - scrapers.hackernews_scraper - ERROR - 获取故事详情失败: 49270921
2026-08-12 16:16:22,062 - utils.http_utils - ERROR - 请求失败: https://news.ycombinator.com/item?id=49270921, 错误: 429 Client Error: Too Many Requests for url: https://news.ycombinator.com/item?id=49270921
2026-08-12 16:16:22,062 - scrapers.hackernews_scraper - ERROR - 获取故事详情失败: 49270921
2026-08-12 16:16:22,062 - scrapers.hackernews_scraper - INFO - 故事 Ask HN: GitHub project that sh... 转换完成，包含 0 条评论
2026-08-12 16:16:22,062 - scrapers.hackernews_scraper - INFO - 转换第 3/8 个故事: Ask HN: What are GitHub's push...
2026-08-12 16:16:24,227 - utils.http_utils - ERROR - 请求失败: https://news.ycombinator.com/item?id=49270205, 错误: 429 Client Error: Too Many Requests for url: https://news.ycombinator.com/item?id=49270205
2026-08-12 16:16:24,227 - scrapers.hackernews_scraper - ERROR - 获取故事详情失败: 49270205
2026-08-12 16:16:25,513 - utils.http_utils - ERROR - 请求失败: https://news.ycombinator.com/item?id=49270205, 错误: 429 Client Error: Too Many Requests for url: https://news.ycombinator.com/item?id=49270205
2026-08-12 16:16:25,513 - scrapers.hackernews_scraper - ERROR - 获取故事详情失败: 49270205
2026-08-12 16:16:25,513 - scrapers.hackernews_scraper - INFO - 故事 Ask HN: What are GitHub's push... 转换完成，包含 0 条评论
2026-08-12 16:16:25,513 - scrapers.hackernews_scraper - INFO - 转换第 4/8 个故事: Ask HN: What are you working o...
2026-08-12 16:16:32,903 - scrapers.hackernews_scraper - INFO - 找到 1147 条评论
2026-08-12 16:17:00,064 - scrapers.hackernews_scraper - INFO - 故事 Ask HN: What are you working o... 转换完成，包含 100 条评论
2026-08-12 16:17:00,064 - scrapers.hackernews_scraper - INFO - 转换第 5/8 个故事: Ask HN: Could DNA be represent...
2026-08-12 16:17:02,147 - scrapers.hackernews_scraper - INFO - 找到 1 条评论
2026-08-12 16:17:02,148 - scrapers.hackernews_scraper - INFO - 故事 Ask HN: Could DNA be represent... 转换完成，包含 1 条评论
2026-08-12 16:17:02,148 - scrapers.hackernews_scraper - INFO - 转换第 6/8 个故事: Ask HN: How did you teach anal...
2026-08-12 16:17:03,346 - utils.http_utils - ERROR - 请求失败: https://news.ycombinator.com/item?id=49256631, 错误: 429 Client Error: Too Many Requests for url: https://news.ycombinator.com/item?id=49256631
2026-08-12 16:17:03,346 - scrapers.hackernews_scraper - ERROR - 获取故事详情失败: 49256631
2026-08-12 16:17:04,518 - utils.http_utils - ERROR - 请求失败: https://news.ycombinator.com/item?id=49256631, 错误: 429 Client Error: Too Many Requests for url: https://news.ycombinator.com/item?id=49256631
2026-08-12 16:17:04,518 - scrapers.hackernews_scraper - ERROR - 获取故事详情失败: 49256631
2026-08-12 16:17:04,518 - scrapers.hackernews_scraper - INFO - 故事 Ask HN: How did you teach anal... 转换完成，包含 0 条评论
2026-08-12 16:17:04,518 - scrapers.hackernews_scraper - INFO - 转换第 7/8 个故事: Ask HN: Anyone have solution t...
2026-08-12 16:17:07,423 - utils.http_utils - ERROR - 请求失败: https://news.ycombinator.com/item?id=49254381, 错误: 429 Client Error: Too Many Requests for url: https://news.ycombinator.com/item?id=49254381
2026-08-12 16:17:07,423 - scrapers.hackernews_scraper - ERROR - 获取故事详情失败: 49254381
2026-08-12 16:17:09,016 - utils.http_utils - ERROR - 请求失败: https://news.ycombinator.com/item?id=49254381, 错误: 429 Client Error: Too Many Requests for url: https://news.ycombinator.com/item?id=49254381
2026-08-12 16:17:09,016 - scrapers.hackernews_scraper - ERROR - 获取故事详情失败: 49254381
2026-08-12 16:17:09,016 - scrapers.hackernews_scraper - INFO - 故事 Ask HN: Anyone have solution t... 转换完成，包含 0 条评论
2026-08-12 16:17:09,016 - scrapers.hackernews_scraper - INFO - 转换第 8/8 个故事: Ask HN: How do you learn with ...
2026-08-12 16:17:11,761 - scrapers.hackernews_scraper - INFO - 找到 10 条评论
2026-08-12 16:17:11,767 - scrapers.hackernews_scraper - INFO - 故事 Ask HN: How do you learn with ... 转换完成，包含 10 条评论
2026-08-12 16:17:11,767 - scrapers.hackernews_scraper - INFO - 共转换 8 个故事为统一格式
2026-08-12 16:17:11,768 - scrapers.hackernews_scraper - INFO - 爬取完成，共获取 8 个Ask HN故事
2026-08-12 16:17:12,071 - utils.storage_utils - INFO - 已更新源索引: hackernews
2026-08-12 16:17:12,072 - utils.storage_utils - INFO - 数据已保存到 data/hackernews/week_2026-08-10.json
2026-08-12 16:17:12,072 - scrapers.base_scraper - INFO - 数据已保存到 data/hackernews/week_2026-08-10.json
2026-08-12 16:17:12,072 - scrapers.base_scraper - INFO - 成功爬取 Hacker News 的数据
2026-08-12 16:17:12,073 - __main__ - INFO - 完成: 1/3 个爬虫成功运行
2026-08-12 16:17:12,274 - __main__ - INFO - 归档所有源的旧数据
2026-08-12 16:17:12,275 - __main__ - INFO - 源 jandan 归档 无需归档
2026-08-12 16:17:12,275 - __main__ - INFO - 源 reddit 归档 无需归档
2026-08-12 16:17:12,275 - __main__ - INFO - 源 hackernews 归档 无需归档
