2026-08-13 16:15:29,004 - __main__ - INFO - 运行所有爬虫
2026-08-13 16:15:29,004 - scrapers.jandan_scraper - INFO - JandanScraper初始化完成
2026-08-13 16:15:29,004 - scrapers.base_scraper - INFO - 开始爬取 煎蛋网
2026-08-13 16:15:29,004 - scrapers.jandan_scraper - INFO - 开始爬取煎蛋热评
2026-08-13 16:15:31,441 - scrapers.jandan_scraper - INFO - 成功获取HTML内容，长度: 37228
2026-08-13 16:15:31,441 - scrapers.jandan_scraper - INFO - 调试: 手动获取评论 5877984 的吐槽数据
2026-08-13 16:15:31,441 - scrapers.jandan_scraper - INFO - 获取评论 5877984 的吐槽内容: https://jandan.net/api/tucao/list/5877984
2026-08-13 16:15:34,941 - scrapers.jandan_scraper - INFO - 评论 5877984 获取到 0 条热门吐槽, 0 条普通吐槽
2026-08-13 16:15:34,941 - scrapers.jandan_scraper - INFO - 调试: 评论 5877984 获取到 0 条热门吐槽, 0 条普通吐槽
2026-08-13 16:15:34,941 - scrapers.jandan_scraper - INFO - 开始解析页面中的评论
2026-08-13 16:15:34,941 - scrapers.jandan_scraper - INFO - 开始解析HTML内容, 长度: 37228
2026-08-13 16:15:34,957 - scrapers.jandan_scraper - INFO - 找到 0 条热门评论
2026-08-13 16:15:34,957 - scrapers.jandan_scraper - INFO - 解析完成，获取到 0 条评论
2026-08-13 16:15:34,957 - scrapers.jandan_scraper - INFO - 开始转换评论为统一格式
2026-08-13 16:15:34,957 - scrapers.jandan_scraper - INFO - 开始转换 0 条评论到统一格式
2026-08-13 16:15:34,957 - scrapers.jandan_scraper - INFO - 共转换 0 条评论为统一格式
2026-08-13 16:15:34,957 - scrapers.jandan_scraper - INFO - 爬取完成，共获取 0 条热评
2026-08-13 16:15:34,957 - scrapers.base_scraper - ERROR - 爬取 煎蛋网 失败
2026-08-13 16:15:34,957 - scrapers.reddit_scraper - INFO - RedditScraper初始化完成
2026-08-13 16:15:34,959 - scrapers.base_scraper - INFO - 开始爬取 Reddit
2026-08-13 16:15:34,959 - scrapers.reddit_scraper - INFO - 开始爬取Reddit r/confessions每周热门帖子
2026-08-13 16:15:36,735 - utils.http_utils - ERROR - 请求失败: https://www.reddit.com/r/confessions/top/.json?t=week&limit=10, 错误: 403 Client Error: Blocked for url: https://www.reddit.com/r/confessions/top/.json?t=week&limit=10
2026-08-13 16:15:36,735 - scrapers.reddit_scraper - ERROR - 获取API数据失败: 403 Client Error: Blocked for url: https://www.reddit.com/r/confessions/top/.json?t=week&limit=10
2026-08-13 16:15:36,735 - scrapers.base_scraper - ERROR - 爬取 Reddit 失败
2026-08-13 16:15:36,736 - scrapers.hackernews_scraper - INFO - HackerNewsScraper初始化完成
2026-08-13 16:15:36,736 - scrapers.base_scraper - INFO - 开始爬取 Hacker News
2026-08-13 16:15:36,736 - scrapers.hackernews_scraper - INFO - 开始爬取Hacker News Ask HN帖子
2026-08-13 16:15:36,736 - scrapers.hackernews_scraper - INFO - 获取Ask HN页面: https://news.ycombinator.com/ask
2026-08-13 16:15:39,573 - scrapers.hackernews_scraper - INFO - 找到 22 个帖子行
2026-08-13 16:15:39,574 - scrapers.hackernews_scraper - INFO - 成功解析故事: Ask HN: What browser do you us..., 作者=Pieczasz, 点赞=2, 评论=0
2026-08-13 16:15:39,575 - scrapers.hackernews_scraper - INFO - 成功解析故事: Ask HN: In your experience, wh..., 作者=BoxOfRain, 点赞=212, 评论=0
2026-08-13 16:15:39,575 - scrapers.hackernews_scraper - INFO - 成功解析故事: Ask HN: How are you finding th..., 作者=dzonga, 点赞=10, 评论=0
2026-08-13 16:15:39,576 - scrapers.hackernews_scraper - INFO - 成功解析故事: Ask HN: Is AI code verificatio..., 作者=ochidaniel4, 点赞=7, 评论=0
2026-08-13 16:15:39,576 - scrapers.hackernews_scraper - INFO - 成功解析故事: Ask HN: What are you working o..., 作者=david927, 点赞=317, 评论=0
2026-08-13 16:15:39,577 - scrapers.hackernews_scraper - INFO - 成功解析故事: Ask HN: Are there any producti..., 作者=atif089, 点赞=4, 评论=0
2026-08-13 16:15:39,577 - scrapers.hackernews_scraper - INFO - 成功解析故事: Ask HN:Why do websites today r..., 作者=DenisDolya, 点赞=7, 评论=0
2026-08-13 16:15:39,578 - scrapers.hackernews_scraper - INFO - 成功解析故事: Ask HN: How's Everyone Feeling..., 作者=arm32, 点赞=15, 评论=0
2026-08-13 16:15:39,578 - scrapers.hackernews_scraper - INFO - 成功解析故事: Ask HN: Why Connected Home App..., 作者=ripe, 点赞=5, 评论=0
2026-08-13 16:15:39,578 - scrapers.hackernews_scraper - INFO - 成功解析故事: Ask HN: Responsible/trustable ..., 作者=levinb, 点赞=6, 评论=0
2026-08-13 16:15:39,579 - scrapers.hackernews_scraper - INFO - 成功解析故事: Ask HN: What do you think of t..., 作者=amichail, 点赞=3, 评论=0
2026-08-13 16:15:39,579 - scrapers.hackernews_scraper - INFO - 成功解析故事: Ask HN: How do you envision th..., 作者=DavidHaerer, 点赞=3, 评论=0
2026-08-13 16:15:39,580 - scrapers.hackernews_scraper - INFO - 成功解析故事: Ask HN: GitHub project that sh..., 作者=4d66ba06, 点赞=3, 评论=0
2026-08-13 16:15:39,581 - scrapers.hackernews_scraper - INFO - 成功解析故事: Ask HN: What are GitHub's push..., 作者=ghspamwatch, 点赞=5, 评论=0
2026-08-13 16:15:39,581 - scrapers.hackernews_scraper - INFO - 成功解析 14 个Ask HN故事
2026-08-13 16:15:39,581 - scrapers.hackernews_scraper - INFO - 开始转换 14 个故事到统一格式
2026-08-13 16:15:39,581 - scrapers.hackernews_scraper - INFO - 转换第 1/14 个故事: Ask HN: What browser do you us...
2026-08-13 16:15:42,012 - scrapers.hackernews_scraper - INFO - 找到 15 条评论
2026-08-13 16:15:42,022 - scrapers.hackernews_scraper - INFO - 故事 Ask HN: What browser do you us... 转换完成，包含 15 条评论
2026-08-13 16:15:42,022 - scrapers.hackernews_scraper - INFO - 转换第 2/14 个故事: Ask HN: In your experience, wh...
2026-08-13 16:15:45,115 - scrapers.hackernews_scraper - INFO - 找到 73 条评论
2026-08-13 16:15:45,229 - scrapers.hackernews_scraper - INFO - 故事 Ask HN: In your experience, wh... 转换完成，包含 73 条评论
2026-08-13 16:15:45,230 - scrapers.hackernews_scraper - INFO - 转换第 3/14 个故事: Ask HN: How are you finding th...
2026-08-13 16:15:46,741 - scrapers.hackernews_scraper - INFO - 找到 15 条评论
2026-08-13 16:15:46,750 - scrapers.hackernews_scraper - INFO - 故事 Ask HN: How are you finding th... 转换完成，包含 15 条评论
2026-08-13 16:15:46,751 - scrapers.hackernews_scraper - INFO - 转换第 4/14 个故事: Ask HN: Is AI code verificatio...
2026-08-13 16:15:48,765 - scrapers.hackernews_scraper - INFO - 找到 3 条评论
2026-08-13 16:15:48,767 - scrapers.hackernews_scraper - INFO - 故事 Ask HN: Is AI code verificatio... 转换完成，包含 3 条评论
2026-08-13 16:15:48,767 - scrapers.hackernews_scraper - INFO - 转换第 5/14 个故事: Ask HN: What are you working o...
2026-08-13 16:15:51,301 - utils.http_utils - ERROR - 请求失败: https://news.ycombinator.com/item?id=49233423, 错误: 429 Client Error: Too Many Requests for url: https://news.ycombinator.com/item?id=49233423
2026-08-13 16:15:51,301 - scrapers.hackernews_scraper - ERROR - 获取故事详情失败: 49233423
2026-08-13 16:15:52,434 - utils.http_utils - ERROR - 请求失败: https://news.ycombinator.com/item?id=49233423, 错误: 429 Client Error: Too Many Requests for url: https://news.ycombinator.com/item?id=49233423
2026-08-13 16:15:52,435 - scrapers.hackernews_scraper - ERROR - 获取故事详情失败: 49233423
2026-08-13 16:15:52,435 - scrapers.hackernews_scraper - INFO - 故事 Ask HN: What are you working o... 转换完成，包含 0 条评论
2026-08-13 16:15:52,435 - scrapers.hackernews_scraper - INFO - 转换第 6/14 个故事: Ask HN: Are there any producti...
2026-08-13 16:15:55,235 - scrapers.hackernews_scraper - INFO - 找到 0 条评论
2026-08-13 16:15:55,235 - scrapers.hackernews_scraper - INFO - 故事 Ask HN: Are there any producti... 转换完成，包含 0 条评论
2026-08-13 16:15:55,235 - scrapers.hackernews_scraper - INFO - 转换第 7/14 个故事: Ask HN:Why do websites today r...
2026-08-13 16:15:57,896 - scrapers.hackernews_scraper - INFO - 找到 9 条评论
2026-08-13 16:15:57,901 - scrapers.hackernews_scraper - INFO - 故事 Ask HN:Why do websites today r... 转换完成，包含 9 条评论
2026-08-13 16:15:57,901 - scrapers.hackernews_scraper - INFO - 转换第 8/14 个故事: Ask HN: How's Everyone Feeling...
2026-08-13 16:16:00,470 - scrapers.hackernews_scraper - INFO - 找到 17 条评论
2026-08-13 16:16:00,483 - scrapers.hackernews_scraper - INFO - 故事 Ask HN: How's Everyone Feeling... 转换完成，包含 17 条评论
2026-08-13 16:16:00,483 - scrapers.hackernews_scraper - INFO - 转换第 9/14 个故事: Ask HN: Why Connected Home App...
2026-08-13 16:16:01,858 - scrapers.hackernews_scraper - INFO - 找到 7 条评论
2026-08-13 16:16:01,862 - scrapers.hackernews_scraper - INFO - 故事 Ask HN: Why Connected Home App... 转换完成，包含 7 条评论
2026-08-13 16:16:01,862 - scrapers.hackernews_scraper - INFO - 转换第 10/14 个故事: Ask HN: Responsible/trustable ...
2026-08-13 16:16:04,494 - utils.http_utils - ERROR - 请求失败: https://news.ycombinator.com/item?id=49275020, 错误: 429 Client Error: Too Many Requests for url: https://news.ycombinator.com/item?id=49275020
2026-08-13 16:16:04,494 - scrapers.hackernews_scraper - ERROR - 获取故事详情失败: 49275020
2026-08-13 16:16:07,338 - utils.http_utils - ERROR - 请求失败: https://news.ycombinator.com/item?id=49275020, 错误: 429 Client Error: Too Many Requests for url: https://news.ycombinator.com/item?id=49275020
2026-08-13 16:16:07,338 - scrapers.hackernews_scraper - ERROR - 获取故事详情失败: 49275020
2026-08-13 16:16:07,338 - scrapers.hackernews_scraper - INFO - 故事 Ask HN: Responsible/trustable ... 转换完成，包含 0 条评论
2026-08-13 16:16:07,338 - scrapers.hackernews_scraper - INFO - 转换第 11/14 个故事: Ask HN: What do you think of t...
2026-08-13 16:16:10,197 - utils.http_utils - ERROR - 请求失败: https://news.ycombinator.com/item?id=49274075, 错误: 429 Client Error: Too Many Requests for url: https://news.ycombinator.com/item?id=49274075
2026-08-13 16:16:10,197 - scrapers.hackernews_scraper - ERROR - 获取故事详情失败: 49274075
2026-08-13 16:16:12,874 - utils.http_utils - ERROR - 请求失败: https://news.ycombinator.com/item?id=49274075, 错误: 429 Client Error: Too Many Requests for url: https://news.ycombinator.com/item?id=49274075
2026-08-13 16:16:12,874 - scrapers.hackernews_scraper - ERROR - 获取故事详情失败: 49274075
2026-08-13 16:16:12,874 - scrapers.hackernews_scraper - INFO - 故事 Ask HN: What do you think of t... 转换完成，包含 0 条评论
2026-08-13 16:16:12,874 - scrapers.hackernews_scraper - INFO - 转换第 12/14 个故事: Ask HN: How do you envision th...
2026-08-13 16:16:14,181 - scrapers.hackernews_scraper - INFO - 找到 2 条评论
2026-08-13 16:16:14,182 - scrapers.hackernews_scraper - INFO - 故事 Ask HN: How do you envision th... 转换完成，包含 2 条评论
2026-08-13 16:16:14,182 - scrapers.hackernews_scraper - INFO - 转换第 13/14 个故事: Ask HN: GitHub project that sh...
2026-08-13 16:16:16,430 - scrapers.hackernews_scraper - INFO - 找到 1 条评论
2026-08-13 16:16:16,431 - scrapers.hackernews_scraper - INFO - 故事 Ask HN: GitHub project that sh... 转换完成，包含 1 条评论
2026-08-13 16:16:16,431 - scrapers.hackernews_scraper - INFO - 转换第 14/14 个故事: Ask HN: What are GitHub's push...
2026-08-13 16:16:17,759 - scrapers.hackernews_scraper - INFO - 找到 1 条评论
2026-08-13 16:16:17,760 - scrapers.hackernews_scraper - INFO - 故事 Ask HN: What are GitHub's push... 转换完成，包含 1 条评论
2026-08-13 16:16:17,760 - scrapers.hackernews_scraper - INFO - 共转换 14 个故事为统一格式
2026-08-13 16:16:17,760 - scrapers.hackernews_scraper - INFO - 爬取完成，共获取 14 个Ask HN故事
2026-08-13 16:16:17,959 - utils.storage_utils - INFO - 已更新源索引: hackernews
2026-08-13 16:16:17,959 - utils.storage_utils - INFO - 数据已保存到 data/hackernews/week_2026-08-10.json
2026-08-13 16:16:17,960 - scrapers.base_scraper - INFO - 数据已保存到 data/hackernews/week_2026-08-10.json
2026-08-13 16:16:17,960 - scrapers.base_scraper - INFO - 成功爬取 Hacker News 的数据
2026-08-13 16:16:17,961 - __main__ - INFO - 完成: 1/3 个爬虫成功运行
2026-08-13 16:16:18,153 - __main__ - INFO - 归档所有源的旧数据
2026-08-13 16:16:18,153 - __main__ - INFO - 源 jandan 归档 无需归档
2026-08-13 16:16:18,153 - __main__ - INFO - 源 reddit 归档 无需归档
2026-08-13 16:16:18,153 - __main__ - INFO - 源 hackernews 归档 无需归档
