2026-08-14 16:14:55,407 - __main__ - INFO - 运行所有爬虫
2026-08-14 16:14:55,407 - scrapers.jandan_scraper - INFO - JandanScraper初始化完成
2026-08-14 16:14:55,407 - scrapers.base_scraper - INFO - 开始爬取 煎蛋网
2026-08-14 16:14:55,407 - scrapers.jandan_scraper - INFO - 开始爬取煎蛋热评
2026-08-14 16:14:58,831 - scrapers.jandan_scraper - INFO - 成功获取HTML内容，长度: 37305
2026-08-14 16:14:58,831 - scrapers.jandan_scraper - INFO - 调试: 手动获取评论 5877984 的吐槽数据
2026-08-14 16:14:58,832 - scrapers.jandan_scraper - INFO - 获取评论 5877984 的吐槽内容: https://jandan.net/api/tucao/list/5877984
2026-08-14 16:15:00,273 - scrapers.jandan_scraper - INFO - 评论 5877984 获取到 0 条热门吐槽, 0 条普通吐槽
2026-08-14 16:15:00,273 - scrapers.jandan_scraper - INFO - 调试: 评论 5877984 获取到 0 条热门吐槽, 0 条普通吐槽
2026-08-14 16:15:00,273 - scrapers.jandan_scraper - INFO - 开始解析页面中的评论
2026-08-14 16:15:00,273 - scrapers.jandan_scraper - INFO - 开始解析HTML内容, 长度: 37305
2026-08-14 16:15:00,292 - scrapers.jandan_scraper - INFO - 找到 0 条热门评论
2026-08-14 16:15:00,292 - scrapers.jandan_scraper - INFO - 解析完成，获取到 0 条评论
2026-08-14 16:15:00,292 - scrapers.jandan_scraper - INFO - 开始转换评论为统一格式
2026-08-14 16:15:00,292 - scrapers.jandan_scraper - INFO - 开始转换 0 条评论到统一格式
2026-08-14 16:15:00,292 - scrapers.jandan_scraper - INFO - 共转换 0 条评论为统一格式
2026-08-14 16:15:00,292 - scrapers.jandan_scraper - INFO - 爬取完成，共获取 0 条热评
2026-08-14 16:15:00,292 - scrapers.base_scraper - ERROR - 爬取 煎蛋网 失败
2026-08-14 16:15:00,292 - scrapers.reddit_scraper - INFO - RedditScraper初始化完成
2026-08-14 16:15:00,293 - scrapers.base_scraper - INFO - 开始爬取 Reddit
2026-08-14 16:15:00,294 - scrapers.reddit_scraper - INFO - 开始爬取Reddit r/confessions每周热门帖子
2026-08-14 16:15:03,285 - utils.http_utils - ERROR - 请求失败: https://www.reddit.com/r/confessions/top/.json?t=week&limit=10, 错误: 403 Client Error: Blocked for url: https://www.reddit.com/r/confessions/top/.json?t=week&limit=10
2026-08-14 16:15:03,286 - scrapers.reddit_scraper - ERROR - 获取API数据失败: 403 Client Error: Blocked for url: https://www.reddit.com/r/confessions/top/.json?t=week&limit=10
2026-08-14 16:15:03,286 - scrapers.base_scraper - ERROR - 爬取 Reddit 失败
2026-08-14 16:15:03,286 - scrapers.hackernews_scraper - INFO - HackerNewsScraper初始化完成
2026-08-14 16:15:03,287 - scrapers.base_scraper - INFO - 开始爬取 Hacker News
2026-08-14 16:15:03,287 - scrapers.hackernews_scraper - INFO - 开始爬取Hacker News Ask HN帖子
2026-08-14 16:15:03,287 - scrapers.hackernews_scraper - INFO - 获取Ask HN页面: https://news.ycombinator.com/ask
2026-08-14 16:15:06,003 - scrapers.hackernews_scraper - INFO - 找到 23 个帖子行
2026-08-14 16:15:06,005 - scrapers.hackernews_scraper - INFO - 成功解析故事: Ask HN: Should hard-tech found..., 作者=misterballer, 点赞=6, 评论=0
2026-08-14 16:15:06,005 - scrapers.hackernews_scraper - INFO - 成功解析故事: Ask HN: What are your unfinish..., 作者=adam_gyroscope, 点赞=2, 评论=0
2026-08-14 16:15:06,006 - scrapers.hackernews_scraper - INFO - 成功解析故事: Ask HN: Does a human still rev..., 作者=stikit, 点赞=3, 评论=0
2026-08-14 16:15:06,007 - scrapers.hackernews_scraper - INFO - 成功解析故事: Ask HN: Why not expand accessi..., 作者=amichail, 点赞=2, 评论=0
2026-08-14 16:15:06,007 - scrapers.hackernews_scraper - INFO - 成功解析故事: Ask HN: What's the AI Revoluti..., 作者=ComputerPerson, 点赞=2, 评论=0
2026-08-14 16:15:06,008 - scrapers.hackernews_scraper - INFO - 成功解析故事: Ask HN: Do you know how much h..., 作者=mojomark, 点赞=3, 评论=0
2026-08-14 16:15:06,008 - scrapers.hackernews_scraper - INFO - 成功解析故事: Ask HN: Does AI watermarking p..., 作者=nathanfig, 点赞=4, 评论=0
2026-08-14 16:15:06,009 - scrapers.hackernews_scraper - INFO - 成功解析故事: Ask HN: Move AI news from Hack..., 作者=thomasfl, 点赞=7, 评论=0
2026-08-14 16:15:06,010 - scrapers.hackernews_scraper - INFO - 成功解析故事: Ask HN: In your experience, wh..., 作者=BoxOfRain, 点赞=213, 评论=0
2026-08-14 16:15:06,010 - scrapers.hackernews_scraper - INFO - 成功解析故事: Ask HN: How much money do you ..., 作者=marko-djuric, 点赞=12, 评论=0
2026-08-14 16:15:06,011 - scrapers.hackernews_scraper - INFO - 成功解析故事: Ask HN: How are you preventing..., 作者=flyingcoder, 点赞=8, 评论=0
2026-08-14 16:15:06,011 - scrapers.hackernews_scraper - INFO - 成功解析故事: Ask HN: What are you working o..., 作者=david927, 点赞=318, 评论=0
2026-08-14 16:15:06,012 - scrapers.hackernews_scraper - INFO - 成功解析故事: Ask HN: How can you tell a sit..., 作者=gkolli, 点赞=8, 评论=0
2026-08-14 16:15:06,013 - scrapers.hackernews_scraper - INFO - 成功解析故事: Ask HN: How are you finding th..., 作者=dzonga, 点赞=16, 评论=0
2026-08-14 16:15:06,013 - scrapers.hackernews_scraper - INFO - 成功解析故事: Ask HN: Is AI code verificatio..., 作者=ochidaniel4, 点赞=7, 评论=0
2026-08-14 16:15:06,013 - scrapers.hackernews_scraper - INFO - 成功解析 15 个Ask HN故事
2026-08-14 16:15:06,013 - scrapers.hackernews_scraper - INFO - 开始转换 15 个故事到统一格式
2026-08-14 16:15:06,013 - scrapers.hackernews_scraper - INFO - 转换第 1/15 个故事: Ask HN: Should hard-tech found...
2026-08-14 16:15:08,765 - scrapers.hackernews_scraper - INFO - 找到 3 条评论
2026-08-14 16:15:08,767 - scrapers.hackernews_scraper - INFO - 故事 Ask HN: Should hard-tech found... 转换完成，包含 3 条评论
2026-08-14 16:15:08,768 - scrapers.hackernews_scraper - INFO - 转换第 2/15 个故事: Ask HN: What are your unfinish...
2026-08-14 16:15:10,532 - scrapers.hackernews_scraper - INFO - 找到 1 条评论
2026-08-14 16:15:10,533 - scrapers.hackernews_scraper - INFO - 故事 Ask HN: What are your unfinish... 转换完成，包含 1 条评论
2026-08-14 16:15:10,533 - scrapers.hackernews_scraper - INFO - 转换第 3/15 个故事: Ask HN: Does a human still rev...
2026-08-14 16:15:12,134 - utils.http_utils - ERROR - 请求失败: https://news.ycombinator.com/item?id=49298901, 错误: 429 Client Error: Too Many Requests for url: https://news.ycombinator.com/item?id=49298901
2026-08-14 16:15:12,134 - scrapers.hackernews_scraper - ERROR - 获取故事详情失败: 49298901
2026-08-14 16:15:15,389 - utils.http_utils - ERROR - 请求失败: https://news.ycombinator.com/item?id=49298901, 错误: 429 Client Error: Too Many Requests for url: https://news.ycombinator.com/item?id=49298901
2026-08-14 16:15:15,389 - scrapers.hackernews_scraper - ERROR - 获取故事详情失败: 49298901
2026-08-14 16:15:15,389 - scrapers.hackernews_scraper - INFO - 故事 Ask HN: Does a human still rev... 转换完成，包含 0 条评论
2026-08-14 16:15:15,389 - scrapers.hackernews_scraper - INFO - 转换第 4/15 个故事: Ask HN: Why not expand accessi...
2026-08-14 16:15:17,698 - scrapers.hackernews_scraper - INFO - 找到 1 条评论
2026-08-14 16:15:17,699 - scrapers.hackernews_scraper - INFO - 故事 Ask HN: Why not expand accessi... 转换完成，包含 1 条评论
2026-08-14 16:15:17,699 - scrapers.hackernews_scraper - INFO - 转换第 5/15 个故事: Ask HN: What's the AI Revoluti...
2026-08-14 16:15:20,670 - scrapers.hackernews_scraper - INFO - 找到 2 条评论
2026-08-14 16:15:20,672 - scrapers.hackernews_scraper - INFO - 故事 Ask HN: What's the AI Revoluti... 转换完成，包含 2 条评论
2026-08-14 16:15:20,672 - scrapers.hackernews_scraper - INFO - 转换第 6/15 个故事: Ask HN: Do you know how much h...
2026-08-14 16:15:21,915 - scrapers.hackernews_scraper - INFO - 找到 5 条评论
2026-08-14 16:15:21,918 - scrapers.hackernews_scraper - INFO - 故事 Ask HN: Do you know how much h... 转换完成，包含 5 条评论
2026-08-14 16:15:21,918 - scrapers.hackernews_scraper - INFO - 转换第 7/15 个故事: Ask HN: Does AI watermarking p...
2026-08-14 16:15:24,310 - scrapers.hackernews_scraper - INFO - 找到 5 条评论
2026-08-14 16:15:24,313 - scrapers.hackernews_scraper - INFO - 故事 Ask HN: Does AI watermarking p... 转换完成，包含 5 条评论
2026-08-14 16:15:24,313 - scrapers.hackernews_scraper - INFO - 转换第 8/15 个故事: Ask HN: Move AI news from Hack...
2026-08-14 16:15:25,753 - scrapers.hackernews_scraper - INFO - 找到 3 条评论
2026-08-14 16:15:25,755 - scrapers.hackernews_scraper - INFO - 故事 Ask HN: Move AI news from Hack... 转换完成，包含 3 条评论
2026-08-14 16:15:25,755 - scrapers.hackernews_scraper - INFO - 转换第 9/15 个故事: Ask HN: In your experience, wh...
2026-08-14 16:15:27,327 - scrapers.hackernews_scraper - INFO - 找到 72 条评论
2026-08-14 16:15:27,448 - scrapers.hackernews_scraper - INFO - 故事 Ask HN: In your experience, wh... 转换完成，包含 72 条评论
2026-08-14 16:15:27,448 - scrapers.hackernews_scraper - INFO - 转换第 10/15 个故事: Ask HN: How much money do you ...
2026-08-14 16:15:29,071 - scrapers.hackernews_scraper - INFO - 找到 28 条评论
2026-08-14 16:15:29,097 - scrapers.hackernews_scraper - INFO - 故事 Ask HN: How much money do you ... 转换完成，包含 28 条评论
2026-08-14 16:15:29,097 - scrapers.hackernews_scraper - INFO - 转换第 11/15 个故事: Ask HN: How are you preventing...
2026-08-14 16:15:31,218 - scrapers.hackernews_scraper - INFO - 找到 13 条评论
2026-08-14 16:15:31,227 - scrapers.hackernews_scraper - INFO - 故事 Ask HN: How are you preventing... 转换完成，包含 13 条评论
2026-08-14 16:15:31,227 - scrapers.hackernews_scraper - INFO - 转换第 12/15 个故事: Ask HN: What are you working o...
2026-08-14 16:15:38,341 - scrapers.hackernews_scraper - INFO - 找到 1177 条评论
2026-08-14 16:16:04,882 - scrapers.hackernews_scraper - INFO - 故事 Ask HN: What are you working o... 转换完成，包含 100 条评论
2026-08-14 16:16:04,882 - scrapers.hackernews_scraper - INFO - 转换第 13/15 个故事: Ask HN: How can you tell a sit...
2026-08-14 16:16:07,500 - scrapers.hackernews_scraper - INFO - 找到 9 条评论
2026-08-14 16:16:07,506 - scrapers.hackernews_scraper - INFO - 故事 Ask HN: How can you tell a sit... 转换完成，包含 9 条评论
2026-08-14 16:16:07,506 - scrapers.hackernews_scraper - INFO - 转换第 14/15 个故事: Ask HN: How are you finding th...
2026-08-14 16:16:09,816 - scrapers.hackernews_scraper - INFO - 找到 19 条评论
2026-08-14 16:16:09,832 - scrapers.hackernews_scraper - INFO - 故事 Ask HN: How are you finding th... 转换完成，包含 19 条评论
2026-08-14 16:16:09,832 - scrapers.hackernews_scraper - INFO - 转换第 15/15 个故事: Ask HN: Is AI code verificatio...
2026-08-14 16:16:12,946 - scrapers.hackernews_scraper - INFO - 找到 6 条评论
2026-08-14 16:16:12,950 - scrapers.hackernews_scraper - INFO - 故事 Ask HN: Is AI code verificatio... 转换完成，包含 6 条评论
2026-08-14 16:16:12,950 - scrapers.hackernews_scraper - INFO - 共转换 15 个故事为统一格式
2026-08-14 16:16:12,950 - scrapers.hackernews_scraper - INFO - 爬取完成，共获取 15 个Ask HN故事
2026-08-14 16:16:13,242 - utils.storage_utils - INFO - 已更新源索引: hackernews
2026-08-14 16:16:13,243 - utils.storage_utils - INFO - 数据已保存到 data/hackernews/week_2026-08-10.json
2026-08-14 16:16:13,244 - scrapers.base_scraper - INFO - 数据已保存到 data/hackernews/week_2026-08-10.json
2026-08-14 16:16:13,244 - scrapers.base_scraper - INFO - 成功爬取 Hacker News 的数据
2026-08-14 16:16:13,245 - __main__ - INFO - 完成: 1/3 个爬虫成功运行
2026-08-14 16:16:13,433 - __main__ - INFO - 归档所有源的旧数据
2026-08-14 16:16:13,433 - __main__ - INFO - 源 jandan 归档 无需归档
2026-08-14 16:16:13,433 - __main__ - INFO - 源 reddit 归档 无需归档
2026-08-14 16:16:13,434 - __main__ - INFO - 源 hackernews 归档 无需归档
