2026-08-09 16:05:50,054 - __main__ - INFO - 运行所有爬虫
2026-08-09 16:05:50,054 - scrapers.jandan_scraper - INFO - JandanScraper初始化完成
2026-08-09 16:05:50,054 - scrapers.base_scraper - INFO - 开始爬取 煎蛋网
2026-08-09 16:05:50,054 - scrapers.jandan_scraper - INFO - 开始爬取煎蛋热评
2026-08-09 16:05:53,167 - scrapers.jandan_scraper - INFO - 成功获取HTML内容，长度: 36966
2026-08-09 16:05:53,167 - scrapers.jandan_scraper - INFO - 调试: 手动获取评论 5877984 的吐槽数据
2026-08-09 16:05:53,167 - scrapers.jandan_scraper - INFO - 获取评论 5877984 的吐槽内容: https://jandan.net/api/tucao/list/5877984
2026-08-09 16:05:55,615 - scrapers.jandan_scraper - INFO - 评论 5877984 获取到 0 条热门吐槽, 0 条普通吐槽
2026-08-09 16:05:55,615 - scrapers.jandan_scraper - INFO - 调试: 评论 5877984 获取到 0 条热门吐槽, 0 条普通吐槽
2026-08-09 16:05:55,615 - scrapers.jandan_scraper - INFO - 开始解析页面中的评论
2026-08-09 16:05:55,615 - scrapers.jandan_scraper - INFO - 开始解析HTML内容, 长度: 36966
2026-08-09 16:05:55,633 - scrapers.jandan_scraper - INFO - 找到 0 条热门评论
2026-08-09 16:05:55,633 - scrapers.jandan_scraper - INFO - 解析完成，获取到 0 条评论
2026-08-09 16:05:55,633 - scrapers.jandan_scraper - INFO - 开始转换评论为统一格式
2026-08-09 16:05:55,634 - scrapers.jandan_scraper - INFO - 开始转换 0 条评论到统一格式
2026-08-09 16:05:55,634 - scrapers.jandan_scraper - INFO - 共转换 0 条评论为统一格式
2026-08-09 16:05:55,634 - scrapers.jandan_scraper - INFO - 爬取完成，共获取 0 条热评
2026-08-09 16:05:55,634 - scrapers.base_scraper - ERROR - 爬取 煎蛋网 失败
2026-08-09 16:05:55,634 - scrapers.reddit_scraper - INFO - RedditScraper初始化完成
2026-08-09 16:05:55,635 - scrapers.base_scraper - INFO - 开始爬取 Reddit
2026-08-09 16:05:55,635 - scrapers.reddit_scraper - INFO - 开始爬取Reddit r/confessions每周热门帖子
2026-08-09 16:05:58,474 - utils.http_utils - ERROR - 请求失败: https://www.reddit.com/r/confessions/top/.json?t=week&limit=10, 错误: 403 Client Error: Blocked for url: https://www.reddit.com/r/confessions/top/.json?t=week&limit=10
2026-08-09 16:05:58,475 - scrapers.reddit_scraper - ERROR - 获取API数据失败: 403 Client Error: Blocked for url: https://www.reddit.com/r/confessions/top/.json?t=week&limit=10
2026-08-09 16:05:58,475 - scrapers.base_scraper - ERROR - 爬取 Reddit 失败
2026-08-09 16:05:58,476 - scrapers.hackernews_scraper - INFO - HackerNewsScraper初始化完成
2026-08-09 16:05:58,476 - scrapers.base_scraper - INFO - 开始爬取 Hacker News
2026-08-09 16:05:58,476 - scrapers.hackernews_scraper - INFO - 开始爬取Hacker News Ask HN帖子
2026-08-09 16:05:58,476 - scrapers.hackernews_scraper - INFO - 获取Ask HN页面: https://news.ycombinator.com/ask
2026-08-09 16:06:00,633 - scrapers.hackernews_scraper - INFO - 找到 17 个帖子行
2026-08-09 16:06:00,635 - scrapers.hackernews_scraper - INFO - 成功解析故事: Ask HN: Should AI's tell you t..., 作者=logicallee, 点赞=6, 评论=0
2026-08-09 16:06:00,636 - scrapers.hackernews_scraper - INFO - 成功解析故事: Ask HN: How do you go from wri..., 作者=sakuraiben, 点赞=12, 评论=0
2026-08-09 16:06:00,636 - scrapers.hackernews_scraper - INFO - 成功解析故事: Ask HN: What is your database ..., 作者=kureikain, 点赞=6, 评论=0
2026-08-09 16:06:00,637 - scrapers.hackernews_scraper - INFO - 成功解析故事: Ask HN: Anyone that has built ..., 作者=mfisc_019, 点赞=4, 评论=0
2026-08-09 16:06:00,638 - scrapers.hackernews_scraper - INFO - 成功解析故事: Ask HN: Why is Open POWER Foun..., 作者=climate_denier_, 点赞=6, 评论=0
2026-08-09 16:06:00,639 - scrapers.hackernews_scraper - INFO - 成功解析故事: Ask HN: Is Ask HN Shrinking?..., 作者=keiferski, 点赞=17, 评论=0
2026-08-09 16:06:00,639 - scrapers.hackernews_scraper - INFO - 成功解析故事: Ask HN: Who wants to be hired?..., 作者=whoishiring, 点赞=159, 评论=0
2026-08-09 16:06:00,640 - scrapers.hackernews_scraper - INFO - 成功解析故事: Ask HN: Who is hiring? (August..., 作者=whoishiring, 点赞=233, 评论=0
2026-08-09 16:06:00,641 - scrapers.hackernews_scraper - INFO - 成功解析故事: Ask HN: What can I do with a s..., 作者=scott01, 点赞=4, 评论=0
2026-08-09 16:06:00,641 - scrapers.hackernews_scraper - INFO - 成功解析故事: Ask HN: In your experience, wh..., 作者=BoxOfRain, 点赞=6, 评论=0
2026-08-09 16:06:00,642 - scrapers.hackernews_scraper - INFO - 成功解析故事: Ask HN: Did GitHub remove the ..., 作者=reconnecting, 点赞=27, 评论=0
2026-08-09 16:06:00,642 - scrapers.hackernews_scraper - INFO - 成功解析 11 个Ask HN故事
2026-08-09 16:06:00,642 - scrapers.hackernews_scraper - INFO - 开始转换 11 个故事到统一格式
2026-08-09 16:06:00,643 - scrapers.hackernews_scraper - INFO - 转换第 1/11 个故事: Ask HN: Should AI's tell you t...
2026-08-09 16:06:02,476 - scrapers.hackernews_scraper - INFO - 找到 4 条评论
2026-08-09 16:06:02,479 - scrapers.hackernews_scraper - INFO - 故事 Ask HN: Should AI's tell you t... 转换完成，包含 4 条评论
2026-08-09 16:06:02,479 - scrapers.hackernews_scraper - INFO - 转换第 2/11 个故事: Ask HN: How do you go from wri...
2026-08-09 16:06:04,448 - scrapers.hackernews_scraper - INFO - 找到 8 条评论
2026-08-09 16:06:04,453 - scrapers.hackernews_scraper - INFO - 故事 Ask HN: How do you go from wri... 转换完成，包含 8 条评论
2026-08-09 16:06:04,454 - scrapers.hackernews_scraper - INFO - 转换第 3/11 个故事: Ask HN: What is your database ...
2026-08-09 16:06:07,302 - utils.http_utils - ERROR - 请求失败: https://news.ycombinator.com/item?id=49227635, 错误: 429 Client Error: Too Many Requests for url: https://news.ycombinator.com/item?id=49227635
2026-08-09 16:06:07,303 - scrapers.hackernews_scraper - ERROR - 获取故事详情失败: 49227635
2026-08-09 16:06:09,329 - utils.http_utils - ERROR - 请求失败: https://news.ycombinator.com/item?id=49227635, 错误: 429 Client Error: Too Many Requests for url: https://news.ycombinator.com/item?id=49227635
2026-08-09 16:06:09,329 - scrapers.hackernews_scraper - ERROR - 获取故事详情失败: 49227635
2026-08-09 16:06:09,329 - scrapers.hackernews_scraper - INFO - 故事 Ask HN: What is your database ... 转换完成，包含 0 条评论
2026-08-09 16:06:09,329 - scrapers.hackernews_scraper - INFO - 转换第 4/11 个故事: Ask HN: Anyone that has built ...
2026-08-09 16:06:11,504 - utils.http_utils - ERROR - 请求失败: https://news.ycombinator.com/item?id=49227843, 错误: 429 Client Error: Too Many Requests for url: https://news.ycombinator.com/item?id=49227843
2026-08-09 16:06:11,504 - scrapers.hackernews_scraper - ERROR - 获取故事详情失败: 49227843
2026-08-09 16:06:13,718 - utils.http_utils - ERROR - 请求失败: https://news.ycombinator.com/item?id=49227843, 错误: 429 Client Error: Too Many Requests for url: https://news.ycombinator.com/item?id=49227843
2026-08-09 16:06:13,719 - scrapers.hackernews_scraper - ERROR - 获取故事详情失败: 49227843
2026-08-09 16:06:13,719 - scrapers.hackernews_scraper - INFO - 故事 Ask HN: Anyone that has built ... 转换完成，包含 0 条评论
2026-08-09 16:06:13,719 - scrapers.hackernews_scraper - INFO - 转换第 5/11 个故事: Ask HN: Why is Open POWER Foun...
2026-08-09 16:06:16,618 - utils.http_utils - ERROR - 请求失败: https://news.ycombinator.com/item?id=49226638, 错误: 429 Client Error: Too Many Requests for url: https://news.ycombinator.com/item?id=49226638
2026-08-09 16:06:16,619 - scrapers.hackernews_scraper - ERROR - 获取故事详情失败: 49226638
2026-08-09 16:06:17,748 - utils.http_utils - ERROR - 请求失败: https://news.ycombinator.com/item?id=49226638, 错误: 429 Client Error: Too Many Requests for url: https://news.ycombinator.com/item?id=49226638
2026-08-09 16:06:17,748 - scrapers.hackernews_scraper - ERROR - 获取故事详情失败: 49226638
2026-08-09 16:06:17,748 - scrapers.hackernews_scraper - INFO - 故事 Ask HN: Why is Open POWER Foun... 转换完成，包含 0 条评论
2026-08-09 16:06:17,748 - scrapers.hackernews_scraper - INFO - 转换第 6/11 个故事: Ask HN: Is Ask HN Shrinking?...
2026-08-09 16:06:19,559 - utils.http_utils - ERROR - 请求失败: https://news.ycombinator.com/item?id=49221476, 错误: 429 Client Error: Too Many Requests for url: https://news.ycombinator.com/item?id=49221476
2026-08-09 16:06:19,560 - scrapers.hackernews_scraper - ERROR - 获取故事详情失败: 49221476
2026-08-09 16:06:21,730 - utils.http_utils - ERROR - 请求失败: https://news.ycombinator.com/item?id=49221476, 错误: 429 Client Error: Too Many Requests for url: https://news.ycombinator.com/item?id=49221476
2026-08-09 16:06:21,730 - scrapers.hackernews_scraper - ERROR - 获取故事详情失败: 49221476
2026-08-09 16:06:21,730 - scrapers.hackernews_scraper - INFO - 故事 Ask HN: Is Ask HN Shrinking?... 转换完成，包含 0 条评论
2026-08-09 16:06:21,730 - scrapers.hackernews_scraper - INFO - 转换第 7/11 个故事: Ask HN: Who wants to be hired?...
2026-08-09 16:06:23,734 - utils.http_utils - ERROR - 请求失败: https://news.ycombinator.com/item?id=49156682, 错误: 429 Client Error: Too Many Requests for url: https://news.ycombinator.com/item?id=49156682
2026-08-09 16:06:23,734 - scrapers.hackernews_scraper - ERROR - 获取故事详情失败: 49156682
2026-08-09 16:06:25,891 - utils.http_utils - ERROR - 请求失败: https://news.ycombinator.com/item?id=49156682, 错误: 429 Client Error: Too Many Requests for url: https://news.ycombinator.com/item?id=49156682
2026-08-09 16:06:25,891 - scrapers.hackernews_scraper - ERROR - 获取故事详情失败: 49156682
2026-08-09 16:06:25,891 - scrapers.hackernews_scraper - INFO - 故事 Ask HN: Who wants to be hired?... 转换完成，包含 0 条评论
2026-08-09 16:06:25,891 - scrapers.hackernews_scraper - INFO - 转换第 8/11 个故事: Ask HN: Who is hiring? (August...
2026-08-09 16:06:28,376 - utils.http_utils - ERROR - 请求失败: https://news.ycombinator.com/item?id=49156683, 错误: 429 Client Error: Too Many Requests for url: https://news.ycombinator.com/item?id=49156683
2026-08-09 16:06:28,376 - scrapers.hackernews_scraper - ERROR - 获取故事详情失败: 49156683
2026-08-09 16:06:29,924 - utils.http_utils - ERROR - 请求失败: https://news.ycombinator.com/item?id=49156683, 错误: 429 Client Error: Too Many Requests for url: https://news.ycombinator.com/item?id=49156683
2026-08-09 16:06:29,924 - scrapers.hackernews_scraper - ERROR - 获取故事详情失败: 49156683
2026-08-09 16:06:29,924 - scrapers.hackernews_scraper - INFO - 故事 Ask HN: Who is hiring? (August... 转换完成，包含 0 条评论
2026-08-09 16:06:29,924 - scrapers.hackernews_scraper - INFO - 转换第 9/11 个故事: Ask HN: What can I do with a s...
2026-08-09 16:06:32,401 - utils.http_utils - ERROR - 请求失败: https://news.ycombinator.com/item?id=49222031, 错误: 429 Client Error: Too Many Requests for url: https://news.ycombinator.com/item?id=49222031
2026-08-09 16:06:32,401 - scrapers.hackernews_scraper - ERROR - 获取故事详情失败: 49222031
2026-08-09 16:06:33,691 - utils.http_utils - ERROR - 请求失败: https://news.ycombinator.com/item?id=49222031, 错误: 429 Client Error: Too Many Requests for url: https://news.ycombinator.com/item?id=49222031
2026-08-09 16:06:33,691 - scrapers.hackernews_scraper - ERROR - 获取故事详情失败: 49222031
2026-08-09 16:06:33,691 - scrapers.hackernews_scraper - INFO - 故事 Ask HN: What can I do with a s... 转换完成，包含 0 条评论
2026-08-09 16:06:33,691 - scrapers.hackernews_scraper - INFO - 转换第 10/11 个故事: Ask HN: In your experience, wh...
2026-08-09 16:06:36,066 - utils.http_utils - ERROR - 请求失败: https://news.ycombinator.com/item?id=49213660, 错误: 429 Client Error: Too Many Requests for url: https://news.ycombinator.com/item?id=49213660
2026-08-09 16:06:36,067 - scrapers.hackernews_scraper - ERROR - 获取故事详情失败: 49213660
2026-08-09 16:06:37,852 - utils.http_utils - ERROR - 请求失败: https://news.ycombinator.com/item?id=49213660, 错误: 429 Client Error: Too Many Requests for url: https://news.ycombinator.com/item?id=49213660
2026-08-09 16:06:37,852 - scrapers.hackernews_scraper - ERROR - 获取故事详情失败: 49213660
2026-08-09 16:06:37,852 - scrapers.hackernews_scraper - INFO - 故事 Ask HN: In your experience, wh... 转换完成，包含 0 条评论
2026-08-09 16:06:37,852 - scrapers.hackernews_scraper - INFO - 转换第 11/11 个故事: Ask HN: Did GitHub remove the ...
2026-08-09 16:06:39,739 - scrapers.hackernews_scraper - INFO - 找到 5 条评论
2026-08-09 16:06:39,742 - scrapers.hackernews_scraper - INFO - 故事 Ask HN: Did GitHub remove the ... 转换完成，包含 5 条评论
2026-08-09 16:06:39,742 - scrapers.hackernews_scraper - INFO - 共转换 11 个故事为统一格式
2026-08-09 16:06:39,742 - scrapers.hackernews_scraper - INFO - 爬取完成，共获取 11 个Ask HN故事
2026-08-09 16:06:39,971 - utils.storage_utils - INFO - 已更新源索引: hackernews
2026-08-09 16:06:39,972 - utils.storage_utils - INFO - 数据已保存到 data/hackernews/week_2026-08-03.json
2026-08-09 16:06:39,973 - scrapers.base_scraper - INFO - 数据已保存到 data/hackernews/week_2026-08-03.json
2026-08-09 16:06:39,973 - scrapers.base_scraper - INFO - 成功爬取 Hacker News 的数据
2026-08-09 16:06:39,974 - __main__ - INFO - 完成: 1/3 个爬虫成功运行
2026-08-09 16:06:40,161 - __main__ - INFO - 归档所有源的旧数据
2026-08-09 16:06:40,161 - __main__ - INFO - 源 jandan 归档 无需归档
2026-08-09 16:06:40,161 - __main__ - INFO - 源 reddit 归档 无需归档
2026-08-09 16:06:40,162 - __main__ - INFO - 源 hackernews 归档 无需归档
