2026-08-08 16:05:52,422 - __main__ - INFO - 运行所有爬虫
2026-08-08 16:05:52,422 - scrapers.jandan_scraper - INFO - JandanScraper初始化完成
2026-08-08 16:05:52,423 - scrapers.base_scraper - INFO - 开始爬取 煎蛋网
2026-08-08 16:05:52,423 - scrapers.jandan_scraper - INFO - 开始爬取煎蛋热评
2026-08-08 16:05:54,905 - scrapers.jandan_scraper - INFO - 成功获取HTML内容，长度: 38343
2026-08-08 16:05:54,906 - scrapers.jandan_scraper - INFO - 调试: 手动获取评论 5877984 的吐槽数据
2026-08-08 16:05:54,906 - scrapers.jandan_scraper - INFO - 获取评论 5877984 的吐槽内容: https://jandan.net/api/tucao/list/5877984
2026-08-08 16:05:57,456 - scrapers.jandan_scraper - INFO - 评论 5877984 获取到 0 条热门吐槽, 0 条普通吐槽
2026-08-08 16:05:57,456 - scrapers.jandan_scraper - INFO - 调试: 评论 5877984 获取到 0 条热门吐槽, 0 条普通吐槽
2026-08-08 16:05:57,456 - scrapers.jandan_scraper - INFO - 开始解析页面中的评论
2026-08-08 16:05:57,456 - scrapers.jandan_scraper - INFO - 开始解析HTML内容, 长度: 38343
2026-08-08 16:05:57,469 - scrapers.jandan_scraper - INFO - 找到 0 条热门评论
2026-08-08 16:05:57,469 - scrapers.jandan_scraper - INFO - 解析完成，获取到 0 条评论
2026-08-08 16:05:57,469 - scrapers.jandan_scraper - INFO - 开始转换评论为统一格式
2026-08-08 16:05:57,469 - scrapers.jandan_scraper - INFO - 开始转换 0 条评论到统一格式
2026-08-08 16:05:57,469 - scrapers.jandan_scraper - INFO - 共转换 0 条评论为统一格式
2026-08-08 16:05:57,469 - scrapers.jandan_scraper - INFO - 爬取完成，共获取 0 条热评
2026-08-08 16:05:57,469 - scrapers.base_scraper - ERROR - 爬取 煎蛋网 失败
2026-08-08 16:05:57,469 - scrapers.reddit_scraper - INFO - RedditScraper初始化完成
2026-08-08 16:05:57,470 - scrapers.base_scraper - INFO - 开始爬取 Reddit
2026-08-08 16:05:57,470 - scrapers.reddit_scraper - INFO - 开始爬取Reddit r/confessions每周热门帖子
2026-08-08 16:05:58,796 - utils.http_utils - ERROR - 请求失败: https://www.reddit.com/r/confessions/top/.json?t=week&limit=10, 错误: 403 Client Error: Blocked for url: https://www.reddit.com/r/confessions/top/.json?t=week&limit=10
2026-08-08 16:05:58,796 - scrapers.reddit_scraper - ERROR - 获取API数据失败: 403 Client Error: Blocked for url: https://www.reddit.com/r/confessions/top/.json?t=week&limit=10
2026-08-08 16:05:58,796 - scrapers.base_scraper - ERROR - 爬取 Reddit 失败
2026-08-08 16:05:58,796 - scrapers.hackernews_scraper - INFO - HackerNewsScraper初始化完成
2026-08-08 16:05:58,797 - scrapers.base_scraper - INFO - 开始爬取 Hacker News
2026-08-08 16:05:58,797 - scrapers.hackernews_scraper - INFO - 开始爬取Hacker News Ask HN帖子
2026-08-08 16:05:58,797 - scrapers.hackernews_scraper - INFO - 获取Ask HN页面: https://news.ycombinator.com/ask
2026-08-08 16:06:01,298 - scrapers.hackernews_scraper - INFO - 找到 9 个帖子行
2026-08-08 16:06:01,299 - scrapers.hackernews_scraper - INFO - 成功解析故事: Ask HN: What can I do with a s..., 作者=scott01, 点赞=2, 评论=0
2026-08-08 16:06:01,300 - scrapers.hackernews_scraper - INFO - 成功解析故事: Ask HN: Is Ask HN Shrinking?..., 作者=keiferski, 点赞=5, 评论=0
2026-08-08 16:06:01,300 - scrapers.hackernews_scraper - INFO - 成功解析故事: Ask HN: Who wants to be hired?..., 作者=whoishiring, 点赞=159, 评论=0
2026-08-08 16:06:01,301 - scrapers.hackernews_scraper - INFO - 成功解析故事: Ask HN: Who is hiring? (August..., 作者=whoishiring, 点赞=232, 评论=0
2026-08-08 16:06:01,301 - scrapers.hackernews_scraper - INFO - 成功解析故事: Ask HN: What is a good advice ..., 作者=vanessa1211, 点赞=4, 评论=0
2026-08-08 16:06:01,302 - scrapers.hackernews_scraper - INFO - 成功解析故事: Ask HN: Did GitHub remove the ..., 作者=reconnecting, 点赞=27, 评论=0
2026-08-08 16:06:01,302 - scrapers.hackernews_scraper - INFO - 成功解析 6 个Ask HN故事
2026-08-08 16:06:01,302 - scrapers.hackernews_scraper - INFO - 开始转换 6 个故事到统一格式
2026-08-08 16:06:01,302 - scrapers.hackernews_scraper - INFO - 转换第 1/6 个故事: Ask HN: What can I do with a s...
2026-08-08 16:06:02,943 - scrapers.hackernews_scraper - INFO - 找到 2 条评论
2026-08-08 16:06:02,944 - scrapers.hackernews_scraper - INFO - 故事 Ask HN: What can I do with a s... 转换完成，包含 2 条评论
2026-08-08 16:06:02,944 - scrapers.hackernews_scraper - INFO - 转换第 2/6 个故事: Ask HN: Is Ask HN Shrinking?...
2026-08-08 16:06:05,291 - scrapers.hackernews_scraper - INFO - 找到 6 条评论
2026-08-08 16:06:05,293 - scrapers.hackernews_scraper - INFO - 故事 Ask HN: Is Ask HN Shrinking?... 转换完成，包含 6 条评论
2026-08-08 16:06:05,293 - scrapers.hackernews_scraper - INFO - 转换第 3/6 个故事: Ask HN: Who wants to be hired?...
2026-08-08 16:06:08,127 - scrapers.hackernews_scraper - INFO - 找到 510 条评论
2026-08-08 16:06:11,740 - scrapers.hackernews_scraper - INFO - 故事 Ask HN: Who wants to be hired?... 转换完成，包含 100 条评论
2026-08-08 16:06:11,740 - scrapers.hackernews_scraper - INFO - 转换第 4/6 个故事: Ask HN: Who is hiring? (August...
2026-08-08 16:06:15,057 - scrapers.hackernews_scraper - INFO - 找到 302 条评论
2026-08-08 16:06:16,280 - scrapers.hackernews_scraper - INFO - 故事 Ask HN: Who is hiring? (August... 转换完成，包含 100 条评论
2026-08-08 16:06:16,281 - scrapers.hackernews_scraper - INFO - 转换第 5/6 个故事: Ask HN: What is a good advice ...
2026-08-08 16:06:18,125 - scrapers.hackernews_scraper - INFO - 找到 6 条评论
2026-08-08 16:06:18,128 - scrapers.hackernews_scraper - INFO - 故事 Ask HN: What is a good advice ... 转换完成，包含 6 条评论
2026-08-08 16:06:18,128 - scrapers.hackernews_scraper - INFO - 转换第 6/6 个故事: Ask HN: Did GitHub remove the ...
2026-08-08 16:06:20,474 - scrapers.hackernews_scraper - INFO - 找到 3 条评论
2026-08-08 16:06:20,475 - scrapers.hackernews_scraper - INFO - 故事 Ask HN: Did GitHub remove the ... 转换完成，包含 3 条评论
2026-08-08 16:06:20,475 - scrapers.hackernews_scraper - INFO - 共转换 6 个故事为统一格式
2026-08-08 16:06:20,475 - scrapers.hackernews_scraper - INFO - 爬取完成，共获取 6 个Ask HN故事
2026-08-08 16:06:20,674 - utils.storage_utils - INFO - 已更新源索引: hackernews
2026-08-08 16:06:20,674 - utils.storage_utils - INFO - 数据已保存到 data/hackernews/week_2026-08-03.json
2026-08-08 16:06:20,674 - scrapers.base_scraper - INFO - 数据已保存到 data/hackernews/week_2026-08-03.json
2026-08-08 16:06:20,674 - scrapers.base_scraper - INFO - 成功爬取 Hacker News 的数据
2026-08-08 16:06:20,675 - __main__ - INFO - 完成: 1/3 个爬虫成功运行
2026-08-08 16:06:20,820 - __main__ - INFO - 归档所有源的旧数据
2026-08-08 16:06:20,820 - __main__ - INFO - 源 jandan 归档 无需归档
2026-08-08 16:06:20,821 - __main__ - INFO - 源 reddit 归档 无需归档
2026-08-08 16:06:20,821 - __main__ - INFO - 源 hackernews 归档 无需归档
