2026-09-15 16:03:10,800 - __main__ - INFO - 运行所有爬虫
2026-09-15 16:03:10,800 - scrapers.jandan_scraper - INFO - JandanScraper初始化完成
2026-09-15 16:03:10,800 - scrapers.base_scraper - INFO - 开始爬取 煎蛋网
2026-09-15 16:03:10,800 - scrapers.jandan_scraper - INFO - 开始爬取煎蛋热评
2026-09-15 16:03:13,242 - scrapers.jandan_scraper - INFO - 成功获取HTML内容，长度: 37557
2026-09-15 16:03:13,242 - scrapers.jandan_scraper - INFO - 调试: 手动获取评论 5877984 的吐槽数据
2026-09-15 16:03:13,242 - scrapers.jandan_scraper - INFO - 获取评论 5877984 的吐槽内容: https://jandan.net/api/tucao/list/5877984
2026-09-15 16:03:14,868 - scrapers.jandan_scraper - INFO - 评论 5877984 获取到 0 条热门吐槽, 0 条普通吐槽
2026-09-15 16:03:14,868 - scrapers.jandan_scraper - INFO - 调试: 评论 5877984 获取到 0 条热门吐槽, 0 条普通吐槽
2026-09-15 16:03:14,868 - scrapers.jandan_scraper - INFO - 开始解析页面中的评论
2026-09-15 16:03:14,868 - scrapers.jandan_scraper - INFO - 开始解析HTML内容, 长度: 37557
2026-09-15 16:03:14,887 - scrapers.jandan_scraper - INFO - 找到 0 条热门评论
2026-09-15 16:03:14,887 - scrapers.jandan_scraper - INFO - 解析完成，获取到 0 条评论
2026-09-15 16:03:14,887 - scrapers.jandan_scraper - INFO - 开始转换评论为统一格式
2026-09-15 16:03:14,887 - scrapers.jandan_scraper - INFO - 开始转换 0 条评论到统一格式
2026-09-15 16:03:14,887 - scrapers.jandan_scraper - INFO - 共转换 0 条评论为统一格式
2026-09-15 16:03:14,887 - scrapers.jandan_scraper - INFO - 爬取完成，共获取 0 条热评
2026-09-15 16:03:14,887 - scrapers.base_scraper - ERROR - 爬取 煎蛋网 失败
2026-09-15 16:03:14,887 - scrapers.reddit_scraper - INFO - RedditScraper初始化完成
2026-09-15 16:03:14,888 - scrapers.base_scraper - INFO - 开始爬取 Reddit
2026-09-15 16:03:14,889 - scrapers.reddit_scraper - INFO - 开始爬取Reddit r/confessions每周热门帖子
2026-09-15 16:03:16,682 - utils.http_utils - ERROR - 请求失败: https://www.reddit.com/r/confessions/top/.json?t=week&limit=10, 错误: 403 Client Error: Blocked for url: https://www.reddit.com/r/confessions/top/.json?t=week&limit=10
2026-09-15 16:03:16,683 - scrapers.reddit_scraper - ERROR - 获取API数据失败: 403 Client Error: Blocked for url: https://www.reddit.com/r/confessions/top/.json?t=week&limit=10
2026-09-15 16:03:16,683 - scrapers.base_scraper - ERROR - 爬取 Reddit 失败
2026-09-15 16:03:16,683 - scrapers.hackernews_scraper - INFO - HackerNewsScraper初始化完成
2026-09-15 16:03:16,684 - scrapers.base_scraper - INFO - 开始爬取 Hacker News
2026-09-15 16:03:16,684 - scrapers.hackernews_scraper - INFO - 开始爬取Hacker News Ask HN帖子
2026-09-15 16:03:16,684 - scrapers.hackernews_scraper - INFO - 获取Ask HN页面: https://news.ycombinator.com/ask
2026-09-15 16:03:18,125 - scrapers.hackernews_scraper - INFO - 找到 28 个帖子行
2026-09-15 16:03:18,127 - scrapers.hackernews_scraper - INFO - 成功解析故事: Ask HN: What are you working o..., 作者=david927, 点赞=349, 评论=0
2026-09-15 16:03:18,128 - scrapers.hackernews_scraper - INFO - 成功解析故事: Ask HN: Why 17?..., 作者=tonyvince7, 点赞=4, 评论=0
2026-09-15 16:03:18,129 - scrapers.hackernews_scraper - INFO - 成功解析故事: Ask HN: Are 80s high school ho..., 作者=amichail, 点赞=16, 评论=0
2026-09-15 16:03:18,129 - scrapers.hackernews_scraper - INFO - 成功解析故事: Ask HN: What would make you tr..., 作者=Aditya_0315, 点赞=4, 评论=0
2026-09-15 16:03:18,130 - scrapers.hackernews_scraper - INFO - 成功解析故事: Ask HN: How are you managing a..., 作者=rylando, 点赞=7, 评论=0
2026-09-15 16:03:18,131 - scrapers.hackernews_scraper - INFO - 成功解析故事: Ask HN: Would a startup for yo..., 作者=mondobe, 点赞=10, 评论=0
2026-09-15 16:03:18,131 - scrapers.hackernews_scraper - INFO - 成功解析故事: Ask HN: What default model do ..., 作者=stikit, 点赞=61, 评论=0
2026-09-15 16:03:18,132 - scrapers.hackernews_scraper - INFO - 成功解析故事: Ask HN: What would make self-h..., 作者=dani4299, 点赞=5, 评论=0
2026-09-15 16:03:18,132 - scrapers.hackernews_scraper - INFO - 成功解析故事: Ask HN: Developers – Do you le..., 作者=smurf9852, 点赞=6, 评论=0
2026-09-15 16:03:18,133 - scrapers.hackernews_scraper - INFO - 成功解析故事: Ask HN: Should we start airgap..., 作者=emerongi, 点赞=8, 评论=0
2026-09-15 16:03:18,134 - scrapers.hackernews_scraper - INFO - 成功解析故事: Ask HN: Is there an emerging p..., 作者=mehmetoguzderin, 点赞=5, 评论=0
2026-09-15 16:03:18,135 - scrapers.hackernews_scraper - INFO - 成功解析故事: Ask HN: Did Google kill its en..., 作者=waldrews, 点赞=26, 评论=0
2026-09-15 16:03:18,135 - scrapers.hackernews_scraper - INFO - 成功解析故事: Ask HN: Can we please limit th..., 作者=cromka, 点赞=858, 评论=0
2026-09-15 16:03:18,136 - scrapers.hackernews_scraper - INFO - 成功解析故事: Ask HN: What are some privacy/..., 作者=ToriTech, 点赞=5, 评论=0
2026-09-15 16:03:18,137 - scrapers.hackernews_scraper - INFO - 成功解析故事: Ask HN: Career paths to consid..., 作者=_override, 点赞=30, 评论=0
2026-09-15 16:03:18,137 - scrapers.hackernews_scraper - INFO - 成功解析 15 个Ask HN故事
2026-09-15 16:03:18,137 - scrapers.hackernews_scraper - INFO - 开始转换 15 个故事到统一格式
2026-09-15 16:03:18,137 - scrapers.hackernews_scraper - INFO - 转换第 1/15 个故事: Ask HN: What are you working o...
2026-09-15 16:03:24,720 - scrapers.hackernews_scraper - INFO - 找到 1078 条评论
2026-09-15 16:03:44,417 - scrapers.hackernews_scraper - INFO - 故事 Ask HN: What are you working o... 转换完成，包含 100 条评论
2026-09-15 16:03:44,417 - scrapers.hackernews_scraper - INFO - 转换第 2/15 个故事: Ask HN: Why 17?...
2026-09-15 16:03:47,343 - scrapers.hackernews_scraper - INFO - 找到 1 条评论
2026-09-15 16:03:47,344 - scrapers.hackernews_scraper - INFO - 故事 Ask HN: Why 17?... 转换完成，包含 1 条评论
2026-09-15 16:03:47,344 - scrapers.hackernews_scraper - INFO - 转换第 3/15 个故事: Ask HN: Are 80s high school ho...
2026-09-15 16:03:49,277 - scrapers.hackernews_scraper - INFO - 找到 33 条评论
2026-09-15 16:03:49,309 - scrapers.hackernews_scraper - INFO - 故事 Ask HN: Are 80s high school ho... 转换完成，包含 33 条评论
2026-09-15 16:03:49,309 - scrapers.hackernews_scraper - INFO - 转换第 4/15 个故事: Ask HN: What would make you tr...
2026-09-15 16:03:51,287 - scrapers.hackernews_scraper - INFO - 找到 2 条评论
2026-09-15 16:03:51,288 - scrapers.hackernews_scraper - INFO - 故事 Ask HN: What would make you tr... 转换完成，包含 2 条评论
2026-09-15 16:03:51,288 - scrapers.hackernews_scraper - INFO - 转换第 5/15 个故事: Ask HN: How are you managing a...
2026-09-15 16:03:53,767 - scrapers.hackernews_scraper - INFO - 找到 15 条评论
2026-09-15 16:03:53,778 - scrapers.hackernews_scraper - INFO - 故事 Ask HN: How are you managing a... 转换完成，包含 15 条评论
2026-09-15 16:03:53,778 - scrapers.hackernews_scraper - INFO - 转换第 6/15 个故事: Ask HN: Would a startup for yo...
2026-09-15 16:03:54,934 - scrapers.hackernews_scraper - INFO - 找到 24 条评论
2026-09-15 16:03:54,954 - scrapers.hackernews_scraper - INFO - 故事 Ask HN: Would a startup for yo... 转换完成，包含 24 条评论
2026-09-15 16:03:54,954 - scrapers.hackernews_scraper - INFO - 转换第 7/15 个故事: Ask HN: What default model do ...
2026-09-15 16:03:58,007 - scrapers.hackernews_scraper - INFO - 找到 102 条评论
2026-09-15 16:03:58,207 - scrapers.hackernews_scraper - INFO - 故事 Ask HN: What default model do ... 转换完成，包含 100 条评论
2026-09-15 16:03:58,207 - scrapers.hackernews_scraper - INFO - 转换第 8/15 个故事: Ask HN: What would make self-h...
2026-09-15 16:03:59,966 - utils.http_utils - ERROR - 请求失败: https://news.ycombinator.com/item?id=49699135, 错误: 429 Client Error: Too Many Requests for url: https://news.ycombinator.com/item?id=49699135
2026-09-15 16:03:59,967 - scrapers.hackernews_scraper - ERROR - 获取故事详情失败: 49699135
2026-09-15 16:04:02,362 - utils.http_utils - ERROR - 请求失败: https://news.ycombinator.com/item?id=49699135, 错误: 429 Client Error: Too Many Requests for url: https://news.ycombinator.com/item?id=49699135
2026-09-15 16:04:02,362 - scrapers.hackernews_scraper - ERROR - 获取故事详情失败: 49699135
2026-09-15 16:04:02,362 - scrapers.hackernews_scraper - INFO - 故事 Ask HN: What would make self-h... 转换完成，包含 0 条评论
2026-09-15 16:04:02,362 - scrapers.hackernews_scraper - INFO - 转换第 9/15 个故事: Ask HN: Developers – Do you le...
2026-09-15 16:04:03,928 - utils.http_utils - ERROR - 请求失败: https://news.ycombinator.com/item?id=49698198, 错误: 429 Client Error: Too Many Requests for url: https://news.ycombinator.com/item?id=49698198
2026-09-15 16:04:03,928 - scrapers.hackernews_scraper - ERROR - 获取故事详情失败: 49698198
2026-09-15 16:04:06,317 - utils.http_utils - ERROR - 请求失败: https://news.ycombinator.com/item?id=49698198, 错误: 429 Client Error: Too Many Requests for url: https://news.ycombinator.com/item?id=49698198
2026-09-15 16:04:06,317 - scrapers.hackernews_scraper - ERROR - 获取故事详情失败: 49698198
2026-09-15 16:04:06,317 - scrapers.hackernews_scraper - INFO - 故事 Ask HN: Developers – Do you le... 转换完成，包含 0 条评论
2026-09-15 16:04:06,318 - scrapers.hackernews_scraper - INFO - 转换第 10/15 个故事: Ask HN: Should we start airgap...
2026-09-15 16:04:09,064 - utils.http_utils - ERROR - 请求失败: https://news.ycombinator.com/item?id=49681380, 错误: 429 Client Error: Too Many Requests for url: https://news.ycombinator.com/item?id=49681380
2026-09-15 16:04:09,064 - scrapers.hackernews_scraper - ERROR - 获取故事详情失败: 49681380
2026-09-15 16:04:11,618 - utils.http_utils - ERROR - 请求失败: https://news.ycombinator.com/item?id=49681380, 错误: 429 Client Error: Too Many Requests for url: https://news.ycombinator.com/item?id=49681380
2026-09-15 16:04:11,618 - scrapers.hackernews_scraper - ERROR - 获取故事详情失败: 49681380
2026-09-15 16:04:11,618 - scrapers.hackernews_scraper - INFO - 故事 Ask HN: Should we start airgap... 转换完成，包含 0 条评论
2026-09-15 16:04:11,618 - scrapers.hackernews_scraper - INFO - 转换第 11/15 个故事: Ask HN: Is there an emerging p...
2026-09-15 16:04:13,193 - utils.http_utils - ERROR - 请求失败: https://news.ycombinator.com/item?id=49688861, 错误: 429 Client Error: Too Many Requests for url: https://news.ycombinator.com/item?id=49688861
2026-09-15 16:04:13,193 - scrapers.hackernews_scraper - ERROR - 获取故事详情失败: 49688861
2026-09-15 16:04:14,928 - utils.http_utils - ERROR - 请求失败: https://news.ycombinator.com/item?id=49688861, 错误: 429 Client Error: Too Many Requests for url: https://news.ycombinator.com/item?id=49688861
2026-09-15 16:04:14,928 - scrapers.hackernews_scraper - ERROR - 获取故事详情失败: 49688861
2026-09-15 16:04:14,929 - scrapers.hackernews_scraper - INFO - 故事 Ask HN: Is there an emerging p... 转换完成，包含 0 条评论
2026-09-15 16:04:14,929 - scrapers.hackernews_scraper - INFO - 转换第 12/15 个故事: Ask HN: Did Google kill its en...
2026-09-15 16:04:17,282 - utils.http_utils - ERROR - 请求失败: https://news.ycombinator.com/item?id=49668196, 错误: 429 Client Error: Too Many Requests for url: https://news.ycombinator.com/item?id=49668196
2026-09-15 16:04:17,282 - scrapers.hackernews_scraper - ERROR - 获取故事详情失败: 49668196
2026-09-15 16:04:19,105 - utils.http_utils - ERROR - 请求失败: https://news.ycombinator.com/item?id=49668196, 错误: 429 Client Error: Too Many Requests for url: https://news.ycombinator.com/item?id=49668196
2026-09-15 16:04:19,105 - scrapers.hackernews_scraper - ERROR - 获取故事详情失败: 49668196
2026-09-15 16:04:19,105 - scrapers.hackernews_scraper - INFO - 故事 Ask HN: Did Google kill its en... 转换完成，包含 0 条评论
2026-09-15 16:04:19,106 - scrapers.hackernews_scraper - INFO - 转换第 13/15 个故事: Ask HN: Can we please limit th...
2026-09-15 16:04:22,243 - scrapers.hackernews_scraper - INFO - 找到 402 条评论
2026-09-15 16:04:24,803 - scrapers.hackernews_scraper - INFO - 故事 Ask HN: Can we please limit th... 转换完成，包含 100 条评论
2026-09-15 16:04:24,803 - scrapers.hackernews_scraper - INFO - 转换第 14/15 个故事: Ask HN: What are some privacy/...
2026-09-15 16:04:26,381 - utils.http_utils - ERROR - 请求失败: https://news.ycombinator.com/item?id=49690524, 错误: 429 Client Error: Too Many Requests for url: https://news.ycombinator.com/item?id=49690524
2026-09-15 16:04:26,381 - scrapers.hackernews_scraper - ERROR - 获取故事详情失败: 49690524
2026-09-15 16:04:27,732 - utils.http_utils - ERROR - 请求失败: https://news.ycombinator.com/item?id=49690524, 错误: 429 Client Error: Too Many Requests for url: https://news.ycombinator.com/item?id=49690524
2026-09-15 16:04:27,732 - scrapers.hackernews_scraper - ERROR - 获取故事详情失败: 49690524
2026-09-15 16:04:27,732 - scrapers.hackernews_scraper - INFO - 故事 Ask HN: What are some privacy/... 转换完成，包含 0 条评论
2026-09-15 16:04:27,732 - scrapers.hackernews_scraper - INFO - 转换第 15/15 个故事: Ask HN: Career paths to consid...
2026-09-15 16:04:29,153 - utils.http_utils - ERROR - 请求失败: https://news.ycombinator.com/item?id=49682920, 错误: 429 Client Error: Too Many Requests for url: https://news.ycombinator.com/item?id=49682920
2026-09-15 16:04:29,153 - scrapers.hackernews_scraper - ERROR - 获取故事详情失败: 49682920
2026-09-15 16:04:30,844 - utils.http_utils - ERROR - 请求失败: https://news.ycombinator.com/item?id=49682920, 错误: 429 Client Error: Too Many Requests for url: https://news.ycombinator.com/item?id=49682920
2026-09-15 16:04:30,845 - scrapers.hackernews_scraper - ERROR - 获取故事详情失败: 49682920
2026-09-15 16:04:30,845 - scrapers.hackernews_scraper - INFO - 故事 Ask HN: Career paths to consid... 转换完成，包含 0 条评论
2026-09-15 16:04:30,845 - scrapers.hackernews_scraper - INFO - 共转换 15 个故事为统一格式
2026-09-15 16:04:30,845 - scrapers.hackernews_scraper - INFO - 爬取完成，共获取 15 个Ask HN故事
2026-09-15 16:04:31,044 - utils.storage_utils - INFO - 已更新源索引: hackernews
2026-09-15 16:04:31,045 - utils.storage_utils - INFO - 数据已保存到 data/hackernews/week_2026-09-14.json
2026-09-15 16:04:31,045 - scrapers.base_scraper - INFO - 数据已保存到 data/hackernews/week_2026-09-14.json
2026-09-15 16:04:31,045 - scrapers.base_scraper - INFO - 成功爬取 Hacker News 的数据
2026-09-15 16:04:31,046 - __main__ - INFO - 完成: 1/3 个爬虫成功运行
2026-09-15 16:04:31,232 - __main__ - INFO - 归档所有源的旧数据
2026-09-15 16:04:31,232 - __main__ - INFO - 源 jandan 归档 无需归档
2026-09-15 16:04:31,232 - __main__ - INFO - 源 reddit 归档 无需归档
2026-09-15 16:04:31,232 - __main__ - INFO - 源 hackernews 归档 无需归档
