2026-08-21 16:05:45,413 - __main__ - INFO - 运行所有爬虫
2026-08-21 16:05:45,413 - scrapers.jandan_scraper - INFO - JandanScraper初始化完成
2026-08-21 16:05:45,413 - scrapers.base_scraper - INFO - 开始爬取 煎蛋网
2026-08-21 16:05:45,413 - scrapers.jandan_scraper - INFO - 开始爬取煎蛋热评
2026-08-21 16:05:48,398 - scrapers.jandan_scraper - INFO - 成功获取HTML内容，长度: 37467
2026-08-21 16:05:48,398 - scrapers.jandan_scraper - INFO - 调试: 手动获取评论 5877984 的吐槽数据
2026-08-21 16:05:48,398 - scrapers.jandan_scraper - INFO - 获取评论 5877984 的吐槽内容: https://jandan.net/api/tucao/list/5877984
2026-08-21 16:05:50,035 - scrapers.jandan_scraper - INFO - 评论 5877984 获取到 0 条热门吐槽, 0 条普通吐槽
2026-08-21 16:05:50,035 - scrapers.jandan_scraper - INFO - 调试: 评论 5877984 获取到 0 条热门吐槽, 0 条普通吐槽
2026-08-21 16:05:50,035 - scrapers.jandan_scraper - INFO - 开始解析页面中的评论
2026-08-21 16:05:50,035 - scrapers.jandan_scraper - INFO - 开始解析HTML内容, 长度: 37467
2026-08-21 16:05:50,047 - scrapers.jandan_scraper - INFO - 找到 0 条热门评论
2026-08-21 16:05:50,047 - scrapers.jandan_scraper - INFO - 解析完成，获取到 0 条评论
2026-08-21 16:05:50,047 - scrapers.jandan_scraper - INFO - 开始转换评论为统一格式
2026-08-21 16:05:50,047 - scrapers.jandan_scraper - INFO - 开始转换 0 条评论到统一格式
2026-08-21 16:05:50,047 - scrapers.jandan_scraper - INFO - 共转换 0 条评论为统一格式
2026-08-21 16:05:50,047 - scrapers.jandan_scraper - INFO - 爬取完成，共获取 0 条热评
2026-08-21 16:05:50,047 - scrapers.base_scraper - ERROR - 爬取 煎蛋网 失败
2026-08-21 16:05:50,047 - scrapers.reddit_scraper - INFO - RedditScraper初始化完成
2026-08-21 16:05:50,048 - scrapers.base_scraper - INFO - 开始爬取 Reddit
2026-08-21 16:05:50,049 - scrapers.reddit_scraper - INFO - 开始爬取Reddit r/confessions每周热门帖子
2026-08-21 16:05:51,247 - utils.http_utils - ERROR - 请求失败: https://www.reddit.com/r/confessions/top/.json?t=week&limit=10, 错误: 403 Client Error: Blocked for url: https://www.reddit.com/r/confessions/top/.json?t=week&limit=10
2026-08-21 16:05:51,248 - scrapers.reddit_scraper - ERROR - 获取API数据失败: 403 Client Error: Blocked for url: https://www.reddit.com/r/confessions/top/.json?t=week&limit=10
2026-08-21 16:05:51,248 - scrapers.base_scraper - ERROR - 爬取 Reddit 失败
2026-08-21 16:05:51,248 - scrapers.hackernews_scraper - INFO - HackerNewsScraper初始化完成
2026-08-21 16:05:51,248 - scrapers.base_scraper - INFO - 开始爬取 Hacker News
2026-08-21 16:05:51,248 - scrapers.hackernews_scraper - INFO - 开始爬取Hacker News Ask HN帖子
2026-08-21 16:05:51,248 - scrapers.hackernews_scraper - INFO - 获取Ask HN页面: https://news.ycombinator.com/ask
2026-08-21 16:05:53,952 - scrapers.hackernews_scraper - INFO - 找到 24 个帖子行
2026-08-21 16:05:53,953 - scrapers.hackernews_scraper - INFO - 成功解析故事: Ask HN: OpenCode no longer inc..., 作者=dv35z, 点赞=6, 评论=0
2026-08-21 16:05:53,954 - scrapers.hackernews_scraper - INFO - 成功解析故事: Ask HN: Is GitHub Down Again?..., 作者=delduca, 点赞=11, 评论=0
2026-08-21 16:05:53,955 - scrapers.hackernews_scraper - INFO - 成功解析故事: Ask HN: GitHub employees what'..., 作者=sharts, 点赞=321, 评论=0
2026-08-21 16:05:53,955 - scrapers.hackernews_scraper - INFO - 成功解析故事: Ask HN: How do you keep notes ..., 作者=hackerstest, 点赞=5, 评论=0
2026-08-21 16:05:53,955 - scrapers.hackernews_scraper - INFO - 成功解析故事: Ask HN: Do teams really need t..., 作者=avinoth, 点赞=5, 评论=0
2026-08-21 16:05:53,956 - scrapers.hackernews_scraper - INFO - 成功解析故事: Ask HN: Do you need Google ads..., 作者=cosbgn, 点赞=5, 评论=0
2026-08-21 16:05:53,956 - scrapers.hackernews_scraper - INFO - 成功解析故事: Ask HN: Alternatives to GitHub..., 作者=dhruv3006, 点赞=643, 评论=0
2026-08-21 16:05:53,957 - scrapers.hackernews_scraper - INFO - 成功解析故事: Ask HN: I've quit six systems ..., 作者=Abh1Works, 点赞=52, 评论=0
2026-08-21 16:05:53,957 - scrapers.hackernews_scraper - INFO - 成功解析故事: Ask HN: What do you think of t..., 作者=roschdal, 点赞=4, 评论=0
2026-08-21 16:05:53,958 - scrapers.hackernews_scraper - INFO - 成功解析故事: Ask HN: How did you write code..., 作者=diselody, 点赞=4, 评论=0
2026-08-21 16:05:53,958 - scrapers.hackernews_scraper - INFO - 成功解析故事: Ask HN: How do you review and ..., 作者=darkLord19, 点赞=7, 评论=0
2026-08-21 16:05:53,959 - scrapers.hackernews_scraper - INFO - 成功解析故事: Ask HN: One SSH key or many SS..., 作者=htunnicliff, 点赞=4, 评论=0
2026-08-21 16:05:53,960 - scrapers.hackernews_scraper - INFO - 成功解析故事: Ask HN: No Path from Techie to..., 作者=seeking_gruntle, 点赞=7, 评论=0
2026-08-21 16:05:53,960 - scrapers.hackernews_scraper - INFO - 成功解析故事: Ask HN: Is AI the New Spreadsh..., 作者=Gshaheen, 点赞=7, 评论=0
2026-08-21 16:05:53,960 - scrapers.hackernews_scraper - INFO - 成功解析故事: Ask HN: Do you automate your p..., 作者=mathieu_aithos, 点赞=3, 评论=0
2026-08-21 16:05:53,960 - scrapers.hackernews_scraper - INFO - 成功解析 15 个Ask HN故事
2026-08-21 16:05:53,960 - scrapers.hackernews_scraper - INFO - 开始转换 15 个故事到统一格式
2026-08-21 16:05:53,961 - scrapers.hackernews_scraper - INFO - 转换第 1/15 个故事: Ask HN: OpenCode no longer inc...
2026-08-21 16:05:56,564 - scrapers.hackernews_scraper - INFO - 找到 1 条评论
2026-08-21 16:05:56,564 - scrapers.hackernews_scraper - INFO - 故事 Ask HN: OpenCode no longer inc... 转换完成，包含 1 条评论
2026-08-21 16:05:56,564 - scrapers.hackernews_scraper - INFO - 转换第 2/15 个故事: Ask HN: Is GitHub Down Again?...
2026-08-21 16:05:58,321 - utils.http_utils - ERROR - 请求失败: https://news.ycombinator.com/item?id=49388293, 错误: 429 Client Error: Too Many Requests for url: https://news.ycombinator.com/item?id=49388293
2026-08-21 16:05:58,321 - scrapers.hackernews_scraper - ERROR - 获取故事详情失败: 49388293
2026-08-21 16:05:59,623 - utils.http_utils - ERROR - 请求失败: https://news.ycombinator.com/item?id=49388293, 错误: 429 Client Error: Too Many Requests for url: https://news.ycombinator.com/item?id=49388293
2026-08-21 16:05:59,623 - scrapers.hackernews_scraper - ERROR - 获取故事详情失败: 49388293
2026-08-21 16:05:59,623 - scrapers.hackernews_scraper - INFO - 故事 Ask HN: Is GitHub Down Again?... 转换完成，包含 0 条评论
2026-08-21 16:05:59,623 - scrapers.hackernews_scraper - INFO - 转换第 3/15 个故事: Ask HN: GitHub employees what'...
2026-08-21 16:06:01,327 - scrapers.hackernews_scraper - INFO - 找到 261 条评论
2026-08-21 16:06:02,206 - scrapers.hackernews_scraper - INFO - 故事 Ask HN: GitHub employees what'... 转换完成，包含 100 条评论
2026-08-21 16:06:02,206 - scrapers.hackernews_scraper - INFO - 转换第 4/15 个故事: Ask HN: How do you keep notes ...
2026-08-21 16:06:03,415 - scrapers.hackernews_scraper - INFO - 找到 2 条评论
2026-08-21 16:06:03,416 - scrapers.hackernews_scraper - INFO - 故事 Ask HN: How do you keep notes ... 转换完成，包含 2 条评论
2026-08-21 16:06:03,416 - scrapers.hackernews_scraper - INFO - 转换第 5/15 个故事: Ask HN: Do teams really need t...
2026-08-21 16:06:06,207 - scrapers.hackernews_scraper - INFO - 找到 2 条评论
2026-08-21 16:06:06,208 - scrapers.hackernews_scraper - INFO - 故事 Ask HN: Do teams really need t... 转换完成，包含 2 条评论
2026-08-21 16:06:06,208 - scrapers.hackernews_scraper - INFO - 转换第 6/15 个故事: Ask HN: Do you need Google ads...
2026-08-21 16:06:07,762 - scrapers.hackernews_scraper - INFO - 找到 0 条评论
2026-08-21 16:06:07,762 - scrapers.hackernews_scraper - INFO - 故事 Ask HN: Do you need Google ads... 转换完成，包含 0 条评论
2026-08-21 16:06:07,762 - scrapers.hackernews_scraper - INFO - 转换第 7/15 个故事: Ask HN: Alternatives to GitHub...
2026-08-21 16:06:11,771 - scrapers.hackernews_scraper - INFO - 找到 435 条评论
2026-08-21 16:06:14,238 - scrapers.hackernews_scraper - INFO - 故事 Ask HN: Alternatives to GitHub... 转换完成，包含 100 条评论
2026-08-21 16:06:14,238 - scrapers.hackernews_scraper - INFO - 转换第 8/15 个故事: Ask HN: I've quit six systems ...
2026-08-21 16:06:16,551 - utils.http_utils - ERROR - 请求失败: https://news.ycombinator.com/item?id=49313346, 错误: 429 Client Error: Too Many Requests for url: https://news.ycombinator.com/item?id=49313346
2026-08-21 16:06:16,551 - scrapers.hackernews_scraper - ERROR - 获取故事详情失败: 49313346
2026-08-21 16:06:19,208 - utils.http_utils - ERROR - 请求失败: https://news.ycombinator.com/item?id=49313346, 错误: 429 Client Error: Too Many Requests for url: https://news.ycombinator.com/item?id=49313346
2026-08-21 16:06:19,208 - scrapers.hackernews_scraper - ERROR - 获取故事详情失败: 49313346
2026-08-21 16:06:19,208 - scrapers.hackernews_scraper - INFO - 故事 Ask HN: I've quit six systems ... 转换完成，包含 0 条评论
2026-08-21 16:06:19,208 - scrapers.hackernews_scraper - INFO - 转换第 9/15 个故事: Ask HN: What do you think of t...
2026-08-21 16:06:21,691 - scrapers.hackernews_scraper - INFO - 找到 3 条评论
2026-08-21 16:06:21,693 - scrapers.hackernews_scraper - INFO - 故事 Ask HN: What do you think of t... 转换完成，包含 3 条评论
2026-08-21 16:06:21,693 - scrapers.hackernews_scraper - INFO - 转换第 10/15 个故事: Ask HN: How did you write code...
2026-08-21 16:06:23,118 - scrapers.hackernews_scraper - INFO - 找到 6 条评论
2026-08-21 16:06:23,121 - scrapers.hackernews_scraper - INFO - 故事 Ask HN: How did you write code... 转换完成，包含 6 条评论
2026-08-21 16:06:23,121 - scrapers.hackernews_scraper - INFO - 转换第 11/15 个故事: Ask HN: How do you review and ...
2026-08-21 16:06:24,401 - scrapers.hackernews_scraper - INFO - 找到 3 条评论
2026-08-21 16:06:24,403 - scrapers.hackernews_scraper - INFO - 故事 Ask HN: How do you review and ... 转换完成，包含 3 条评论
2026-08-21 16:06:24,403 - scrapers.hackernews_scraper - INFO - 转换第 12/15 个故事: Ask HN: One SSH key or many SS...
2026-08-21 16:06:27,358 - utils.http_utils - ERROR - 请求失败: https://news.ycombinator.com/item?id=49377427, 错误: 429 Client Error: Too Many Requests for url: https://news.ycombinator.com/item?id=49377427
2026-08-21 16:06:27,359 - scrapers.hackernews_scraper - ERROR - 获取故事详情失败: 49377427
2026-08-21 16:06:29,355 - utils.http_utils - ERROR - 请求失败: https://news.ycombinator.com/item?id=49377427, 错误: 429 Client Error: Too Many Requests for url: https://news.ycombinator.com/item?id=49377427
2026-08-21 16:06:29,355 - scrapers.hackernews_scraper - ERROR - 获取故事详情失败: 49377427
2026-08-21 16:06:29,355 - scrapers.hackernews_scraper - INFO - 故事 Ask HN: One SSH key or many SS... 转换完成，包含 0 条评论
2026-08-21 16:06:29,355 - scrapers.hackernews_scraper - INFO - 转换第 13/15 个故事: Ask HN: No Path from Techie to...
2026-08-21 16:06:32,376 - scrapers.hackernews_scraper - INFO - 找到 14 条评论
2026-08-21 16:06:32,383 - scrapers.hackernews_scraper - INFO - 故事 Ask HN: No Path from Techie to... 转换完成，包含 14 条评论
2026-08-21 16:06:32,383 - scrapers.hackernews_scraper - INFO - 转换第 14/15 个故事: Ask HN: Is AI the New Spreadsh...
2026-08-21 16:06:34,694 - scrapers.hackernews_scraper - INFO - 找到 6 条评论
2026-08-21 16:06:34,697 - scrapers.hackernews_scraper - INFO - 故事 Ask HN: Is AI the New Spreadsh... 转换完成，包含 6 条评论
2026-08-21 16:06:34,697 - scrapers.hackernews_scraper - INFO - 转换第 15/15 个故事: Ask HN: Do you automate your p...
2026-08-21 16:06:36,239 - utils.http_utils - ERROR - 请求失败: https://news.ycombinator.com/item?id=49375869, 错误: 429 Client Error: Too Many Requests for url: https://news.ycombinator.com/item?id=49375869
2026-08-21 16:06:36,239 - scrapers.hackernews_scraper - ERROR - 获取故事详情失败: 49375869
2026-08-21 16:06:38,304 - utils.http_utils - ERROR - 请求失败: https://news.ycombinator.com/item?id=49375869, 错误: 429 Client Error: Too Many Requests for url: https://news.ycombinator.com/item?id=49375869
2026-08-21 16:06:38,304 - scrapers.hackernews_scraper - ERROR - 获取故事详情失败: 49375869
2026-08-21 16:06:38,304 - scrapers.hackernews_scraper - INFO - 故事 Ask HN: Do you automate your p... 转换完成，包含 0 条评论
2026-08-21 16:06:38,304 - scrapers.hackernews_scraper - INFO - 共转换 15 个故事为统一格式
2026-08-21 16:06:38,304 - scrapers.hackernews_scraper - INFO - 爬取完成，共获取 15 个Ask HN故事
2026-08-21 16:06:38,662 - utils.storage_utils - INFO - 已更新源索引: hackernews
2026-08-21 16:06:38,662 - utils.storage_utils - INFO - 数据已保存到 data/hackernews/week_2026-08-17.json
2026-08-21 16:06:38,664 - scrapers.base_scraper - INFO - 数据已保存到 data/hackernews/week_2026-08-17.json
2026-08-21 16:06:38,664 - scrapers.base_scraper - INFO - 成功爬取 Hacker News 的数据
2026-08-21 16:06:38,665 - __main__ - INFO - 完成: 1/3 个爬虫成功运行
2026-08-21 16:06:38,819 - __main__ - INFO - 归档所有源的旧数据
2026-08-21 16:06:38,819 - __main__ - INFO - 源 jandan 归档 无需归档
2026-08-21 16:06:38,820 - __main__ - INFO - 源 reddit 归档 无需归档
2026-08-21 16:06:38,820 - __main__ - INFO - 源 hackernews 归档 无需归档
