2026-08-10 16:14:57,248 - __main__ - INFO - 运行所有爬虫
2026-08-10 16:14:57,248 - scrapers.jandan_scraper - INFO - JandanScraper初始化完成
2026-08-10 16:14:57,248 - scrapers.base_scraper - INFO - 开始爬取 煎蛋网
2026-08-10 16:14:57,248 - scrapers.jandan_scraper - INFO - 开始爬取煎蛋热评
2026-08-10 16:15:00,512 - scrapers.jandan_scraper - INFO - 成功获取HTML内容，长度: 36966
2026-08-10 16:15:00,512 - scrapers.jandan_scraper - INFO - 调试: 手动获取评论 5877984 的吐槽数据
2026-08-10 16:15:00,513 - scrapers.jandan_scraper - INFO - 获取评论 5877984 的吐槽内容: https://jandan.net/api/tucao/list/5877984
2026-08-10 16:15:03,945 - scrapers.jandan_scraper - INFO - 评论 5877984 获取到 0 条热门吐槽, 0 条普通吐槽
2026-08-10 16:15:03,945 - scrapers.jandan_scraper - INFO - 调试: 评论 5877984 获取到 0 条热门吐槽, 0 条普通吐槽
2026-08-10 16:15:03,945 - scrapers.jandan_scraper - INFO - 开始解析页面中的评论
2026-08-10 16:15:03,945 - scrapers.jandan_scraper - INFO - 开始解析HTML内容, 长度: 36966
2026-08-10 16:15:03,961 - scrapers.jandan_scraper - INFO - 找到 0 条热门评论
2026-08-10 16:15:03,961 - scrapers.jandan_scraper - INFO - 解析完成，获取到 0 条评论
2026-08-10 16:15:03,961 - scrapers.jandan_scraper - INFO - 开始转换评论为统一格式
2026-08-10 16:15:03,961 - scrapers.jandan_scraper - INFO - 开始转换 0 条评论到统一格式
2026-08-10 16:15:03,961 - scrapers.jandan_scraper - INFO - 共转换 0 条评论为统一格式
2026-08-10 16:15:03,961 - scrapers.jandan_scraper - INFO - 爬取完成，共获取 0 条热评
2026-08-10 16:15:03,961 - scrapers.base_scraper - ERROR - 爬取 煎蛋网 失败
2026-08-10 16:15:03,961 - scrapers.reddit_scraper - INFO - RedditScraper初始化完成
2026-08-10 16:15:03,963 - scrapers.base_scraper - INFO - 开始爬取 Reddit
2026-08-10 16:15:03,963 - scrapers.reddit_scraper - INFO - 开始爬取Reddit r/confessions每周热门帖子
2026-08-10 16:15:05,896 - utils.http_utils - ERROR - 请求失败: https://www.reddit.com/r/confessions/top/.json?t=week&limit=10, 错误: 403 Client Error: Blocked for url: https://www.reddit.com/r/confessions/top/.json?t=week&limit=10
2026-08-10 16:15:05,897 - scrapers.reddit_scraper - ERROR - 获取API数据失败: 403 Client Error: Blocked for url: https://www.reddit.com/r/confessions/top/.json?t=week&limit=10
2026-08-10 16:15:05,897 - scrapers.base_scraper - ERROR - 爬取 Reddit 失败
2026-08-10 16:15:05,897 - scrapers.hackernews_scraper - INFO - HackerNewsScraper初始化完成
2026-08-10 16:15:05,897 - scrapers.base_scraper - INFO - 开始爬取 Hacker News
2026-08-10 16:15:05,897 - scrapers.hackernews_scraper - INFO - 开始爬取Hacker News Ask HN帖子
2026-08-10 16:15:05,898 - scrapers.hackernews_scraper - INFO - 获取Ask HN页面: https://news.ycombinator.com/ask
2026-08-10 16:15:09,075 - scrapers.hackernews_scraper - INFO - 找到 26 个帖子行
2026-08-10 16:15:09,077 - scrapers.hackernews_scraper - INFO - 成功解析故事: Ask HN: In your experience, wh..., 作者=BoxOfRain, 点赞=16, 评论=0
2026-08-10 16:15:09,077 - scrapers.hackernews_scraper - INFO - 成功解析故事: Ask HN: Manager Blueprint..., 作者=edimaudo, 点赞=2, 评论=0
2026-08-10 16:15:09,078 - scrapers.hackernews_scraper - INFO - 成功解析故事: Ask HN: Is there a marketable ..., 作者=purplemoonx, 点赞=2, 评论=0
2026-08-10 16:15:09,078 - scrapers.hackernews_scraper - INFO - 成功解析故事: Ask HN: What are you working o..., 作者=david927, 点赞=293, 评论=0
2026-08-10 16:15:09,079 - scrapers.hackernews_scraper - INFO - 成功解析故事: Ask HN: Is Traditional SaaS Dy..., 作者=vibe_that_works, 点赞=4, 评论=0
2026-08-10 16:15:09,080 - scrapers.hackernews_scraper - INFO - 成功解析故事: Ask HN: How do you set comp at..., 作者=jeffreyfate, 点赞=4, 评论=0
2026-08-10 16:15:09,080 - scrapers.hackernews_scraper - INFO - 成功解析故事: Ask HN: What Project are you t..., 作者=emn4tor, 点赞=5, 评论=0
2026-08-10 16:15:09,081 - scrapers.hackernews_scraper - INFO - 成功解析故事: Ask HN: Recommended Merchant o..., 作者=tisdadd, 点赞=4, 评论=0
2026-08-10 16:15:09,081 - scrapers.hackernews_scraper - INFO - 成功解析故事: Ask HN: My dev blog has 11k fo..., 作者=zlatkov, 点赞=8, 评论=0
2026-08-10 16:15:09,082 - scrapers.hackernews_scraper - INFO - 成功解析故事: Ask HN: How do you go from wri..., 作者=sakuraiben, 点赞=14, 评论=0
2026-08-10 16:15:09,082 - scrapers.hackernews_scraper - INFO - 成功解析故事: Ask HN: Should a coding client..., 作者=ryanmerket, 点赞=2, 评论=0
2026-08-10 16:15:09,083 - scrapers.hackernews_scraper - INFO - 成功解析故事: Ask HN: Is Ask HN Shrinking?..., 作者=keiferski, 点赞=19, 评论=0
2026-08-10 16:15:09,083 - scrapers.hackernews_scraper - INFO - 成功解析故事: Ask HN: Anyone that has built ..., 作者=mfisc_019, 点赞=7, 评论=0
2026-08-10 16:15:09,084 - scrapers.hackernews_scraper - INFO - 成功解析故事: Ask HN: What is your database ..., 作者=kureikain, 点赞=8, 评论=0
2026-08-10 16:15:09,084 - scrapers.hackernews_scraper - INFO - 成功解析故事: Ask HN: Why is Open POWER Foun..., 作者=climate_denier_, 点赞=8, 评论=0
2026-08-10 16:15:09,084 - scrapers.hackernews_scraper - INFO - 成功解析 15 个Ask HN故事
2026-08-10 16:15:09,084 - scrapers.hackernews_scraper - INFO - 开始转换 15 个故事到统一格式
2026-08-10 16:15:09,085 - scrapers.hackernews_scraper - INFO - 转换第 1/15 个故事: Ask HN: In your experience, wh...
2026-08-10 16:15:11,017 - scrapers.hackernews_scraper - INFO - 找到 1 条评论
2026-08-10 16:15:11,018 - scrapers.hackernews_scraper - INFO - 故事 Ask HN: In your experience, wh... 转换完成，包含 1 条评论
2026-08-10 16:15:11,018 - scrapers.hackernews_scraper - INFO - 转换第 2/15 个故事: Ask HN: Manager Blueprint...
2026-08-10 16:15:12,353 - scrapers.hackernews_scraper - INFO - 找到 0 条评论
2026-08-10 16:15:12,353 - scrapers.hackernews_scraper - INFO - 故事 Ask HN: Manager Blueprint... 转换完成，包含 0 条评论
2026-08-10 16:15:12,353 - scrapers.hackernews_scraper - INFO - 转换第 3/15 个故事: Ask HN: Is there a marketable ...
2026-08-10 16:15:14,546 - scrapers.hackernews_scraper - INFO - 找到 1 条评论
2026-08-10 16:15:14,547 - scrapers.hackernews_scraper - INFO - 故事 Ask HN: Is there a marketable ... 转换完成，包含 1 条评论
2026-08-10 16:15:14,547 - scrapers.hackernews_scraper - INFO - 转换第 4/15 个故事: Ask HN: What are you working o...
2026-08-10 16:15:20,021 - scrapers.hackernews_scraper - INFO - 找到 1018 条评论
2026-08-10 16:15:39,414 - scrapers.hackernews_scraper - INFO - 故事 Ask HN: What are you working o... 转换完成，包含 100 条评论
2026-08-10 16:15:39,414 - scrapers.hackernews_scraper - INFO - 转换第 5/15 个故事: Ask HN: Is Traditional SaaS Dy...
2026-08-10 16:15:41,145 - utils.http_utils - ERROR - 请求失败: https://news.ycombinator.com/item?id=49242046, 错误: 429 Client Error: Too Many Requests for url: https://news.ycombinator.com/item?id=49242046
2026-08-10 16:15:41,145 - scrapers.hackernews_scraper - ERROR - 获取故事详情失败: 49242046
2026-08-10 16:15:43,852 - utils.http_utils - ERROR - 请求失败: https://news.ycombinator.com/item?id=49242046, 错误: 429 Client Error: Too Many Requests for url: https://news.ycombinator.com/item?id=49242046
2026-08-10 16:15:43,852 - scrapers.hackernews_scraper - ERROR - 获取故事详情失败: 49242046
2026-08-10 16:15:43,852 - scrapers.hackernews_scraper - INFO - 故事 Ask HN: Is Traditional SaaS Dy... 转换完成，包含 0 条评论
2026-08-10 16:15:43,852 - scrapers.hackernews_scraper - INFO - 转换第 6/15 个故事: Ask HN: How do you set comp at...
2026-08-10 16:15:46,755 - scrapers.hackernews_scraper - INFO - 找到 3 条评论
2026-08-10 16:15:46,757 - scrapers.hackernews_scraper - INFO - 故事 Ask HN: How do you set comp at... 转换完成，包含 3 条评论
2026-08-10 16:15:46,757 - scrapers.hackernews_scraper - INFO - 转换第 7/15 个故事: Ask HN: What Project are you t...
2026-08-10 16:15:48,252 - scrapers.hackernews_scraper - INFO - 找到 10 条评论
2026-08-10 16:15:48,259 - scrapers.hackernews_scraper - INFO - 故事 Ask HN: What Project are you t... 转换完成，包含 10 条评论
2026-08-10 16:15:48,259 - scrapers.hackernews_scraper - INFO - 转换第 8/15 个故事: Ask HN: Recommended Merchant o...
2026-08-10 16:15:51,103 - scrapers.hackernews_scraper - INFO - 找到 3 条评论
2026-08-10 16:15:51,105 - scrapers.hackernews_scraper - INFO - 故事 Ask HN: Recommended Merchant o... 转换完成，包含 3 条评论
2026-08-10 16:15:51,105 - scrapers.hackernews_scraper - INFO - 转换第 9/15 个故事: Ask HN: My dev blog has 11k fo...
2026-08-10 16:15:52,277 - scrapers.hackernews_scraper - INFO - 找到 8 条评论
2026-08-10 16:15:52,281 - scrapers.hackernews_scraper - INFO - 故事 Ask HN: My dev blog has 11k fo... 转换完成，包含 8 条评论
2026-08-10 16:15:52,281 - scrapers.hackernews_scraper - INFO - 转换第 10/15 个故事: Ask HN: How do you go from wri...
2026-08-10 16:15:53,928 - utils.http_utils - ERROR - 请求失败: https://news.ycombinator.com/item?id=49227024, 错误: 429 Client Error: Too Many Requests for url: https://news.ycombinator.com/item?id=49227024
2026-08-10 16:15:53,928 - scrapers.hackernews_scraper - ERROR - 获取故事详情失败: 49227024
2026-08-10 16:15:55,807 - utils.http_utils - ERROR - 请求失败: https://news.ycombinator.com/item?id=49227024, 错误: 429 Client Error: Too Many Requests for url: https://news.ycombinator.com/item?id=49227024
2026-08-10 16:15:55,807 - scrapers.hackernews_scraper - ERROR - 获取故事详情失败: 49227024
2026-08-10 16:15:55,807 - scrapers.hackernews_scraper - INFO - 故事 Ask HN: How do you go from wri... 转换完成，包含 0 条评论
2026-08-10 16:15:55,807 - scrapers.hackernews_scraper - INFO - 转换第 11/15 个故事: Ask HN: Should a coding client...
2026-08-10 16:15:57,450 - utils.http_utils - ERROR - 请求失败: https://news.ycombinator.com/item?id=49235224, 错误: 429 Client Error: Too Many Requests for url: https://news.ycombinator.com/item?id=49235224
2026-08-10 16:15:57,450 - scrapers.hackernews_scraper - ERROR - 获取故事详情失败: 49235224
2026-08-10 16:15:59,854 - utils.http_utils - ERROR - 请求失败: https://news.ycombinator.com/item?id=49235224, 错误: 429 Client Error: Too Many Requests for url: https://news.ycombinator.com/item?id=49235224
2026-08-10 16:15:59,854 - scrapers.hackernews_scraper - ERROR - 获取故事详情失败: 49235224
2026-08-10 16:15:59,854 - scrapers.hackernews_scraper - INFO - 故事 Ask HN: Should a coding client... 转换完成，包含 0 条评论
2026-08-10 16:15:59,854 - scrapers.hackernews_scraper - INFO - 转换第 12/15 个故事: Ask HN: Is Ask HN Shrinking?...
2026-08-10 16:16:02,258 - utils.http_utils - ERROR - 请求失败: https://news.ycombinator.com/item?id=49221476, 错误: 429 Client Error: Too Many Requests for url: https://news.ycombinator.com/item?id=49221476
2026-08-10 16:16:02,259 - scrapers.hackernews_scraper - ERROR - 获取故事详情失败: 49221476
2026-08-10 16:16:05,150 - utils.http_utils - ERROR - 请求失败: https://news.ycombinator.com/item?id=49221476, 错误: 429 Client Error: Too Many Requests for url: https://news.ycombinator.com/item?id=49221476
2026-08-10 16:16:05,151 - scrapers.hackernews_scraper - ERROR - 获取故事详情失败: 49221476
2026-08-10 16:16:05,151 - scrapers.hackernews_scraper - INFO - 故事 Ask HN: Is Ask HN Shrinking?... 转换完成，包含 0 条评论
2026-08-10 16:16:05,151 - scrapers.hackernews_scraper - INFO - 转换第 13/15 个故事: Ask HN: Anyone that has built ...
2026-08-10 16:16:07,940 - scrapers.hackernews_scraper - INFO - 找到 3 条评论
2026-08-10 16:16:07,942 - scrapers.hackernews_scraper - INFO - 故事 Ask HN: Anyone that has built ... 转换完成，包含 3 条评论
2026-08-10 16:16:07,942 - scrapers.hackernews_scraper - INFO - 转换第 14/15 个故事: Ask HN: What is your database ...
2026-08-10 16:16:10,133 - scrapers.hackernews_scraper - INFO - 找到 3 条评论
2026-08-10 16:16:10,135 - scrapers.hackernews_scraper - INFO - 故事 Ask HN: What is your database ... 转换完成，包含 3 条评论
2026-08-10 16:16:10,135 - scrapers.hackernews_scraper - INFO - 转换第 15/15 个故事: Ask HN: Why is Open POWER Foun...
2026-08-10 16:16:12,354 - utils.http_utils - ERROR - 请求失败: https://news.ycombinator.com/item?id=49226638, 错误: 429 Client Error: Too Many Requests for url: https://news.ycombinator.com/item?id=49226638
2026-08-10 16:16:12,354 - scrapers.hackernews_scraper - ERROR - 获取故事详情失败: 49226638
2026-08-10 16:16:14,037 - utils.http_utils - ERROR - 请求失败: https://news.ycombinator.com/item?id=49226638, 错误: 429 Client Error: Too Many Requests for url: https://news.ycombinator.com/item?id=49226638
2026-08-10 16:16:14,038 - scrapers.hackernews_scraper - ERROR - 获取故事详情失败: 49226638
2026-08-10 16:16:14,038 - scrapers.hackernews_scraper - INFO - 故事 Ask HN: Why is Open POWER Foun... 转换完成，包含 0 条评论
2026-08-10 16:16:14,038 - scrapers.hackernews_scraper - INFO - 共转换 15 个故事为统一格式
2026-08-10 16:16:14,038 - scrapers.hackernews_scraper - INFO - 爬取完成，共获取 15 个Ask HN故事
2026-08-10 16:16:14,251 - utils.storage_utils - INFO - 已更新源索引: hackernews
2026-08-10 16:16:14,252 - utils.storage_utils - INFO - 数据已保存到 data/hackernews/week_2026-08-10.json
2026-08-10 16:16:14,252 - scrapers.base_scraper - INFO - 数据已保存到 data/hackernews/week_2026-08-10.json
2026-08-10 16:16:14,252 - scrapers.base_scraper - INFO - 成功爬取 Hacker News 的数据
2026-08-10 16:16:14,253 - __main__ - INFO - 完成: 1/3 个爬虫成功运行
2026-08-10 16:16:14,444 - __main__ - INFO - 归档所有源的旧数据
2026-08-10 16:16:14,445 - __main__ - INFO - 源 jandan 归档 无需归档
2026-08-10 16:16:14,445 - __main__ - INFO - 源 reddit 归档 无需归档
2026-08-10 16:16:14,445 - utils.storage_utils - INFO - 已将 week_2026-05-18.json 归档
2026-08-10 16:16:14,445 - __main__ - INFO - 源 hackernews 归档 成功
