2026-08-23 16:02:53,315 - __main__ - INFO - 运行所有爬虫
2026-08-23 16:02:53,315 - scrapers.jandan_scraper - INFO - JandanScraper初始化完成
2026-08-23 16:02:53,316 - scrapers.base_scraper - INFO - 开始爬取 煎蛋网
2026-08-23 16:02:53,316 - scrapers.jandan_scraper - INFO - 开始爬取煎蛋热评
2026-08-23 16:02:55,637 - scrapers.jandan_scraper - INFO - 成功获取HTML内容，长度: 37467
2026-08-23 16:02:55,637 - scrapers.jandan_scraper - INFO - 调试: 手动获取评论 5877984 的吐槽数据
2026-08-23 16:02:55,637 - scrapers.jandan_scraper - INFO - 获取评论 5877984 的吐槽内容: https://jandan.net/api/tucao/list/5877984
2026-08-23 16:02:58,426 - scrapers.jandan_scraper - INFO - 评论 5877984 获取到 0 条热门吐槽, 0 条普通吐槽
2026-08-23 16:02:58,426 - scrapers.jandan_scraper - INFO - 调试: 评论 5877984 获取到 0 条热门吐槽, 0 条普通吐槽
2026-08-23 16:02:58,426 - scrapers.jandan_scraper - INFO - 开始解析页面中的评论
2026-08-23 16:02:58,426 - scrapers.jandan_scraper - INFO - 开始解析HTML内容, 长度: 37467
2026-08-23 16:02:58,442 - scrapers.jandan_scraper - INFO - 找到 0 条热门评论
2026-08-23 16:02:58,442 - scrapers.jandan_scraper - INFO - 解析完成，获取到 0 条评论
2026-08-23 16:02:58,442 - scrapers.jandan_scraper - INFO - 开始转换评论为统一格式
2026-08-23 16:02:58,442 - scrapers.jandan_scraper - INFO - 开始转换 0 条评论到统一格式
2026-08-23 16:02:58,442 - scrapers.jandan_scraper - INFO - 共转换 0 条评论为统一格式
2026-08-23 16:02:58,442 - scrapers.jandan_scraper - INFO - 爬取完成，共获取 0 条热评
2026-08-23 16:02:58,442 - scrapers.base_scraper - ERROR - 爬取 煎蛋网 失败
2026-08-23 16:02:58,442 - scrapers.reddit_scraper - INFO - RedditScraper初始化完成
2026-08-23 16:02:58,443 - scrapers.base_scraper - INFO - 开始爬取 Reddit
2026-08-23 16:02:58,444 - scrapers.reddit_scraper - INFO - 开始爬取Reddit r/confessions每周热门帖子
2026-08-23 16:03:01,236 - utils.http_utils - ERROR - 请求失败: https://www.reddit.com/r/confessions/top/.json?t=week&limit=10, 错误: 403 Client Error: Blocked for url: https://www.reddit.com/r/confessions/top/.json?t=week&limit=10
2026-08-23 16:03:01,236 - scrapers.reddit_scraper - ERROR - 获取API数据失败: 403 Client Error: Blocked for url: https://www.reddit.com/r/confessions/top/.json?t=week&limit=10
2026-08-23 16:03:01,236 - scrapers.base_scraper - ERROR - 爬取 Reddit 失败
2026-08-23 16:03:01,237 - scrapers.hackernews_scraper - INFO - HackerNewsScraper初始化完成
2026-08-23 16:03:01,237 - scrapers.base_scraper - INFO - 开始爬取 Hacker News
2026-08-23 16:03:01,237 - scrapers.hackernews_scraper - INFO - 开始爬取Hacker News Ask HN帖子
2026-08-23 16:03:01,237 - scrapers.hackernews_scraper - INFO - 获取Ask HN页面: https://news.ycombinator.com/ask
2026-08-23 16:03:04,209 - scrapers.hackernews_scraper - INFO - 找到 13 个帖子行
2026-08-23 16:03:04,211 - scrapers.hackernews_scraper - INFO - 成功解析故事: Ask HN: Advice for selling a t..., 作者=sm001, 点赞=2, 评论=0
2026-08-23 16:03:04,211 - scrapers.hackernews_scraper - INFO - 成功解析故事: Ask HN: What silly or weird we..., 作者=RetroTechie, 点赞=2, 评论=0
2026-08-23 16:03:04,212 - scrapers.hackernews_scraper - INFO - 成功解析故事: Ask HN: How to plan for a futu..., 作者=Eridanus2, 点赞=2, 评论=0
2026-08-23 16:03:04,212 - scrapers.hackernews_scraper - INFO - 成功解析故事: Ask HN: Anyone set up ways to ..., 作者=MollyRealized, 点赞=2, 评论=0
2026-08-23 16:03:04,213 - scrapers.hackernews_scraper - INFO - 成功解析故事: Ask HN: OpenCode no longer inc..., 作者=dv35z, 点赞=8, 评论=0
2026-08-23 16:03:04,214 - scrapers.hackernews_scraper - INFO - 成功解析故事: Ask HN: What's the current bes..., 作者=simonebrunozzi, 点赞=2, 评论=0
2026-08-23 16:03:04,214 - scrapers.hackernews_scraper - INFO - 成功解析故事: Ask HN: At what point does "cl..., 作者=kiops, 点赞=4, 评论=0
2026-08-23 16:03:04,215 - scrapers.hackernews_scraper - INFO - 成功解析故事: Ask HN: Why does the US govern..., 作者=roschdal, 点赞=13, 评论=0
2026-08-23 16:03:04,215 - scrapers.hackernews_scraper - INFO - 成功解析 8 个Ask HN故事
2026-08-23 16:03:04,215 - scrapers.hackernews_scraper - INFO - 开始转换 8 个故事到统一格式
2026-08-23 16:03:04,215 - scrapers.hackernews_scraper - INFO - 转换第 1/8 个故事: Ask HN: Advice for selling a t...
2026-08-23 16:03:05,707 - scrapers.hackernews_scraper - INFO - 找到 0 条评论
2026-08-23 16:03:05,707 - scrapers.hackernews_scraper - INFO - 故事 Ask HN: Advice for selling a t... 转换完成，包含 0 条评论
2026-08-23 16:03:05,707 - scrapers.hackernews_scraper - INFO - 转换第 2/8 个故事: Ask HN: What silly or weird we...
2026-08-23 16:03:08,265 - utils.http_utils - ERROR - 请求失败: https://news.ycombinator.com/item?id=49408093, 错误: 429 Client Error: Too Many Requests for url: https://news.ycombinator.com/item?id=49408093
2026-08-23 16:03:08,265 - scrapers.hackernews_scraper - ERROR - 获取故事详情失败: 49408093
2026-08-23 16:03:09,703 - utils.http_utils - ERROR - 请求失败: https://news.ycombinator.com/item?id=49408093, 错误: 429 Client Error: Too Many Requests for url: https://news.ycombinator.com/item?id=49408093
2026-08-23 16:03:09,703 - scrapers.hackernews_scraper - ERROR - 获取故事详情失败: 49408093
2026-08-23 16:03:09,703 - scrapers.hackernews_scraper - INFO - 故事 Ask HN: What silly or weird we... 转换完成，包含 0 条评论
2026-08-23 16:03:09,703 - scrapers.hackernews_scraper - INFO - 转换第 3/8 个故事: Ask HN: How to plan for a futu...
2026-08-23 16:03:12,601 - scrapers.hackernews_scraper - INFO - 找到 1 条评论
2026-08-23 16:03:12,601 - scrapers.hackernews_scraper - INFO - 故事 Ask HN: How to plan for a futu... 转换完成，包含 1 条评论
2026-08-23 16:03:12,601 - scrapers.hackernews_scraper - INFO - 转换第 4/8 个故事: Ask HN: Anyone set up ways to ...
2026-08-23 16:03:15,194 - scrapers.hackernews_scraper - INFO - 找到 4 条评论
2026-08-23 16:03:15,197 - scrapers.hackernews_scraper - INFO - 故事 Ask HN: Anyone set up ways to ... 转换完成，包含 4 条评论
2026-08-23 16:03:15,197 - scrapers.hackernews_scraper - INFO - 转换第 5/8 个故事: Ask HN: OpenCode no longer inc...
2026-08-23 16:03:17,677 - utils.http_utils - ERROR - 请求失败: https://news.ycombinator.com/item?id=49388835, 错误: 429 Client Error: Too Many Requests for url: https://news.ycombinator.com/item?id=49388835
2026-08-23 16:03:17,677 - scrapers.hackernews_scraper - ERROR - 获取故事详情失败: 49388835
2026-08-23 16:03:19,909 - utils.http_utils - ERROR - 请求失败: https://news.ycombinator.com/item?id=49388835, 错误: 429 Client Error: Too Many Requests for url: https://news.ycombinator.com/item?id=49388835
2026-08-23 16:03:19,909 - scrapers.hackernews_scraper - ERROR - 获取故事详情失败: 49388835
2026-08-23 16:03:19,909 - scrapers.hackernews_scraper - INFO - 故事 Ask HN: OpenCode no longer inc... 转换完成，包含 0 条评论
2026-08-23 16:03:19,909 - scrapers.hackernews_scraper - INFO - 转换第 6/8 个故事: Ask HN: What's the current bes...
2026-08-23 16:03:20,982 - utils.http_utils - ERROR - 请求失败: https://news.ycombinator.com/item?id=49404822, 错误: 429 Client Error: Too Many Requests for url: https://news.ycombinator.com/item?id=49404822
2026-08-23 16:03:20,982 - scrapers.hackernews_scraper - ERROR - 获取故事详情失败: 49404822
2026-08-23 16:03:23,206 - utils.http_utils - ERROR - 请求失败: https://news.ycombinator.com/item?id=49404822, 错误: 429 Client Error: Too Many Requests for url: https://news.ycombinator.com/item?id=49404822
2026-08-23 16:03:23,207 - scrapers.hackernews_scraper - ERROR - 获取故事详情失败: 49404822
2026-08-23 16:03:23,207 - scrapers.hackernews_scraper - INFO - 故事 Ask HN: What's the current bes... 转换完成，包含 0 条评论
2026-08-23 16:03:23,207 - scrapers.hackernews_scraper - INFO - 转换第 7/8 个故事: Ask HN: At what point does "cl...
2026-08-23 16:03:24,283 - scrapers.hackernews_scraper - INFO - 找到 5 条评论
2026-08-23 16:03:24,286 - scrapers.hackernews_scraper - INFO - 故事 Ask HN: At what point does "cl... 转换完成，包含 5 条评论
2026-08-23 16:03:24,286 - scrapers.hackernews_scraper - INFO - 转换第 8/8 个故事: Ask HN: Why does the US govern...
2026-08-23 16:03:25,919 - utils.http_utils - ERROR - 请求失败: https://news.ycombinator.com/item?id=49397441, 错误: 429 Client Error: Too Many Requests for url: https://news.ycombinator.com/item?id=49397441
2026-08-23 16:03:25,919 - scrapers.hackernews_scraper - ERROR - 获取故事详情失败: 49397441
2026-08-23 16:03:28,596 - utils.http_utils - ERROR - 请求失败: https://news.ycombinator.com/item?id=49397441, 错误: 429 Client Error: Too Many Requests for url: https://news.ycombinator.com/item?id=49397441
2026-08-23 16:03:28,596 - scrapers.hackernews_scraper - ERROR - 获取故事详情失败: 49397441
2026-08-23 16:03:28,596 - scrapers.hackernews_scraper - INFO - 故事 Ask HN: Why does the US govern... 转换完成，包含 0 条评论
2026-08-23 16:03:28,596 - scrapers.hackernews_scraper - INFO - 共转换 8 个故事为统一格式
2026-08-23 16:03:28,596 - scrapers.hackernews_scraper - INFO - 爬取完成，共获取 8 个Ask HN故事
2026-08-23 16:03:28,917 - utils.storage_utils - INFO - 已更新源索引: hackernews
2026-08-23 16:03:28,918 - utils.storage_utils - INFO - 数据已保存到 data/hackernews/week_2026-08-17.json
2026-08-23 16:03:28,919 - scrapers.base_scraper - INFO - 数据已保存到 data/hackernews/week_2026-08-17.json
2026-08-23 16:03:28,919 - scrapers.base_scraper - INFO - 成功爬取 Hacker News 的数据
2026-08-23 16:03:28,920 - __main__ - INFO - 完成: 1/3 个爬虫成功运行
2026-08-23 16:03:29,105 - __main__ - INFO - 归档所有源的旧数据
2026-08-23 16:03:29,106 - __main__ - INFO - 源 jandan 归档 无需归档
2026-08-23 16:03:29,106 - __main__ - INFO - 源 reddit 归档 无需归档
2026-08-23 16:03:29,106 - __main__ - INFO - 源 hackernews 归档 无需归档
