2026-08-16 16:02:18,058 - __main__ - INFO - 运行所有爬虫
2026-08-16 16:02:18,058 - scrapers.jandan_scraper - INFO - JandanScraper初始化完成
2026-08-16 16:02:18,058 - scrapers.base_scraper - INFO - 开始爬取 煎蛋网
2026-08-16 16:02:18,058 - scrapers.jandan_scraper - INFO - 开始爬取煎蛋热评
2026-08-16 16:02:22,185 - scrapers.jandan_scraper - INFO - 成功获取HTML内容，长度: 37305
2026-08-16 16:02:22,185 - scrapers.jandan_scraper - INFO - 调试: 手动获取评论 5877984 的吐槽数据
2026-08-16 16:02:22,185 - scrapers.jandan_scraper - INFO - 获取评论 5877984 的吐槽内容: https://jandan.net/api/tucao/list/5877984
2026-08-16 16:02:24,918 - scrapers.jandan_scraper - INFO - 评论 5877984 获取到 0 条热门吐槽, 0 条普通吐槽
2026-08-16 16:02:24,918 - scrapers.jandan_scraper - INFO - 调试: 评论 5877984 获取到 0 条热门吐槽, 0 条普通吐槽
2026-08-16 16:02:24,918 - scrapers.jandan_scraper - INFO - 开始解析页面中的评论
2026-08-16 16:02:24,918 - scrapers.jandan_scraper - INFO - 开始解析HTML内容, 长度: 37305
2026-08-16 16:02:24,936 - scrapers.jandan_scraper - INFO - 找到 0 条热门评论
2026-08-16 16:02:24,936 - scrapers.jandan_scraper - INFO - 解析完成，获取到 0 条评论
2026-08-16 16:02:24,936 - scrapers.jandan_scraper - INFO - 开始转换评论为统一格式
2026-08-16 16:02:24,936 - scrapers.jandan_scraper - INFO - 开始转换 0 条评论到统一格式
2026-08-16 16:02:24,937 - scrapers.jandan_scraper - INFO - 共转换 0 条评论为统一格式
2026-08-16 16:02:24,937 - scrapers.jandan_scraper - INFO - 爬取完成，共获取 0 条热评
2026-08-16 16:02:24,937 - scrapers.base_scraper - ERROR - 爬取 煎蛋网 失败
2026-08-16 16:02:24,937 - scrapers.reddit_scraper - INFO - RedditScraper初始化完成
2026-08-16 16:02:24,938 - scrapers.base_scraper - INFO - 开始爬取 Reddit
2026-08-16 16:02:24,938 - scrapers.reddit_scraper - INFO - 开始爬取Reddit r/confessions每周热门帖子
2026-08-16 16:02:26,127 - utils.http_utils - ERROR - 请求失败: https://www.reddit.com/r/confessions/top/.json?t=week&limit=10, 错误: 403 Client Error: Blocked for url: https://www.reddit.com/r/confessions/top/.json?t=week&limit=10
2026-08-16 16:02:26,128 - scrapers.reddit_scraper - ERROR - 获取API数据失败: 403 Client Error: Blocked for url: https://www.reddit.com/r/confessions/top/.json?t=week&limit=10
2026-08-16 16:02:26,128 - scrapers.base_scraper - ERROR - 爬取 Reddit 失败
2026-08-16 16:02:26,128 - scrapers.hackernews_scraper - INFO - HackerNewsScraper初始化完成
2026-08-16 16:02:26,129 - scrapers.base_scraper - INFO - 开始爬取 Hacker News
2026-08-16 16:02:26,129 - scrapers.hackernews_scraper - INFO - 开始爬取Hacker News Ask HN帖子
2026-08-16 16:02:26,129 - scrapers.hackernews_scraper - INFO - 获取Ask HN页面: https://news.ycombinator.com/ask
2026-08-16 16:02:28,325 - scrapers.hackernews_scraper - INFO - 找到 21 个帖子行
2026-08-16 16:02:28,326 - scrapers.hackernews_scraper - INFO - 成功解析故事: Ask HN: What is your favorite ..., 作者=pranav_tech26, 点赞=18, 评论=0
2026-08-16 16:02:28,327 - scrapers.hackernews_scraper - INFO - 成功解析故事: Ask HN: Where to learn softwar..., 作者=mstank, 点赞=5, 评论=0
2026-08-16 16:02:28,328 - scrapers.hackernews_scraper - INFO - 成功解析故事: Ask HN: How do you keep up wit..., 作者=simonebrunozzi, 点赞=81, 评论=0
2026-08-16 16:02:28,328 - scrapers.hackernews_scraper - INFO - 成功解析故事: Ask HN: How would you market t..., 作者=dmzxnico, 点赞=3, 评论=0
2026-08-16 16:02:28,329 - scrapers.hackernews_scraper - INFO - 成功解析故事: Ask HN: In your experience, wh..., 作者=BoxOfRain, 点赞=217, 评论=0
2026-08-16 16:02:28,330 - scrapers.hackernews_scraper - INFO - 成功解析故事: Ask HN: Do you know of any com..., 作者=antipurist, 点赞=70, 评论=0
2026-08-16 16:02:28,330 - scrapers.hackernews_scraper - INFO - 成功解析故事: Ask HN: What are you working o..., 作者=david927, 点赞=321, 评论=0
2026-08-16 16:02:28,331 - scrapers.hackernews_scraper - INFO - 成功解析故事: Ask HN: Should hard-tech found..., 作者=misterballer, 点赞=13, 评论=0
2026-08-16 16:02:28,331 - scrapers.hackernews_scraper - INFO - 成功解析故事: Ask HN: Does a human still rev..., 作者=stikit, 点赞=10, 评论=0
2026-08-16 16:02:28,332 - scrapers.hackernews_scraper - INFO - 成功解析故事: Ask HN: When you sell your com..., 作者=supergilbert, 点赞=5, 评论=0
2026-08-16 16:02:28,333 - scrapers.hackernews_scraper - INFO - 成功解析故事: Ask HN: What physical publicat..., 作者=sergiotapia, 点赞=8, 评论=0
2026-08-16 16:02:28,334 - scrapers.hackernews_scraper - INFO - 成功解析故事: Ask HN: How much money do you ..., 作者=marko-djuric, 点赞=14, 评论=0
2026-08-16 16:02:28,334 - scrapers.hackernews_scraper - INFO - 成功解析故事: Ask HN: Do you know how much h..., 作者=mojomark, 点赞=5, 评论=0
2026-08-16 16:02:28,334 - scrapers.hackernews_scraper - INFO - 成功解析 13 个Ask HN故事
2026-08-16 16:02:28,334 - scrapers.hackernews_scraper - INFO - 开始转换 13 个故事到统一格式
2026-08-16 16:02:28,334 - scrapers.hackernews_scraper - INFO - 转换第 1/13 个故事: Ask HN: What is your favorite ...
2026-08-16 16:02:30,045 - scrapers.hackernews_scraper - INFO - 找到 28 条评论
2026-08-16 16:02:30,070 - scrapers.hackernews_scraper - INFO - 故事 Ask HN: What is your favorite ... 转换完成，包含 28 条评论
2026-08-16 16:02:30,070 - scrapers.hackernews_scraper - INFO - 转换第 2/13 个故事: Ask HN: Where to learn softwar...
2026-08-16 16:02:32,525 - scrapers.hackernews_scraper - INFO - 找到 2 条评论
2026-08-16 16:02:32,527 - scrapers.hackernews_scraper - INFO - 故事 Ask HN: Where to learn softwar... 转换完成，包含 2 条评论
2026-08-16 16:02:32,527 - scrapers.hackernews_scraper - INFO - 转换第 3/13 个故事: Ask HN: How do you keep up wit...
2026-08-16 16:02:34,628 - scrapers.hackernews_scraper - INFO - 找到 138 条评论
2026-08-16 16:02:34,991 - scrapers.hackernews_scraper - INFO - 故事 Ask HN: How do you keep up wit... 转换完成，包含 100 条评论
2026-08-16 16:02:34,991 - scrapers.hackernews_scraper - INFO - 转换第 4/13 个故事: Ask HN: How would you market t...
2026-08-16 16:02:36,949 - scrapers.hackernews_scraper - INFO - 找到 3 条评论
2026-08-16 16:02:36,951 - scrapers.hackernews_scraper - INFO - 故事 Ask HN: How would you market t... 转换完成，包含 3 条评论
2026-08-16 16:02:36,951 - scrapers.hackernews_scraper - INFO - 转换第 5/13 个故事: Ask HN: In your experience, wh...
2026-08-16 16:02:38,426 - utils.http_utils - ERROR - 请求失败: https://news.ycombinator.com/item?id=49213660, 错误: 429 Client Error: Too Many Requests for url: https://news.ycombinator.com/item?id=49213660
2026-08-16 16:02:38,427 - scrapers.hackernews_scraper - ERROR - 获取故事详情失败: 49213660
2026-08-16 16:02:41,360 - utils.http_utils - ERROR - 请求失败: https://news.ycombinator.com/item?id=49213660, 错误: 429 Client Error: Too Many Requests for url: https://news.ycombinator.com/item?id=49213660
2026-08-16 16:02:41,360 - scrapers.hackernews_scraper - ERROR - 获取故事详情失败: 49213660
2026-08-16 16:02:41,361 - scrapers.hackernews_scraper - INFO - 故事 Ask HN: In your experience, wh... 转换完成，包含 0 条评论
2026-08-16 16:02:41,361 - scrapers.hackernews_scraper - INFO - 转换第 6/13 个故事: Ask HN: Do you know of any com...
2026-08-16 16:02:43,203 - scrapers.hackernews_scraper - INFO - 找到 92 条评论
2026-08-16 16:02:43,381 - scrapers.hackernews_scraper - INFO - 故事 Ask HN: Do you know of any com... 转换完成，包含 92 条评论
2026-08-16 16:02:43,381 - scrapers.hackernews_scraper - INFO - 转换第 7/13 个故事: Ask HN: What are you working o...
2026-08-16 16:02:45,780 - utils.http_utils - ERROR - 请求失败: https://news.ycombinator.com/item?id=49233423, 错误: 429 Client Error: Too Many Requests for url: https://news.ycombinator.com/item?id=49233423
2026-08-16 16:02:45,780 - scrapers.hackernews_scraper - ERROR - 获取故事详情失败: 49233423
2026-08-16 16:02:46,997 - utils.http_utils - ERROR - 请求失败: https://news.ycombinator.com/item?id=49233423, 错误: 429 Client Error: Too Many Requests for url: https://news.ycombinator.com/item?id=49233423
2026-08-16 16:02:46,997 - scrapers.hackernews_scraper - ERROR - 获取故事详情失败: 49233423
2026-08-16 16:02:46,997 - scrapers.hackernews_scraper - INFO - 故事 Ask HN: What are you working o... 转换完成，包含 0 条评论
2026-08-16 16:02:46,997 - scrapers.hackernews_scraper - INFO - 转换第 8/13 个故事: Ask HN: Should hard-tech found...
2026-08-16 16:02:48,763 - utils.http_utils - ERROR - 请求失败: https://news.ycombinator.com/item?id=49299333, 错误: 429 Client Error: Too Many Requests for url: https://news.ycombinator.com/item?id=49299333
2026-08-16 16:02:48,763 - scrapers.hackernews_scraper - ERROR - 获取故事详情失败: 49299333
2026-08-16 16:02:49,867 - utils.http_utils - ERROR - 请求失败: https://news.ycombinator.com/item?id=49299333, 错误: 429 Client Error: Too Many Requests for url: https://news.ycombinator.com/item?id=49299333
2026-08-16 16:02:49,867 - scrapers.hackernews_scraper - ERROR - 获取故事详情失败: 49299333
2026-08-16 16:02:49,867 - scrapers.hackernews_scraper - INFO - 故事 Ask HN: Should hard-tech found... 转换完成，包含 0 条评论
2026-08-16 16:02:49,867 - scrapers.hackernews_scraper - INFO - 转换第 9/13 个故事: Ask HN: Does a human still rev...
2026-08-16 16:02:51,635 - utils.http_utils - ERROR - 请求失败: https://news.ycombinator.com/item?id=49298901, 错误: 429 Client Error: Too Many Requests for url: https://news.ycombinator.com/item?id=49298901
2026-08-16 16:02:51,635 - scrapers.hackernews_scraper - ERROR - 获取故事详情失败: 49298901
2026-08-16 16:02:53,379 - utils.http_utils - ERROR - 请求失败: https://news.ycombinator.com/item?id=49298901, 错误: 429 Client Error: Too Many Requests for url: https://news.ycombinator.com/item?id=49298901
2026-08-16 16:02:53,379 - scrapers.hackernews_scraper - ERROR - 获取故事详情失败: 49298901
2026-08-16 16:02:53,379 - scrapers.hackernews_scraper - INFO - 故事 Ask HN: Does a human still rev... 转换完成，包含 0 条评论
2026-08-16 16:02:53,379 - scrapers.hackernews_scraper - INFO - 转换第 10/13 个故事: Ask HN: When you sell your com...
2026-08-16 16:02:55,882 - scrapers.hackernews_scraper - INFO - 找到 8 条评论
2026-08-16 16:02:55,887 - scrapers.hackernews_scraper - INFO - 故事 Ask HN: When you sell your com... 转换完成，包含 8 条评论
2026-08-16 16:02:55,887 - scrapers.hackernews_scraper - INFO - 转换第 11/13 个故事: Ask HN: What physical publicat...
2026-08-16 16:02:57,387 - utils.http_utils - ERROR - 请求失败: https://news.ycombinator.com/item?id=49306301, 错误: 429 Client Error: Too Many Requests for url: https://news.ycombinator.com/item?id=49306301
2026-08-16 16:02:57,388 - scrapers.hackernews_scraper - ERROR - 获取故事详情失败: 49306301
2026-08-16 16:02:59,096 - scrapers.hackernews_scraper - INFO - 找到 14 条评论
2026-08-16 16:02:59,106 - scrapers.hackernews_scraper - INFO - 故事 Ask HN: What physical publicat... 转换完成，包含 14 条评论
2026-08-16 16:02:59,106 - scrapers.hackernews_scraper - INFO - 转换第 12/13 个故事: Ask HN: How much money do you ...
2026-08-16 16:03:00,346 - scrapers.hackernews_scraper - INFO - 找到 37 条评论
2026-08-16 16:03:00,385 - scrapers.hackernews_scraper - INFO - 故事 Ask HN: How much money do you ... 转换完成，包含 37 条评论
2026-08-16 16:03:00,385 - scrapers.hackernews_scraper - INFO - 转换第 13/13 个故事: Ask HN: Do you know how much h...
2026-08-16 16:03:02,784 - scrapers.hackernews_scraper - INFO - 找到 12 条评论
2026-08-16 16:03:02,792 - scrapers.hackernews_scraper - INFO - 故事 Ask HN: Do you know how much h... 转换完成，包含 12 条评论
2026-08-16 16:03:02,792 - scrapers.hackernews_scraper - INFO - 共转换 13 个故事为统一格式
2026-08-16 16:03:02,792 - scrapers.hackernews_scraper - INFO - 爬取完成，共获取 13 个Ask HN故事
2026-08-16 16:03:03,033 - utils.storage_utils - INFO - 已更新源索引: hackernews
2026-08-16 16:03:03,033 - utils.storage_utils - INFO - 数据已保存到 data/hackernews/week_2026-08-10.json
2026-08-16 16:03:03,034 - scrapers.base_scraper - INFO - 数据已保存到 data/hackernews/week_2026-08-10.json
2026-08-16 16:03:03,035 - scrapers.base_scraper - INFO - 成功爬取 Hacker News 的数据
2026-08-16 16:03:03,036 - __main__ - INFO - 完成: 1/3 个爬虫成功运行
2026-08-16 16:03:03,219 - __main__ - INFO - 归档所有源的旧数据
2026-08-16 16:03:03,219 - __main__ - INFO - 源 jandan 归档 无需归档
2026-08-16 16:03:03,219 - __main__ - INFO - 源 reddit 归档 无需归档
2026-08-16 16:03:03,220 - __main__ - INFO - 源 hackernews 归档 无需归档
