2026-09-02 16:03:34,951 - __main__ - INFO - 运行所有爬虫
2026-09-02 16:03:34,951 - scrapers.jandan_scraper - INFO - JandanScraper初始化完成
2026-09-02 16:03:34,951 - scrapers.base_scraper - INFO - 开始爬取 煎蛋网
2026-09-02 16:03:34,951 - scrapers.jandan_scraper - INFO - 开始爬取煎蛋热评
2026-09-02 16:03:37,000 - scrapers.jandan_scraper - INFO - 成功获取HTML内容，长度: 37406
2026-09-02 16:03:37,000 - scrapers.jandan_scraper - INFO - 调试: 手动获取评论 5877984 的吐槽数据
2026-09-02 16:03:37,000 - scrapers.jandan_scraper - INFO - 获取评论 5877984 的吐槽内容: https://jandan.net/api/tucao/list/5877984
2026-09-02 16:03:39,760 - scrapers.jandan_scraper - INFO - 评论 5877984 获取到 0 条热门吐槽, 0 条普通吐槽
2026-09-02 16:03:39,760 - scrapers.jandan_scraper - INFO - 调试: 评论 5877984 获取到 0 条热门吐槽, 0 条普通吐槽
2026-09-02 16:03:39,760 - scrapers.jandan_scraper - INFO - 开始解析页面中的评论
2026-09-02 16:03:39,760 - scrapers.jandan_scraper - INFO - 开始解析HTML内容, 长度: 37406
2026-09-02 16:03:39,776 - scrapers.jandan_scraper - INFO - 找到 0 条热门评论
2026-09-02 16:03:39,776 - scrapers.jandan_scraper - INFO - 解析完成，获取到 0 条评论
2026-09-02 16:03:39,777 - scrapers.jandan_scraper - INFO - 开始转换评论为统一格式
2026-09-02 16:03:39,777 - scrapers.jandan_scraper - INFO - 开始转换 0 条评论到统一格式
2026-09-02 16:03:39,777 - scrapers.jandan_scraper - INFO - 共转换 0 条评论为统一格式
2026-09-02 16:03:39,777 - scrapers.jandan_scraper - INFO - 爬取完成，共获取 0 条热评
2026-09-02 16:03:39,777 - scrapers.base_scraper - ERROR - 爬取 煎蛋网 失败
2026-09-02 16:03:39,777 - scrapers.reddit_scraper - INFO - RedditScraper初始化完成
2026-09-02 16:03:39,778 - scrapers.base_scraper - INFO - 开始爬取 Reddit
2026-09-02 16:03:39,778 - scrapers.reddit_scraper - INFO - 开始爬取Reddit r/confessions每周热门帖子
2026-09-02 16:03:42,209 - utils.http_utils - ERROR - 请求失败: https://www.reddit.com/r/confessions/top/.json?t=week&limit=10, 错误: 403 Client Error: Blocked for url: https://www.reddit.com/r/confessions/top/.json?t=week&limit=10
2026-09-02 16:03:42,210 - scrapers.reddit_scraper - ERROR - 获取API数据失败: 403 Client Error: Blocked for url: https://www.reddit.com/r/confessions/top/.json?t=week&limit=10
2026-09-02 16:03:42,210 - scrapers.base_scraper - ERROR - 爬取 Reddit 失败
2026-09-02 16:03:42,210 - scrapers.hackernews_scraper - INFO - HackerNewsScraper初始化完成
2026-09-02 16:03:42,210 - scrapers.base_scraper - INFO - 开始爬取 Hacker News
2026-09-02 16:03:42,211 - scrapers.hackernews_scraper - INFO - 开始爬取Hacker News Ask HN帖子
2026-09-02 16:03:42,211 - scrapers.hackernews_scraper - INFO - 获取Ask HN页面: https://news.ycombinator.com/ask
2026-09-02 16:03:44,065 - scrapers.hackernews_scraper - INFO - 找到 25 个帖子行
2026-09-02 16:03:44,066 - scrapers.hackernews_scraper - INFO - 成功解析故事: Ask HN: Would you be intereste..., 作者=left-struck, 点赞=2, 评论=0
2026-09-02 16:03:44,067 - scrapers.hackernews_scraper - INFO - 成功解析故事: Ask HN: Who wants to be hired?..., 作者=whoishiring, 点赞=98, 评论=0
2026-09-02 16:03:44,068 - scrapers.hackernews_scraper - INFO - 成功解析故事: Ask HN: Who is hiring? (Septem..., 作者=whoishiring, 点赞=230, 评论=0
2026-09-02 16:03:44,068 - scrapers.hackernews_scraper - INFO - 成功解析故事: Ask HN: Where do you get your ..., 作者=BtM909, 点赞=3, 评论=0
2026-09-02 16:03:44,069 - scrapers.hackernews_scraper - INFO - 成功解析故事: Ask HN: Anyone homeschooling t..., 作者=wbnns, 点赞=10, 评论=0
2026-09-02 16:03:44,070 - scrapers.hackernews_scraper - INFO - 成功解析故事: Ask HN: What would happen if y..., 作者=jc_811, 点赞=37, 评论=0
2026-09-02 16:03:44,071 - scrapers.hackernews_scraper - INFO - 成功解析故事: Ask HN: Does HN block mobile b..., 作者=pbohun, 点赞=4, 评论=0
2026-09-02 16:03:44,071 - scrapers.hackernews_scraper - INFO - 成功解析故事: Ask HN: How do you survive a j..., 作者=_override, 点赞=42, 评论=0
2026-09-02 16:03:44,072 - scrapers.hackernews_scraper - INFO - 成功解析故事: Ask HN: Alternative to Proton ..., 作者=OhMeadhbh, 点赞=7, 评论=0
2026-09-02 16:03:44,073 - scrapers.hackernews_scraper - INFO - 成功解析故事: Ask HN: What do your job inter..., 作者=Hixon10, 点赞=28, 评论=0
2026-09-02 16:03:44,074 - scrapers.hackernews_scraper - INFO - 成功解析故事: Ask HN: Why is Founder Mode no..., 作者=jorisboris, 点赞=6, 评论=0
2026-09-02 16:03:44,074 - scrapers.hackernews_scraper - INFO - 成功解析 11 个Ask HN故事
2026-09-02 16:03:44,074 - scrapers.hackernews_scraper - INFO - 开始转换 11 个故事到统一格式
2026-09-02 16:03:44,074 - scrapers.hackernews_scraper - INFO - 转换第 1/11 个故事: Ask HN: Would you be intereste...
2026-09-02 16:03:46,251 - utils.http_utils - ERROR - 请求失败: https://news.ycombinator.com/item?id=49537675, 错误: 429 Client Error: Too Many Requests for url: https://news.ycombinator.com/item?id=49537675
2026-09-02 16:03:46,251 - scrapers.hackernews_scraper - ERROR - 获取故事详情失败: 49537675
2026-09-02 16:03:49,393 - utils.http_utils - ERROR - 请求失败: https://news.ycombinator.com/item?id=49537675, 错误: 429 Client Error: Too Many Requests for url: https://news.ycombinator.com/item?id=49537675
2026-09-02 16:03:49,393 - scrapers.hackernews_scraper - ERROR - 获取故事详情失败: 49537675
2026-09-02 16:03:49,394 - scrapers.hackernews_scraper - INFO - 故事 Ask HN: Would you be intereste... 转换完成，包含 0 条评论
2026-09-02 16:03:49,394 - scrapers.hackernews_scraper - INFO - 转换第 2/11 个故事: Ask HN: Who wants to be hired?...
2026-09-02 16:03:51,654 - scrapers.hackernews_scraper - INFO - 找到 329 条评论
2026-09-02 16:03:53,780 - scrapers.hackernews_scraper - INFO - 故事 Ask HN: Who wants to be hired?... 转换完成，包含 100 条评论
2026-09-02 16:03:53,780 - scrapers.hackernews_scraper - INFO - 转换第 3/11 个故事: Ask HN: Who is hiring? (Septem...
2026-09-02 16:03:57,630 - scrapers.hackernews_scraper - INFO - 找到 264 条评论
2026-09-02 16:03:58,973 - scrapers.hackernews_scraper - INFO - 故事 Ask HN: Who is hiring? (Septem... 转换完成，包含 100 条评论
2026-09-02 16:03:58,973 - scrapers.hackernews_scraper - INFO - 转换第 4/11 个故事: Ask HN: Where do you get your ...
2026-09-02 16:04:00,923 - utils.http_utils - ERROR - 请求失败: https://news.ycombinator.com/item?id=49535272, 错误: 429 Client Error: Too Many Requests for url: https://news.ycombinator.com/item?id=49535272
2026-09-02 16:04:00,923 - scrapers.hackernews_scraper - ERROR - 获取故事详情失败: 49535272
2026-09-02 16:04:03,368 - utils.http_utils - ERROR - 请求失败: https://news.ycombinator.com/item?id=49535272, 错误: 429 Client Error: Too Many Requests for url: https://news.ycombinator.com/item?id=49535272
2026-09-02 16:04:03,368 - scrapers.hackernews_scraper - ERROR - 获取故事详情失败: 49535272
2026-09-02 16:04:03,368 - scrapers.hackernews_scraper - INFO - 故事 Ask HN: Where do you get your ... 转换完成，包含 0 条评论
2026-09-02 16:04:03,368 - scrapers.hackernews_scraper - INFO - 转换第 5/11 个故事: Ask HN: Anyone homeschooling t...
2026-09-02 16:04:05,491 - utils.http_utils - ERROR - 请求失败: https://news.ycombinator.com/item?id=49529929, 错误: 429 Client Error: Too Many Requests for url: https://news.ycombinator.com/item?id=49529929
2026-09-02 16:04:05,491 - scrapers.hackernews_scraper - ERROR - 获取故事详情失败: 49529929
2026-09-02 16:04:07,070 - utils.http_utils - ERROR - 请求失败: https://news.ycombinator.com/item?id=49529929, 错误: 429 Client Error: Too Many Requests for url: https://news.ycombinator.com/item?id=49529929
2026-09-02 16:04:07,070 - scrapers.hackernews_scraper - ERROR - 获取故事详情失败: 49529929
2026-09-02 16:04:07,070 - scrapers.hackernews_scraper - INFO - 故事 Ask HN: Anyone homeschooling t... 转换完成，包含 0 条评论
2026-09-02 16:04:07,070 - scrapers.hackernews_scraper - INFO - 转换第 6/11 个故事: Ask HN: What would happen if y...
2026-09-02 16:04:09,965 - utils.http_utils - ERROR - 请求失败: https://news.ycombinator.com/item?id=49510066, 错误: 429 Client Error: Too Many Requests for url: https://news.ycombinator.com/item?id=49510066
2026-09-02 16:04:09,965 - scrapers.hackernews_scraper - ERROR - 获取故事详情失败: 49510066
2026-09-02 16:04:12,608 - utils.http_utils - ERROR - 请求失败: https://news.ycombinator.com/item?id=49510066, 错误: 429 Client Error: Too Many Requests for url: https://news.ycombinator.com/item?id=49510066
2026-09-02 16:04:12,608 - scrapers.hackernews_scraper - ERROR - 获取故事详情失败: 49510066
2026-09-02 16:04:12,608 - scrapers.hackernews_scraper - INFO - 故事 Ask HN: What would happen if y... 转换完成，包含 0 条评论
2026-09-02 16:04:12,608 - scrapers.hackernews_scraper - INFO - 转换第 7/11 个故事: Ask HN: Does HN block mobile b...
2026-09-02 16:04:14,857 - utils.http_utils - ERROR - 请求失败: https://news.ycombinator.com/item?id=49528768, 错误: 429 Client Error: Too Many Requests for url: https://news.ycombinator.com/item?id=49528768
2026-09-02 16:04:14,857 - scrapers.hackernews_scraper - ERROR - 获取故事详情失败: 49528768
2026-09-02 16:04:16,391 - utils.http_utils - ERROR - 请求失败: https://news.ycombinator.com/item?id=49528768, 错误: 429 Client Error: Too Many Requests for url: https://news.ycombinator.com/item?id=49528768
2026-09-02 16:04:16,391 - scrapers.hackernews_scraper - ERROR - 获取故事详情失败: 49528768
2026-09-02 16:04:16,391 - scrapers.hackernews_scraper - INFO - 故事 Ask HN: Does HN block mobile b... 转换完成，包含 0 条评论
2026-09-02 16:04:16,391 - scrapers.hackernews_scraper - INFO - 转换第 8/11 个故事: Ask HN: How do you survive a j...
2026-09-02 16:04:17,505 - utils.http_utils - ERROR - 请求失败: https://news.ycombinator.com/item?id=49533073, 错误: 429 Client Error: Too Many Requests for url: https://news.ycombinator.com/item?id=49533073
2026-09-02 16:04:17,505 - scrapers.hackernews_scraper - ERROR - 获取故事详情失败: 49533073
2026-09-02 16:04:20,492 - utils.http_utils - ERROR - 请求失败: https://news.ycombinator.com/item?id=49533073, 错误: 429 Client Error: Too Many Requests for url: https://news.ycombinator.com/item?id=49533073
2026-09-02 16:04:20,492 - scrapers.hackernews_scraper - ERROR - 获取故事详情失败: 49533073
2026-09-02 16:04:20,492 - scrapers.hackernews_scraper - INFO - 故事 Ask HN: How do you survive a j... 转换完成，包含 0 条评论
2026-09-02 16:04:20,492 - scrapers.hackernews_scraper - INFO - 转换第 9/11 个故事: Ask HN: Alternative to Proton ...
2026-09-02 16:04:23,205 - utils.http_utils - ERROR - 请求失败: https://news.ycombinator.com/item?id=49523682, 错误: 429 Client Error: Too Many Requests for url: https://news.ycombinator.com/item?id=49523682
2026-09-02 16:04:23,205 - scrapers.hackernews_scraper - ERROR - 获取故事详情失败: 49523682
2026-09-02 16:04:24,577 - utils.http_utils - ERROR - 请求失败: https://news.ycombinator.com/item?id=49523682, 错误: 429 Client Error: Too Many Requests for url: https://news.ycombinator.com/item?id=49523682
2026-09-02 16:04:24,577 - scrapers.hackernews_scraper - ERROR - 获取故事详情失败: 49523682
2026-09-02 16:04:24,578 - scrapers.hackernews_scraper - INFO - 故事 Ask HN: Alternative to Proton ... 转换完成，包含 0 条评论
2026-09-02 16:04:24,578 - scrapers.hackernews_scraper - INFO - 转换第 10/11 个故事: Ask HN: What do your job inter...
2026-09-02 16:04:26,630 - utils.http_utils - ERROR - 请求失败: https://news.ycombinator.com/item?id=49505033, 错误: 429 Client Error: Too Many Requests for url: https://news.ycombinator.com/item?id=49505033
2026-09-02 16:04:26,631 - scrapers.hackernews_scraper - ERROR - 获取故事详情失败: 49505033
2026-09-02 16:04:28,314 - utils.http_utils - ERROR - 请求失败: https://news.ycombinator.com/item?id=49505033, 错误: 429 Client Error: Too Many Requests for url: https://news.ycombinator.com/item?id=49505033
2026-09-02 16:04:28,315 - scrapers.hackernews_scraper - ERROR - 获取故事详情失败: 49505033
2026-09-02 16:04:28,315 - scrapers.hackernews_scraper - INFO - 故事 Ask HN: What do your job inter... 转换完成，包含 0 条评论
2026-09-02 16:04:28,315 - scrapers.hackernews_scraper - INFO - 转换第 11/11 个故事: Ask HN: Why is Founder Mode no...
2026-09-02 16:04:30,314 - utils.http_utils - ERROR - 请求失败: https://news.ycombinator.com/item?id=49506794, 错误: 429 Client Error: Too Many Requests for url: https://news.ycombinator.com/item?id=49506794
2026-09-02 16:04:30,315 - scrapers.hackernews_scraper - ERROR - 获取故事详情失败: 49506794
2026-09-02 16:04:33,222 - utils.http_utils - ERROR - 请求失败: https://news.ycombinator.com/item?id=49506794, 错误: 429 Client Error: Too Many Requests for url: https://news.ycombinator.com/item?id=49506794
2026-09-02 16:04:33,222 - scrapers.hackernews_scraper - ERROR - 获取故事详情失败: 49506794
2026-09-02 16:04:33,222 - scrapers.hackernews_scraper - INFO - 故事 Ask HN: Why is Founder Mode no... 转换完成，包含 0 条评论
2026-09-02 16:04:33,222 - scrapers.hackernews_scraper - INFO - 共转换 11 个故事为统一格式
2026-09-02 16:04:33,222 - scrapers.hackernews_scraper - INFO - 爬取完成，共获取 11 个Ask HN故事
2026-09-02 16:04:33,379 - utils.storage_utils - INFO - 已更新源索引: hackernews
2026-09-02 16:04:33,380 - utils.storage_utils - INFO - 数据已保存到 data/hackernews/week_2026-08-31.json
2026-09-02 16:04:33,380 - scrapers.base_scraper - INFO - 数据已保存到 data/hackernews/week_2026-08-31.json
2026-09-02 16:04:33,380 - scrapers.base_scraper - INFO - 成功爬取 Hacker News 的数据
2026-09-02 16:04:33,381 - __main__ - INFO - 完成: 1/3 个爬虫成功运行
2026-09-02 16:04:33,580 - __main__ - INFO - 归档所有源的旧数据
2026-09-02 16:04:33,580 - __main__ - INFO - 源 jandan 归档 无需归档
2026-09-02 16:04:33,581 - __main__ - INFO - 源 reddit 归档 无需归档
2026-09-02 16:04:33,581 - __main__ - INFO - 源 hackernews 归档 无需归档
