2026-09-13 16:02:48,578 - __main__ - INFO - 运行所有爬虫
2026-09-13 16:02:48,578 - scrapers.jandan_scraper - INFO - JandanScraper初始化完成
2026-09-13 16:02:48,578 - scrapers.base_scraper - INFO - 开始爬取 煎蛋网
2026-09-13 16:02:48,578 - scrapers.jandan_scraper - INFO - 开始爬取煎蛋热评
2026-09-13 16:02:52,523 - scrapers.jandan_scraper - INFO - 成功获取HTML内容，长度: 37557
2026-09-13 16:02:52,523 - scrapers.jandan_scraper - INFO - 调试: 手动获取评论 5877984 的吐槽数据
2026-09-13 16:02:52,523 - scrapers.jandan_scraper - INFO - 获取评论 5877984 的吐槽内容: https://jandan.net/api/tucao/list/5877984
2026-09-13 16:02:54,668 - scrapers.jandan_scraper - INFO - 评论 5877984 获取到 0 条热门吐槽, 0 条普通吐槽
2026-09-13 16:02:54,669 - scrapers.jandan_scraper - INFO - 调试: 评论 5877984 获取到 0 条热门吐槽, 0 条普通吐槽
2026-09-13 16:02:54,669 - scrapers.jandan_scraper - INFO - 开始解析页面中的评论
2026-09-13 16:02:54,669 - scrapers.jandan_scraper - INFO - 开始解析HTML内容, 长度: 37557
2026-09-13 16:02:54,681 - scrapers.jandan_scraper - INFO - 找到 0 条热门评论
2026-09-13 16:02:54,681 - scrapers.jandan_scraper - INFO - 解析完成，获取到 0 条评论
2026-09-13 16:02:54,681 - scrapers.jandan_scraper - INFO - 开始转换评论为统一格式
2026-09-13 16:02:54,681 - scrapers.jandan_scraper - INFO - 开始转换 0 条评论到统一格式
2026-09-13 16:02:54,681 - scrapers.jandan_scraper - INFO - 共转换 0 条评论为统一格式
2026-09-13 16:02:54,681 - scrapers.jandan_scraper - INFO - 爬取完成，共获取 0 条热评
2026-09-13 16:02:54,681 - scrapers.base_scraper - ERROR - 爬取 煎蛋网 失败
2026-09-13 16:02:54,681 - scrapers.reddit_scraper - INFO - RedditScraper初始化完成
2026-09-13 16:02:54,683 - scrapers.base_scraper - INFO - 开始爬取 Reddit
2026-09-13 16:02:54,683 - scrapers.reddit_scraper - INFO - 开始爬取Reddit r/confessions每周热门帖子
2026-09-13 16:02:56,272 - utils.http_utils - ERROR - 请求失败: https://www.reddit.com/r/confessions/top/.json?t=week&limit=10, 错误: 403 Client Error: Blocked for url: https://www.reddit.com/r/confessions/top/.json?t=week&limit=10
2026-09-13 16:02:56,273 - scrapers.reddit_scraper - ERROR - 获取API数据失败: 403 Client Error: Blocked for url: https://www.reddit.com/r/confessions/top/.json?t=week&limit=10
2026-09-13 16:02:56,273 - scrapers.base_scraper - ERROR - 爬取 Reddit 失败
2026-09-13 16:02:56,273 - scrapers.hackernews_scraper - INFO - HackerNewsScraper初始化完成
2026-09-13 16:02:56,274 - scrapers.base_scraper - INFO - 开始爬取 Hacker News
2026-09-13 16:02:56,274 - scrapers.hackernews_scraper - INFO - 开始爬取Hacker News Ask HN帖子
2026-09-13 16:02:56,274 - scrapers.hackernews_scraper - INFO - 获取Ask HN页面: https://news.ycombinator.com/ask
2026-09-13 16:02:57,791 - scrapers.hackernews_scraper - INFO - 找到 27 个帖子行
2026-09-13 16:02:57,793 - scrapers.hackernews_scraper - INFO - 成功解析故事: Ask HN: What is Y Combinator's..., 作者=chirau, 点赞=9, 评论=0
2026-09-13 16:02:57,793 - scrapers.hackernews_scraper - INFO - 成功解析故事: Ask HN: Are we losing our engi..., 作者=smugglerFlynn, 点赞=5, 评论=0
2026-09-13 16:02:57,794 - scrapers.hackernews_scraper - INFO - 成功解析故事: Ask HN: Why haven't people vib..., 作者=amichail, 点赞=5, 评论=0
2026-09-13 16:02:57,794 - scrapers.hackernews_scraper - INFO - 成功解析故事: Ask HN: Career paths to consid..., 作者=_override, 点赞=22, 评论=0
2026-09-13 16:02:57,794 - scrapers.hackernews_scraper - INFO - 成功解析故事: Ask HN: Should we start airgap..., 作者=emerongi, 点赞=3, 评论=0
2026-09-13 16:02:57,795 - scrapers.hackernews_scraper - INFO - 成功解析故事: Ask HN: What default model do ..., 作者=stikit, 点赞=58, 评论=0
2026-09-13 16:02:57,795 - scrapers.hackernews_scraper - INFO - 成功解析故事: Ask HN: Did Google kill its en..., 作者=waldrews, 点赞=24, 评论=0
2026-09-13 16:02:57,796 - scrapers.hackernews_scraper - INFO - 成功解析故事: Ask HN: Can we please limit th..., 作者=cromka, 点赞=838, 评论=0
2026-09-13 16:02:57,796 - scrapers.hackernews_scraper - INFO - 成功解析故事: Ask HN: What's a good "semi-du..., 作者=funkaster, 点赞=6, 评论=0
2026-09-13 16:02:57,797 - scrapers.hackernews_scraper - INFO - 成功解析故事: Ask HN: For Enterprise coding ..., 作者=m0rde, 点赞=5, 评论=0
2026-09-13 16:02:57,797 - scrapers.hackernews_scraper - INFO - 成功解析故事: Ask HN: How are much smarter A..., 作者=superasn, 点赞=11, 评论=0
2026-09-13 16:02:57,798 - scrapers.hackernews_scraper - INFO - 成功解析故事: Ask HN: Where are the innovati..., 作者=cauliflower99, 点赞=6, 评论=0
2026-09-13 16:02:57,798 - scrapers.hackernews_scraper - INFO - 成功解析故事: Ask HN: Software Licenses that..., 作者=mattm, 点赞=10, 评论=0
2026-09-13 16:02:57,799 - scrapers.hackernews_scraper - INFO - 成功解析故事: Ask HN: Is GPT-6 Astra worth t..., 作者=minimaxir, 点赞=7, 评论=0
2026-09-13 16:02:57,799 - scrapers.hackernews_scraper - INFO - 成功解析故事: Ask HN: AI and Math..., 作者=ekm2, 点赞=2, 评论=0
2026-09-13 16:02:57,799 - scrapers.hackernews_scraper - INFO - 成功解析 15 个Ask HN故事
2026-09-13 16:02:57,799 - scrapers.hackernews_scraper - INFO - 开始转换 15 个故事到统一格式
2026-09-13 16:02:57,799 - scrapers.hackernews_scraper - INFO - 转换第 1/15 个故事: Ask HN: What is Y Combinator's...
2026-09-13 16:03:00,424 - scrapers.hackernews_scraper - INFO - 找到 2 条评论
2026-09-13 16:03:00,426 - scrapers.hackernews_scraper - INFO - 故事 Ask HN: What is Y Combinator's... 转换完成，包含 2 条评论
2026-09-13 16:03:00,426 - scrapers.hackernews_scraper - INFO - 转换第 2/15 个故事: Ask HN: Are we losing our engi...
2026-09-13 16:03:02,027 - scrapers.hackernews_scraper - INFO - 找到 2 条评论
2026-09-13 16:03:02,028 - scrapers.hackernews_scraper - INFO - 故事 Ask HN: Are we losing our engi... 转换完成，包含 2 条评论
2026-09-13 16:03:02,028 - scrapers.hackernews_scraper - INFO - 转换第 3/15 个故事: Ask HN: Why haven't people vib...
2026-09-13 16:03:04,955 - scrapers.hackernews_scraper - INFO - 找到 1 条评论
2026-09-13 16:03:04,955 - scrapers.hackernews_scraper - INFO - 故事 Ask HN: Why haven't people vib... 转换完成，包含 1 条评论
2026-09-13 16:03:04,955 - scrapers.hackernews_scraper - INFO - 转换第 4/15 个故事: Ask HN: Career paths to consid...
2026-09-13 16:03:07,490 - scrapers.hackernews_scraper - INFO - 找到 24 条评论
2026-09-13 16:03:07,506 - scrapers.hackernews_scraper - INFO - 故事 Ask HN: Career paths to consid... 转换完成，包含 24 条评论
2026-09-13 16:03:07,506 - scrapers.hackernews_scraper - INFO - 转换第 5/15 个故事: Ask HN: Should we start airgap...
2026-09-13 16:03:10,367 - scrapers.hackernews_scraper - INFO - 找到 6 条评论
2026-09-13 16:03:10,369 - scrapers.hackernews_scraper - INFO - 故事 Ask HN: Should we start airgap... 转换完成，包含 6 条评论
2026-09-13 16:03:10,369 - scrapers.hackernews_scraper - INFO - 转换第 6/15 个故事: Ask HN: What default model do ...
2026-09-13 16:03:12,728 - scrapers.hackernews_scraper - INFO - 找到 99 条评论
2026-09-13 16:03:12,872 - scrapers.hackernews_scraper - INFO - 故事 Ask HN: What default model do ... 转换完成，包含 99 条评论
2026-09-13 16:03:12,872 - scrapers.hackernews_scraper - INFO - 转换第 7/15 个故事: Ask HN: Did Google kill its en...
2026-09-13 16:03:14,751 - scrapers.hackernews_scraper - INFO - 找到 15 条评论
2026-09-13 16:03:14,758 - scrapers.hackernews_scraper - INFO - 故事 Ask HN: Did Google kill its en... 转换完成，包含 15 条评论
2026-09-13 16:03:14,758 - scrapers.hackernews_scraper - INFO - 转换第 8/15 个故事: Ask HN: Can we please limit th...
2026-09-13 16:03:18,079 - scrapers.hackernews_scraper - INFO - 找到 391 条评论
2026-09-13 16:03:20,337 - scrapers.hackernews_scraper - INFO - 故事 Ask HN: Can we please limit th... 转换完成，包含 100 条评论
2026-09-13 16:03:20,337 - scrapers.hackernews_scraper - INFO - 转换第 9/15 个故事: Ask HN: What's a good "semi-du...
2026-09-13 16:03:22,646 - scrapers.hackernews_scraper - INFO - 找到 11 条评论
2026-09-13 16:03:22,651 - scrapers.hackernews_scraper - INFO - 故事 Ask HN: What's a good "semi-du... 转换完成，包含 11 条评论
2026-09-13 16:03:22,651 - scrapers.hackernews_scraper - INFO - 转换第 10/15 个故事: Ask HN: For Enterprise coding ...
2026-09-13 16:03:24,893 - scrapers.hackernews_scraper - INFO - 找到 9 条评论
2026-09-13 16:03:24,897 - scrapers.hackernews_scraper - INFO - 故事 Ask HN: For Enterprise coding ... 转换完成，包含 9 条评论
2026-09-13 16:03:24,897 - scrapers.hackernews_scraper - INFO - 转换第 11/15 个故事: Ask HN: How are much smarter A...
2026-09-13 16:03:26,585 - scrapers.hackernews_scraper - INFO - 找到 5 条评论
2026-09-13 16:03:26,588 - scrapers.hackernews_scraper - INFO - 故事 Ask HN: How are much smarter A... 转换完成，包含 5 条评论
2026-09-13 16:03:26,588 - scrapers.hackernews_scraper - INFO - 转换第 12/15 个故事: Ask HN: Where are the innovati...
2026-09-13 16:03:27,827 - utils.http_utils - ERROR - 请求失败: https://news.ycombinator.com/item?id=49663205, 错误: 429 Client Error: Too Many Requests for url: https://news.ycombinator.com/item?id=49663205
2026-09-13 16:03:27,827 - scrapers.hackernews_scraper - ERROR - 获取故事详情失败: 49663205
2026-09-13 16:03:28,997 - utils.http_utils - ERROR - 请求失败: https://news.ycombinator.com/item?id=49663205, 错误: 429 Client Error: Too Many Requests for url: https://news.ycombinator.com/item?id=49663205
2026-09-13 16:03:28,997 - scrapers.hackernews_scraper - ERROR - 获取故事详情失败: 49663205
2026-09-13 16:03:28,997 - scrapers.hackernews_scraper - INFO - 故事 Ask HN: Where are the innovati... 转换完成，包含 0 条评论
2026-09-13 16:03:28,997 - scrapers.hackernews_scraper - INFO - 转换第 13/15 个故事: Ask HN: Software Licenses that...
2026-09-13 16:03:31,433 - utils.http_utils - ERROR - 请求失败: https://news.ycombinator.com/item?id=49628792, 错误: 429 Client Error: Too Many Requests for url: https://news.ycombinator.com/item?id=49628792
2026-09-13 16:03:31,433 - scrapers.hackernews_scraper - ERROR - 获取故事详情失败: 49628792
2026-09-13 16:03:32,880 - utils.http_utils - ERROR - 请求失败: https://news.ycombinator.com/item?id=49628792, 错误: 429 Client Error: Too Many Requests for url: https://news.ycombinator.com/item?id=49628792
2026-09-13 16:03:32,880 - scrapers.hackernews_scraper - ERROR - 获取故事详情失败: 49628792
2026-09-13 16:03:32,880 - scrapers.hackernews_scraper - INFO - 故事 Ask HN: Software Licenses that... 转换完成，包含 0 条评论
2026-09-13 16:03:32,880 - scrapers.hackernews_scraper - INFO - 转换第 14/15 个故事: Ask HN: Is GPT-6 Astra worth t...
2026-09-13 16:03:34,166 - utils.http_utils - ERROR - 请求失败: https://news.ycombinator.com/item?id=49661691, 错误: 429 Client Error: Too Many Requests for url: https://news.ycombinator.com/item?id=49661691
2026-09-13 16:03:34,166 - scrapers.hackernews_scraper - ERROR - 获取故事详情失败: 49661691
2026-09-13 16:03:35,646 - utils.http_utils - ERROR - 请求失败: https://news.ycombinator.com/item?id=49661691, 错误: 429 Client Error: Too Many Requests for url: https://news.ycombinator.com/item?id=49661691
2026-09-13 16:03:35,647 - scrapers.hackernews_scraper - ERROR - 获取故事详情失败: 49661691
2026-09-13 16:03:35,647 - scrapers.hackernews_scraper - INFO - 故事 Ask HN: Is GPT-6 Astra worth t... 转换完成，包含 0 条评论
2026-09-13 16:03:35,647 - scrapers.hackernews_scraper - INFO - 转换第 15/15 个故事: Ask HN: AI and Math...
2026-09-13 16:03:37,386 - utils.http_utils - ERROR - 请求失败: https://news.ycombinator.com/item?id=49660811, 错误: 429 Client Error: Too Many Requests for url: https://news.ycombinator.com/item?id=49660811
2026-09-13 16:03:37,386 - scrapers.hackernews_scraper - ERROR - 获取故事详情失败: 49660811
2026-09-13 16:03:39,637 - scrapers.hackernews_scraper - INFO - 找到 5 条评论
2026-09-13 16:03:39,639 - scrapers.hackernews_scraper - INFO - 故事 Ask HN: AI and Math... 转换完成，包含 5 条评论
2026-09-13 16:03:39,639 - scrapers.hackernews_scraper - INFO - 共转换 15 个故事为统一格式
2026-09-13 16:03:39,639 - scrapers.hackernews_scraper - INFO - 爬取完成，共获取 15 个Ask HN故事
2026-09-13 16:03:39,966 - utils.storage_utils - INFO - 已更新源索引: hackernews
2026-09-13 16:03:39,966 - utils.storage_utils - INFO - 数据已保存到 data/hackernews/week_2026-09-07.json
2026-09-13 16:03:39,968 - scrapers.base_scraper - INFO - 数据已保存到 data/hackernews/week_2026-09-07.json
2026-09-13 16:03:39,969 - scrapers.base_scraper - INFO - 成功爬取 Hacker News 的数据
2026-09-13 16:03:39,969 - __main__ - INFO - 完成: 1/3 个爬虫成功运行
2026-09-13 16:03:40,127 - __main__ - INFO - 归档所有源的旧数据
2026-09-13 16:03:40,127 - __main__ - INFO - 源 jandan 归档 无需归档
2026-09-13 16:03:40,128 - __main__ - INFO - 源 reddit 归档 无需归档
2026-09-13 16:03:40,128 - __main__ - INFO - 源 hackernews 归档 无需归档
