2026-09-01 16:24:52,904 - __main__ - INFO - 运行所有爬虫
2026-09-01 16:24:52,904 - scrapers.jandan_scraper - INFO - JandanScraper初始化完成
2026-09-01 16:24:52,904 - scrapers.base_scraper - INFO - 开始爬取 煎蛋网
2026-09-01 16:24:52,904 - scrapers.jandan_scraper - INFO - 开始爬取煎蛋热评
2026-09-01 16:24:56,555 - scrapers.jandan_scraper - INFO - 成功获取HTML内容，长度: 37406
2026-09-01 16:24:56,555 - scrapers.jandan_scraper - INFO - 调试: 手动获取评论 5877984 的吐槽数据
2026-09-01 16:24:56,555 - scrapers.jandan_scraper - INFO - 获取评论 5877984 的吐槽内容: https://jandan.net/api/tucao/list/5877984
2026-09-01 16:24:59,558 - scrapers.jandan_scraper - INFO - 评论 5877984 获取到 0 条热门吐槽, 0 条普通吐槽
2026-09-01 16:24:59,558 - scrapers.jandan_scraper - INFO - 调试: 评论 5877984 获取到 0 条热门吐槽, 0 条普通吐槽
2026-09-01 16:24:59,558 - scrapers.jandan_scraper - INFO - 开始解析页面中的评论
2026-09-01 16:24:59,558 - scrapers.jandan_scraper - INFO - 开始解析HTML内容, 长度: 37406
2026-09-01 16:24:59,574 - scrapers.jandan_scraper - INFO - 找到 0 条热门评论
2026-09-01 16:24:59,575 - scrapers.jandan_scraper - INFO - 解析完成，获取到 0 条评论
2026-09-01 16:24:59,575 - scrapers.jandan_scraper - INFO - 开始转换评论为统一格式
2026-09-01 16:24:59,575 - scrapers.jandan_scraper - INFO - 开始转换 0 条评论到统一格式
2026-09-01 16:24:59,575 - scrapers.jandan_scraper - INFO - 共转换 0 条评论为统一格式
2026-09-01 16:24:59,575 - scrapers.jandan_scraper - INFO - 爬取完成，共获取 0 条热评
2026-09-01 16:24:59,575 - scrapers.base_scraper - ERROR - 爬取 煎蛋网 失败
2026-09-01 16:24:59,575 - scrapers.reddit_scraper - INFO - RedditScraper初始化完成
2026-09-01 16:24:59,576 - scrapers.base_scraper - INFO - 开始爬取 Reddit
2026-09-01 16:24:59,576 - scrapers.reddit_scraper - INFO - 开始爬取Reddit r/confessions每周热门帖子
2026-09-01 16:25:02,621 - utils.http_utils - ERROR - 请求失败: https://www.reddit.com/r/confessions/top/.json?t=week&limit=10, 错误: 403 Client Error: Blocked for url: https://www.reddit.com/r/confessions/top/.json?t=week&limit=10
2026-09-01 16:25:02,622 - scrapers.reddit_scraper - ERROR - 获取API数据失败: 403 Client Error: Blocked for url: https://www.reddit.com/r/confessions/top/.json?t=week&limit=10
2026-09-01 16:25:02,622 - scrapers.base_scraper - ERROR - 爬取 Reddit 失败
2026-09-01 16:25:02,622 - scrapers.hackernews_scraper - INFO - HackerNewsScraper初始化完成
2026-09-01 16:25:02,623 - scrapers.base_scraper - INFO - 开始爬取 Hacker News
2026-09-01 16:25:02,623 - scrapers.hackernews_scraper - INFO - 开始爬取Hacker News Ask HN帖子
2026-09-01 16:25:02,623 - scrapers.hackernews_scraper - INFO - 获取Ask HN页面: https://news.ycombinator.com/ask
2026-09-01 16:25:05,069 - scrapers.hackernews_scraper - INFO - 找到 20 个帖子行
2026-09-01 16:25:05,071 - scrapers.hackernews_scraper - INFO - 成功解析故事: Ask HN: Who is hiring? (Septem..., 作者=whoishiring, 点赞=68, 评论=0
2026-09-01 16:25:05,072 - scrapers.hackernews_scraper - INFO - 成功解析故事: Ask HN: What would happen if y..., 作者=jc_811, 点赞=35, 评论=0
2026-09-01 16:25:05,073 - scrapers.hackernews_scraper - INFO - 成功解析故事: Ask HN: What do your job inter..., 作者=Hixon10, 点赞=26, 评论=0
2026-09-01 16:25:05,074 - scrapers.hackernews_scraper - INFO - 成功解析故事: Ask HN: Why is Founder Mode no..., 作者=jorisboris, 点赞=6, 评论=0
2026-09-01 16:25:05,075 - scrapers.hackernews_scraper - INFO - 成功解析故事: Ask HN: Which self-hosted Dock..., 作者=vsilent, 点赞=3, 评论=0
2026-09-01 16:25:05,075 - scrapers.hackernews_scraper - INFO - 成功解析故事: Ask HN: What are your biggest ..., 作者=top_rooster, 点赞=5, 评论=0
2026-09-01 16:25:05,076 - scrapers.hackernews_scraper - INFO - 成功解析故事: Ask HN: What is the next Burni..., 作者=johnnyApplePRNG, 点赞=4, 评论=0
2026-09-01 16:25:05,076 - scrapers.hackernews_scraper - INFO - 成功解析故事: Ask HN: What to do when a vend..., 作者=cudder, 点赞=3, 评论=0
2026-09-01 16:25:05,077 - scrapers.hackernews_scraper - INFO - 成功解析故事: Ask HN: Are Prompt Injections ..., 作者=razorbeamz, 点赞=2, 评论=0
2026-09-01 16:25:05,077 - scrapers.hackernews_scraper - INFO - 成功解析 9 个Ask HN故事
2026-09-01 16:25:05,077 - scrapers.hackernews_scraper - INFO - 开始转换 9 个故事到统一格式
2026-09-01 16:25:05,077 - scrapers.hackernews_scraper - INFO - 转换第 1/9 个故事: Ask HN: Who is hiring? (Septem...
2026-09-01 16:25:07,781 - scrapers.hackernews_scraper - INFO - 找到 55 条评论
2026-09-01 16:25:07,862 - scrapers.hackernews_scraper - INFO - 故事 Ask HN: Who is hiring? (Septem... 转换完成，包含 55 条评论
2026-09-01 16:25:07,863 - scrapers.hackernews_scraper - INFO - 转换第 2/9 个故事: Ask HN: What would happen if y...
2026-09-01 16:25:10,291 - scrapers.hackernews_scraper - INFO - 找到 70 条评论
2026-09-01 16:25:10,392 - scrapers.hackernews_scraper - INFO - 故事 Ask HN: What would happen if y... 转换完成，包含 70 条评论
2026-09-01 16:25:10,393 - scrapers.hackernews_scraper - INFO - 转换第 3/9 个故事: Ask HN: What do your job inter...
2026-09-01 16:25:13,457 - scrapers.hackernews_scraper - INFO - 找到 9 条评论
2026-09-01 16:25:13,463 - scrapers.hackernews_scraper - INFO - 故事 Ask HN: What do your job inter... 转换完成，包含 9 条评论
2026-09-01 16:25:13,463 - scrapers.hackernews_scraper - INFO - 转换第 4/9 个故事: Ask HN: Why is Founder Mode no...
2026-09-01 16:25:15,010 - scrapers.hackernews_scraper - INFO - 找到 7 条评论
2026-09-01 16:25:15,015 - scrapers.hackernews_scraper - INFO - 故事 Ask HN: Why is Founder Mode no... 转换完成，包含 7 条评论
2026-09-01 16:25:15,015 - scrapers.hackernews_scraper - INFO - 转换第 5/9 个故事: Ask HN: Which self-hosted Dock...
2026-09-01 16:25:17,813 - scrapers.hackernews_scraper - INFO - 找到 0 条评论
2026-09-01 16:25:17,813 - scrapers.hackernews_scraper - INFO - 故事 Ask HN: Which self-hosted Dock... 转换完成，包含 0 条评论
2026-09-01 16:25:17,813 - scrapers.hackernews_scraper - INFO - 转换第 6/9 个故事: Ask HN: What are your biggest ...
2026-09-01 16:25:20,040 - scrapers.hackernews_scraper - INFO - 找到 3 条评论
2026-09-01 16:25:20,042 - scrapers.hackernews_scraper - INFO - 故事 Ask HN: What are your biggest ... 转换完成，包含 3 条评论
2026-09-01 16:25:20,042 - scrapers.hackernews_scraper - INFO - 转换第 7/9 个故事: Ask HN: What is the next Burni...
2026-09-01 16:25:23,021 - scrapers.hackernews_scraper - INFO - 找到 6 条评论
2026-09-01 16:25:23,024 - scrapers.hackernews_scraper - INFO - 故事 Ask HN: What is the next Burni... 转换完成，包含 6 条评论
2026-09-01 16:25:23,024 - scrapers.hackernews_scraper - INFO - 转换第 8/9 个故事: Ask HN: What to do when a vend...
2026-09-01 16:25:24,857 - utils.http_utils - ERROR - 请求失败: https://news.ycombinator.com/item?id=49507259, 错误: 429 Client Error: Too Many Requests for url: https://news.ycombinator.com/item?id=49507259
2026-09-01 16:25:24,857 - scrapers.hackernews_scraper - ERROR - 获取故事详情失败: 49507259
2026-09-01 16:25:27,807 - scrapers.hackernews_scraper - INFO - 找到 2 条评论
2026-09-01 16:25:27,808 - scrapers.hackernews_scraper - INFO - 故事 Ask HN: What to do when a vend... 转换完成，包含 2 条评论
2026-09-01 16:25:27,808 - scrapers.hackernews_scraper - INFO - 转换第 9/9 个故事: Ask HN: Are Prompt Injections ...
2026-09-01 16:25:30,359 - scrapers.hackernews_scraper - INFO - 找到 11 条评论
2026-09-01 16:25:30,366 - scrapers.hackernews_scraper - INFO - 故事 Ask HN: Are Prompt Injections ... 转换完成，包含 11 条评论
2026-09-01 16:25:30,366 - scrapers.hackernews_scraper - INFO - 共转换 9 个故事为统一格式
2026-09-01 16:25:30,366 - scrapers.hackernews_scraper - INFO - 爬取完成，共获取 9 个Ask HN故事
2026-09-01 16:25:30,524 - utils.storage_utils - INFO - 已更新源索引: hackernews
2026-09-01 16:25:30,524 - utils.storage_utils - INFO - 数据已保存到 data/hackernews/week_2026-08-31.json
2026-09-01 16:25:30,525 - scrapers.base_scraper - INFO - 数据已保存到 data/hackernews/week_2026-08-31.json
2026-09-01 16:25:30,525 - scrapers.base_scraper - INFO - 成功爬取 Hacker News 的数据
2026-09-01 16:25:30,525 - __main__ - INFO - 完成: 1/3 个爬虫成功运行
2026-09-01 16:25:30,693 - __main__ - INFO - 归档所有源的旧数据
2026-09-01 16:25:30,693 - __main__ - INFO - 源 jandan 归档 无需归档
2026-09-01 16:25:30,693 - __main__ - INFO - 源 reddit 归档 无需归档
2026-09-01 16:25:30,693 - __main__ - INFO - 源 hackernews 归档 无需归档
