2026-09-18 16:02:52,837 - __main__ - INFO - 运行所有爬虫
2026-09-18 16:02:52,837 - scrapers.jandan_scraper - INFO - JandanScraper初始化完成
2026-09-18 16:02:52,838 - scrapers.base_scraper - INFO - 开始爬取 煎蛋网
2026-09-18 16:02:52,838 - scrapers.jandan_scraper - INFO - 开始爬取煎蛋热评
2026-09-18 16:02:55,521 - scrapers.jandan_scraper - INFO - 成功获取HTML内容，长度: 37557
2026-09-18 16:02:55,521 - scrapers.jandan_scraper - INFO - 调试: 手动获取评论 5877984 的吐槽数据
2026-09-18 16:02:55,521 - scrapers.jandan_scraper - INFO - 获取评论 5877984 的吐槽内容: https://jandan.net/api/tucao/list/5877984
2026-09-18 16:02:58,980 - scrapers.jandan_scraper - INFO - 评论 5877984 获取到 0 条热门吐槽, 0 条普通吐槽
2026-09-18 16:02:58,980 - scrapers.jandan_scraper - INFO - 调试: 评论 5877984 获取到 0 条热门吐槽, 0 条普通吐槽
2026-09-18 16:02:58,980 - scrapers.jandan_scraper - INFO - 开始解析页面中的评论
2026-09-18 16:02:58,980 - scrapers.jandan_scraper - INFO - 开始解析HTML内容, 长度: 37557
2026-09-18 16:02:58,998 - scrapers.jandan_scraper - INFO - 找到 0 条热门评论
2026-09-18 16:02:58,999 - scrapers.jandan_scraper - INFO - 解析完成，获取到 0 条评论
2026-09-18 16:02:58,999 - scrapers.jandan_scraper - INFO - 开始转换评论为统一格式
2026-09-18 16:02:58,999 - scrapers.jandan_scraper - INFO - 开始转换 0 条评论到统一格式
2026-09-18 16:02:58,999 - scrapers.jandan_scraper - INFO - 共转换 0 条评论为统一格式
2026-09-18 16:02:58,999 - scrapers.jandan_scraper - INFO - 爬取完成，共获取 0 条热评
2026-09-18 16:02:58,999 - scrapers.base_scraper - ERROR - 爬取 煎蛋网 失败
2026-09-18 16:02:58,999 - scrapers.reddit_scraper - INFO - RedditScraper初始化完成
2026-09-18 16:02:59,000 - scrapers.base_scraper - INFO - 开始爬取 Reddit
2026-09-18 16:02:59,000 - scrapers.reddit_scraper - INFO - 开始爬取Reddit r/confessions每周热门帖子
2026-09-18 16:03:01,567 - utils.http_utils - ERROR - 请求失败: https://www.reddit.com/r/confessions/top/.json?t=week&limit=10, 错误: 403 Client Error: Blocked for url: https://www.reddit.com/r/confessions/top/.json?t=week&limit=10
2026-09-18 16:03:01,568 - scrapers.reddit_scraper - ERROR - 获取API数据失败: 403 Client Error: Blocked for url: https://www.reddit.com/r/confessions/top/.json?t=week&limit=10
2026-09-18 16:03:01,568 - scrapers.base_scraper - ERROR - 爬取 Reddit 失败
2026-09-18 16:03:01,569 - scrapers.hackernews_scraper - INFO - HackerNewsScraper初始化完成
2026-09-18 16:03:01,569 - scrapers.base_scraper - INFO - 开始爬取 Hacker News
2026-09-18 16:03:01,569 - scrapers.hackernews_scraper - INFO - 开始爬取Hacker News Ask HN帖子
2026-09-18 16:03:01,569 - scrapers.hackernews_scraper - INFO - 获取Ask HN页面: https://news.ycombinator.com/ask
2026-09-18 16:03:04,274 - scrapers.hackernews_scraper - INFO - 找到 18 个帖子行
2026-09-18 16:03:04,276 - scrapers.hackernews_scraper - INFO - 成功解析故事: Ask HN: What happens when Clau..., 作者=HoldOnAMinute, 点赞=2, 评论=0
2026-09-18 16:03:04,277 - scrapers.hackernews_scraper - INFO - 成功解析故事: Ask HN: Have you stopped under..., 作者=amichail, 点赞=2, 评论=0
2026-09-18 16:03:04,278 - scrapers.hackernews_scraper - INFO - 成功解析故事: Ask HN: How to recover Google ..., 作者=keymasta, 点赞=107, 评论=0
2026-09-18 16:03:04,278 - scrapers.hackernews_scraper - INFO - 成功解析故事: Ask HN: What are you working o..., 作者=david927, 点赞=375, 评论=0
2026-09-18 16:03:04,279 - scrapers.hackernews_scraper - INFO - 成功解析故事: Ask HN: Help choosing between ..., 作者=pigradish, 点赞=4, 评论=0
2026-09-18 16:03:04,279 - scrapers.hackernews_scraper - INFO - 成功解析故事: Ask HN: Alternatives to Twitte..., 作者=throwaway2027, 点赞=5, 评论=0
2026-09-18 16:03:04,280 - scrapers.hackernews_scraper - INFO - 成功解析故事: Ask HN: Co-Founder(s). Do I ne..., 作者=bhollan, 点赞=10, 评论=0
2026-09-18 16:03:04,280 - scrapers.hackernews_scraper - INFO - 成功解析故事: Ask HN: What self-hosted apps ..., 作者=osr00, 点赞=4, 评论=0
2026-09-18 16:03:04,281 - scrapers.hackernews_scraper - INFO - 成功解析故事: Ask HN: What Makes Tokens Expe..., 作者=mtokarski, 点赞=3, 评论=0
2026-09-18 16:03:04,282 - scrapers.hackernews_scraper - INFO - 成功解析故事: Ask HN: What is the most caree..., 作者=learner_yearner, 点赞=14, 评论=0
2026-09-18 16:03:04,282 - scrapers.hackernews_scraper - INFO - 成功解析故事: Ask HN: Why have we normalized..., 作者=thomasjeff1, 点赞=5, 评论=0
2026-09-18 16:03:04,283 - scrapers.hackernews_scraper - INFO - 成功解析故事: Ask HN: How are you managing a..., 作者=rylando, 点赞=13, 评论=0
2026-09-18 16:03:04,283 - scrapers.hackernews_scraper - INFO - 成功解析 12 个Ask HN故事
2026-09-18 16:03:04,283 - scrapers.hackernews_scraper - INFO - 开始转换 12 个故事到统一格式
2026-09-18 16:03:04,283 - scrapers.hackernews_scraper - INFO - 转换第 1/12 个故事: Ask HN: What happens when Clau...
2026-09-18 16:03:06,707 - scrapers.hackernews_scraper - INFO - 找到 5 条评论
2026-09-18 16:03:06,711 - scrapers.hackernews_scraper - INFO - 故事 Ask HN: What happens when Clau... 转换完成，包含 5 条评论
2026-09-18 16:03:06,711 - scrapers.hackernews_scraper - INFO - 转换第 2/12 个故事: Ask HN: Have you stopped under...
2026-09-18 16:03:08,458 - utils.http_utils - ERROR - 请求失败: https://news.ycombinator.com/item?id=49755126, 错误: 429 Client Error: Too Many Requests for url: https://news.ycombinator.com/item?id=49755126
2026-09-18 16:03:08,458 - scrapers.hackernews_scraper - ERROR - 获取故事详情失败: 49755126
2026-09-18 16:03:10,042 - utils.http_utils - ERROR - 请求失败: https://news.ycombinator.com/item?id=49755126, 错误: 429 Client Error: Too Many Requests for url: https://news.ycombinator.com/item?id=49755126
2026-09-18 16:03:10,042 - scrapers.hackernews_scraper - ERROR - 获取故事详情失败: 49755126
2026-09-18 16:03:10,042 - scrapers.hackernews_scraper - INFO - 故事 Ask HN: Have you stopped under... 转换完成，包含 0 条评论
2026-09-18 16:03:10,042 - scrapers.hackernews_scraper - INFO - 转换第 3/12 个故事: Ask HN: How to recover Google ...
2026-09-18 16:03:12,666 - utils.http_utils - ERROR - 请求失败: https://news.ycombinator.com/item?id=49742976, 错误: 429 Client Error: Too Many Requests for url: https://news.ycombinator.com/item?id=49742976
2026-09-18 16:03:12,666 - scrapers.hackernews_scraper - ERROR - 获取故事详情失败: 49742976
2026-09-18 16:03:15,522 - utils.http_utils - ERROR - 请求失败: https://news.ycombinator.com/item?id=49742976, 错误: 429 Client Error: Too Many Requests for url: https://news.ycombinator.com/item?id=49742976
2026-09-18 16:03:15,522 - scrapers.hackernews_scraper - ERROR - 获取故事详情失败: 49742976
2026-09-18 16:03:15,522 - scrapers.hackernews_scraper - INFO - 故事 Ask HN: How to recover Google ... 转换完成，包含 0 条评论
2026-09-18 16:03:15,522 - scrapers.hackernews_scraper - INFO - 转换第 4/12 个故事: Ask HN: What are you working o...
2026-09-18 16:03:22,252 - scrapers.hackernews_scraper - INFO - 找到 1197 条评论
2026-09-18 16:03:49,573 - scrapers.hackernews_scraper - INFO - 故事 Ask HN: What are you working o... 转换完成，包含 100 条评论
2026-09-18 16:03:49,573 - scrapers.hackernews_scraper - INFO - 转换第 5/12 个故事: Ask HN: Help choosing between ...
2026-09-18 16:03:51,017 - utils.http_utils - ERROR - 请求失败: https://news.ycombinator.com/item?id=49752505, 错误: 429 Client Error: Too Many Requests for url: https://news.ycombinator.com/item?id=49752505
2026-09-18 16:03:51,017 - scrapers.hackernews_scraper - ERROR - 获取故事详情失败: 49752505
2026-09-18 16:03:53,797 - utils.http_utils - ERROR - 请求失败: https://news.ycombinator.com/item?id=49752505, 错误: 429 Client Error: Too Many Requests for url: https://news.ycombinator.com/item?id=49752505
2026-09-18 16:03:53,798 - scrapers.hackernews_scraper - ERROR - 获取故事详情失败: 49752505
2026-09-18 16:03:53,798 - scrapers.hackernews_scraper - INFO - 故事 Ask HN: Help choosing between ... 转换完成，包含 0 条评论
2026-09-18 16:03:53,798 - scrapers.hackernews_scraper - INFO - 转换第 6/12 个故事: Ask HN: Alternatives to Twitte...
2026-09-18 16:03:56,529 - utils.http_utils - ERROR - 请求失败: https://news.ycombinator.com/item?id=49752806, 错误: 429 Client Error: Too Many Requests for url: https://news.ycombinator.com/item?id=49752806
2026-09-18 16:03:56,529 - scrapers.hackernews_scraper - ERROR - 获取故事详情失败: 49752806
2026-09-18 16:03:58,054 - utils.http_utils - ERROR - 请求失败: https://news.ycombinator.com/item?id=49752806, 错误: 429 Client Error: Too Many Requests for url: https://news.ycombinator.com/item?id=49752806
2026-09-18 16:03:58,055 - scrapers.hackernews_scraper - ERROR - 获取故事详情失败: 49752806
2026-09-18 16:03:58,055 - scrapers.hackernews_scraper - INFO - 故事 Ask HN: Alternatives to Twitte... 转换完成，包含 0 条评论
2026-09-18 16:03:58,055 - scrapers.hackernews_scraper - INFO - 转换第 7/12 个故事: Ask HN: Co-Founder(s). Do I ne...
2026-09-18 16:04:00,536 - utils.http_utils - ERROR - 请求失败: https://news.ycombinator.com/item?id=49743493, 错误: 429 Client Error: Too Many Requests for url: https://news.ycombinator.com/item?id=49743493
2026-09-18 16:04:00,536 - scrapers.hackernews_scraper - ERROR - 获取故事详情失败: 49743493
2026-09-18 16:04:02,338 - utils.http_utils - ERROR - 请求失败: https://news.ycombinator.com/item?id=49743493, 错误: 429 Client Error: Too Many Requests for url: https://news.ycombinator.com/item?id=49743493
2026-09-18 16:04:02,338 - scrapers.hackernews_scraper - ERROR - 获取故事详情失败: 49743493
2026-09-18 16:04:02,339 - scrapers.hackernews_scraper - INFO - 故事 Ask HN: Co-Founder(s). Do I ne... 转换完成，包含 0 条评论
2026-09-18 16:04:02,339 - scrapers.hackernews_scraper - INFO - 转换第 8/12 个故事: Ask HN: What self-hosted apps ...
2026-09-18 16:04:03,701 - utils.http_utils - ERROR - 请求失败: https://news.ycombinator.com/item?id=49746527, 错误: 429 Client Error: Too Many Requests for url: https://news.ycombinator.com/item?id=49746527
2026-09-18 16:04:03,701 - scrapers.hackernews_scraper - ERROR - 获取故事详情失败: 49746527
2026-09-18 16:04:05,073 - utils.http_utils - ERROR - 请求失败: https://news.ycombinator.com/item?id=49746527, 错误: 429 Client Error: Too Many Requests for url: https://news.ycombinator.com/item?id=49746527
2026-09-18 16:04:05,073 - scrapers.hackernews_scraper - ERROR - 获取故事详情失败: 49746527
2026-09-18 16:04:05,073 - scrapers.hackernews_scraper - INFO - 故事 Ask HN: What self-hosted apps ... 转换完成，包含 0 条评论
2026-09-18 16:04:05,073 - scrapers.hackernews_scraper - INFO - 转换第 9/12 个故事: Ask HN: What Makes Tokens Expe...
2026-09-18 16:04:06,627 - utils.http_utils - ERROR - 请求失败: https://news.ycombinator.com/item?id=49743419, 错误: 429 Client Error: Too Many Requests for url: https://news.ycombinator.com/item?id=49743419
2026-09-18 16:04:06,628 - scrapers.hackernews_scraper - ERROR - 获取故事详情失败: 49743419
2026-09-18 16:04:09,546 - utils.http_utils - ERROR - 请求失败: https://news.ycombinator.com/item?id=49743419, 错误: 429 Client Error: Too Many Requests for url: https://news.ycombinator.com/item?id=49743419
2026-09-18 16:04:09,546 - scrapers.hackernews_scraper - ERROR - 获取故事详情失败: 49743419
2026-09-18 16:04:09,547 - scrapers.hackernews_scraper - INFO - 故事 Ask HN: What Makes Tokens Expe... 转换完成，包含 0 条评论
2026-09-18 16:04:09,547 - scrapers.hackernews_scraper - INFO - 转换第 10/12 个故事: Ask HN: What is the most caree...
2026-09-18 16:04:10,871 - scrapers.hackernews_scraper - INFO - 找到 20 条评论
2026-09-18 16:04:10,887 - scrapers.hackernews_scraper - INFO - 故事 Ask HN: What is the most caree... 转换完成，包含 20 条评论
2026-09-18 16:04:10,887 - scrapers.hackernews_scraper - INFO - 转换第 11/12 个故事: Ask HN: Why have we normalized...
2026-09-18 16:04:12,285 - utils.http_utils - ERROR - 请求失败: https://news.ycombinator.com/item?id=49750109, 错误: 429 Client Error: Too Many Requests for url: https://news.ycombinator.com/item?id=49750109
2026-09-18 16:04:12,285 - scrapers.hackernews_scraper - ERROR - 获取故事详情失败: 49750109
2026-09-18 16:04:13,542 - utils.http_utils - ERROR - 请求失败: https://news.ycombinator.com/item?id=49750109, 错误: 429 Client Error: Too Many Requests for url: https://news.ycombinator.com/item?id=49750109
2026-09-18 16:04:13,542 - scrapers.hackernews_scraper - ERROR - 获取故事详情失败: 49750109
2026-09-18 16:04:13,543 - scrapers.hackernews_scraper - INFO - 故事 Ask HN: Why have we normalized... 转换完成，包含 0 条评论
2026-09-18 16:04:13,543 - scrapers.hackernews_scraper - INFO - 转换第 12/12 个故事: Ask HN: How are you managing a...
2026-09-18 16:04:14,763 - utils.http_utils - ERROR - 请求失败: https://news.ycombinator.com/item?id=49698914, 错误: 429 Client Error: Too Many Requests for url: https://news.ycombinator.com/item?id=49698914
2026-09-18 16:04:14,763 - scrapers.hackernews_scraper - ERROR - 获取故事详情失败: 49698914
2026-09-18 16:04:16,262 - utils.http_utils - ERROR - 请求失败: https://news.ycombinator.com/item?id=49698914, 错误: 429 Client Error: Too Many Requests for url: https://news.ycombinator.com/item?id=49698914
2026-09-18 16:04:16,263 - scrapers.hackernews_scraper - ERROR - 获取故事详情失败: 49698914
2026-09-18 16:04:16,263 - scrapers.hackernews_scraper - INFO - 故事 Ask HN: How are you managing a... 转换完成，包含 0 条评论
2026-09-18 16:04:16,263 - scrapers.hackernews_scraper - INFO - 共转换 12 个故事为统一格式
2026-09-18 16:04:16,263 - scrapers.hackernews_scraper - INFO - 爬取完成，共获取 12 个Ask HN故事
2026-09-18 16:04:16,572 - utils.storage_utils - INFO - 已更新源索引: hackernews
2026-09-18 16:04:16,573 - utils.storage_utils - INFO - 数据已保存到 data/hackernews/week_2026-09-14.json
2026-09-18 16:04:16,574 - scrapers.base_scraper - INFO - 数据已保存到 data/hackernews/week_2026-09-14.json
2026-09-18 16:04:16,574 - scrapers.base_scraper - INFO - 成功爬取 Hacker News 的数据
2026-09-18 16:04:16,575 - __main__ - INFO - 完成: 1/3 个爬虫成功运行
2026-09-18 16:04:16,766 - __main__ - INFO - 归档所有源的旧数据
2026-09-18 16:04:16,766 - __main__ - INFO - 源 jandan 归档 无需归档
2026-09-18 16:04:16,766 - __main__ - INFO - 源 reddit 归档 无需归档
2026-09-18 16:04:16,766 - __main__ - INFO - 源 hackernews 归档 无需归档
